/home/relvixx/ros2_jazzy/install/my_first_pkg/lib/python3.12/site-packages/my_first_pkg/simple_node.py
/home/relvixx/ros2_jazzy/install/my_first_pkg/lib/python3.12/site-packages/my_first_pkg/subscriber_node.py
/home/relvixx/ros2_jazzy/install/my_first_pkg/lib/python3.12/site-packages/my_first_pkg/publisher_node.py
/home/relvixx/ros2_jazzy/install/my_first_pkg/lib/python3.12/site-packages/my_first_pkg/add_two_ints_server.py
/home/relvixx/ros2_jazzy/install/my_first_pkg/lib/python3.12/site-packages/my_first_pkg/__init__.py
/home/relvixx/ros2_jazzy/install/my_first_pkg/lib/python3.12/site-packages/my_first_pkg/add_two_ints_client.py
/home/relvixx/ros2_jazzy/install/my_first_pkg/lib/python3.12/site-packages/my_first_pkg/__pycache__/simple_node.cpython-312.pyc
/home/relvixx/ros2_jazzy/install/my_first_pkg/lib/python3.12/site-packages/my_first_pkg/__pycache__/subscriber_node.cpython-312.pyc
/home/relvixx/ros2_jazzy/install/my_first_pkg/lib/python3.12/site-packages/my_first_pkg/__pycache__/publisher_node.cpython-312.pyc
/home/relvixx/ros2_jazzy/install/my_first_pkg/lib/python3.12/site-packages/my_first_pkg/__pycache__/add_two_ints_server.cpython-312.pyc
/home/relvixx/ros2_jazzy/install/my_first_pkg/lib/python3.12/site-packages/my_first_pkg/__pycache__/__init__.cpython-312.pyc
/home/relvixx/ros2_jazzy/install/my_first_pkg/lib/python3.12/site-packages/my_first_pkg/__pycache__/add_two_ints_client.cpython-312.pyc
/home/relvixx/ros2_jazzy/install/my_first_pkg/share/ament_index/resource_index/packages/my_first_pkg
/home/relvixx/ros2_jazzy/install/my_first_pkg/share/my_first_pkg/package.xml
/home/relvixx/ros2_jazzy/install/my_first_pkg/lib/python3.12/site-packages/my_first_pkg-0.0.0-py3.12.egg-info/zip-safe
/home/relvixx/ros2_jazzy/install/my_first_pkg/lib/python3.12/site-packages/my_first_pkg-0.0.0-py3.12.egg-info/dependency_links.txt
/home/relvixx/ros2_jazzy/install/my_first_pkg/lib/python3.12/site-packages/my_first_pkg-0.0.0-py3.12.egg-info/SOURCES.txt
/home/relvixx/ros2_jazzy/install/my_first_pkg/lib/python3.12/site-packages/my_first_pkg-0.0.0-py3.12.egg-info/entry_points.txt
/home/relvixx/ros2_jazzy/install/my_first_pkg/lib/python3.12/site-packages/my_first_pkg-0.0.0-py3.12.egg-info/PKG-INFO
/home/relvixx/ros2_jazzy/install/my_first_pkg/lib/python3.12/site-packages/my_first_pkg-0.0.0-py3.12.egg-info/requires.txt
/home/relvixx/ros2_jazzy/install/my_first_pkg/lib/python3.12/site-packages/my_first_pkg-0.0.0-py3.12.egg-info/top_level.txt
/home/relvixx/ros2_jazzy/install/my_first_pkg/lib/my_first_pkg/add_two_ints_client
/home/relvixx/ros2_jazzy/install/my_first_pkg/lib/my_first_pkg/add_two_ints_server
/home/relvixx/ros2_jazzy/install/my_first_pkg/lib/my_first_pkg/publisher_node
/home/relvixx/ros2_jazzy/install/my_first_pkg/lib/my_first_pkg/simple_node
/home/relvixx/ros2_jazzy/install/my_first_pkg/lib/my_first_pkg/subscriber_node
