[0.018s] Invoking command in '/home/relvixx/ros2_jazzy/build/my_first_interfaces': CMAKE_PREFIX_PATH=${CMAKE_PREFIX_PATH}:/home/relvixx/ros2_jazzy/install/my_first_pkg:/opt/ros/jazzy DEBUGINFOD_URLS=https://debuginfod.ubuntu.com /usr/bin/cmake /home/relvixx/ros2_jazzy/src/my_first_interfaces -DAMENT_CMAKE_SYMLINK_INSTALL=1 -DCMAKE_INSTALL_PREFIX=/home/relvixx/ros2_jazzy/install/my_first_interfaces
[0.166s] -- The C compiler identification is GNU 13.3.0
[0.301s] -- The CXX compiler identification is GNU 13.3.0
[0.333s] -- Detecting C compiler ABI info
[0.519s] -- Detecting C compiler ABI info - done
[0.543s] -- Check for working C compiler: /usr/bin/cc - skipped
[0.544s] -- Detecting C compile features
[0.544s] -- Detecting C compile features - done
[0.563s] -- Detecting CXX compiler ABI info
[0.777s] -- Detecting CXX compiler ABI info - done
[0.794s] -- Check for working CXX compiler: /usr/bin/c++ - skipped
[0.794s] -- Detecting CXX compile features
[0.795s] -- Detecting CXX compile features - done
[0.801s] -- Found ament_cmake: 2.5.6 (/opt/ros/jazzy/share/ament_cmake/cmake)
[1.056s] -- Found Python3: /usr/bin/python3 (found version "3.12.3") found components: Interpreter 
[1.170s] -- Override CMake install command with custom implementation using symlinks instead of copying resources
[1.207s] -- Found rosidl_default_generators: 1.6.1 (/opt/ros/jazzy/share/rosidl_default_generators/cmake)
[1.212s] -- Using all available rosidl_typesupport_c: rosidl_typesupport_fastrtps_c;rosidl_typesupport_introspection_c
[1.254s] -- Using all available rosidl_typesupport_cpp: rosidl_typesupport_fastrtps_cpp;rosidl_typesupport_introspection_cpp
[1.288s] -- Found rosidl_adapter: 4.6.9 (/opt/ros/jazzy/share/rosidl_adapter/cmake)
[1.802s] -- Found ament_cmake_ros: 0.12.1 (/opt/ros/jazzy/share/ament_cmake_ros/cmake)
[2.161s] -- Using all available rosidl_typesupport_c: rosidl_typesupport_fastrtps_c;rosidl_typesupport_introspection_c
[2.639s] -- Using all available rosidl_typesupport_cpp: rosidl_typesupport_fastrtps_cpp;rosidl_typesupport_introspection_cpp
[2.641s] -- Found python_cmake_module: 0.11.1 (/opt/ros/jazzy/share/python_cmake_module/cmake)
[2.753s] -- Found PythonExtra: /usr/bin/python3  
[3.101s] -- Found Python3: /usr/bin/python3 (found version "3.12.3") found components: Interpreter Development NumPy Development.Module Development.Embed 
[3.157s] -- Found Python3: /usr/bin/python3 (found version "3.12.3") found components: Interpreter 
[3.160s] -- Found ament_lint_auto: 0.17.5 (/opt/ros/jazzy/share/ament_lint_auto/cmake)
[3.178s] -- Added test 'lint_cmake' to check CMake code style
[3.179s] -- Added test 'xmllint' to check XML markup files
[3.183s] -- Configuring done (3.1s)
[3.216s] -- Generating done (0.0s)
[3.226s] -- Build files have been written to: /home/relvixx/ros2_jazzy/build/my_first_interfaces
[3.236s] Invoked command in '/home/relvixx/ros2_jazzy/build/my_first_interfaces' returned '0': CMAKE_PREFIX_PATH=${CMAKE_PREFIX_PATH}:/home/relvixx/ros2_jazzy/install/my_first_pkg:/opt/ros/jazzy DEBUGINFOD_URLS=https://debuginfod.ubuntu.com /usr/bin/cmake /home/relvixx/ros2_jazzy/src/my_first_interfaces -DAMENT_CMAKE_SYMLINK_INSTALL=1 -DCMAKE_INSTALL_PREFIX=/home/relvixx/ros2_jazzy/install/my_first_interfaces
[3.237s] Invoking command in '/home/relvixx/ros2_jazzy/build/my_first_interfaces': CMAKE_PREFIX_PATH=${CMAKE_PREFIX_PATH}:/home/relvixx/ros2_jazzy/install/my_first_pkg:/opt/ros/jazzy DEBUGINFOD_URLS=https://debuginfod.ubuntu.com /usr/bin/cmake --build /home/relvixx/ros2_jazzy/build/my_first_interfaces -- -j12 -l12
[3.284s] [  2%] [34m[1mGenerating type hashes for ROS interfaces[0m
[3.284s] [  5%] [34m[1mGenerating Rust code for ROS interfaces[0m
[3.292s] [  5%] Built target ament_cmake_python_symlink_my_first_interfaces
[3.437s] [  5%] Built target my_first_interfaces__rosidl_generator_type_description
[3.447s] [  8%] [34m[1mGenerating C code for ROS interfaces[0m
[3.461s] [ 11%] [34m[1mGenerating C++ code for ROS interfaces[0m
[3.485s] running egg_info
[3.485s] creating my_first_interfaces.egg-info
[3.493s] [ 11%] Built target my_first_interfaces__rs
[3.502s] writing my_first_interfaces.egg-info/PKG-INFO
[3.503s] writing dependency_links to my_first_interfaces.egg-info/dependency_links.txt
[3.503s] writing top-level names to my_first_interfaces.egg-info/top_level.txt
[3.503s] writing manifest file 'my_first_interfaces.egg-info/SOURCES.txt'
[3.554s] reading manifest file 'my_first_interfaces.egg-info/SOURCES.txt'
[3.554s] writing manifest file 'my_first_interfaces.egg-info/SOURCES.txt'
[3.580s] [ 11%] Built target ament_cmake_python_build_my_first_interfaces_egg
[3.765s] [ 11%] Built target my_first_interfaces__cpp
[3.798s] [ 17%] [32mBuilding C object CMakeFiles/my_first_interfaces__rosidl_generator_c.dir/rosidl_generator_c/my_first_interfaces/action/detail/fibonacci__type_support.c.o[0m
[3.798s] [ 17%] [32mBuilding C object CMakeFiles/my_first_interfaces__rosidl_generator_c.dir/rosidl_generator_c/my_first_interfaces/action/detail/fibonacci__description.c.o[0m
[3.799s] [ 20%] [32mBuilding C object CMakeFiles/my_first_interfaces__rosidl_generator_c.dir/rosidl_generator_c/my_first_interfaces/action/detail/fibonacci__functions.c.o[0m
[3.918s] [ 22%] [32m[1mLinking C shared library libmy_first_interfaces__rosidl_generator_c.so[0m
[3.954s] [ 22%] Built target my_first_interfaces__rosidl_generator_c
[3.964s] [ 34%] [34m[1mGenerating C type support dispatch for ROS interfaces[0m
[3.964s] [ 34%] [34m[1mGenerating C introspection for ROS interfaces[0m
[3.964s] [ 34%] [34m[1mGenerating C type support for eProsima Fast-RTPS[0m
[3.964s] [ 34%] [34m[1mGenerating C++ introspection for ROS interfaces[0m
[3.964s] [ 37%] [34m[1mGenerating C++ type support dispatch for ROS interfaces[0m
[3.964s] [ 40%] [34m[1mGenerating C++ type support for eProsima Fast-RTPS[0m
[4.192s] [ 42%] [32mBuilding CXX object CMakeFiles/my_first_interfaces__rosidl_typesupport_cpp.dir/rosidl_typesupport_cpp/my_first_interfaces/action/fibonacci__type_support.cpp.o[0m
[4.200s] [ 45%] [32mBuilding CXX object CMakeFiles/my_first_interfaces__rosidl_typesupport_c.dir/rosidl_typesupport_c/my_first_interfaces/action/fibonacci__type_support.cpp.o[0m
[4.245s] [ 48%] [32mBuilding CXX object CMakeFiles/my_first_interfaces__rosidl_typesupport_introspection_cpp.dir/rosidl_typesupport_introspection_cpp/my_first_interfaces/action/detail/fibonacci__type_support.cpp.o[0m
[4.253s] [ 51%] [32m[1mLinking CXX shared library libmy_first_interfaces__rosidl_typesupport_c.so[0m
[4.262s] [ 54%] [32mBuilding C object CMakeFiles/my_first_interfaces__rosidl_typesupport_introspection_c.dir/rosidl_typesupport_introspection_c/my_first_interfaces/action/detail/fibonacci__type_support.c.o[0m
[4.293s] [ 54%] Built target my_first_interfaces__rosidl_typesupport_c
[4.327s] [ 57%] [32m[1mLinking C shared library libmy_first_interfaces__rosidl_typesupport_introspection_c.so[0m
[4.345s] [ 60%] [32mBuilding CXX object CMakeFiles/my_first_interfaces__rosidl_typesupport_fastrtps_cpp.dir/rosidl_typesupport_fastrtps_cpp/my_first_interfaces/action/detail/dds_fastrtps/fibonacci__type_support.cpp.o[0m
[4.359s] [ 60%] Built target my_first_interfaces__rosidl_typesupport_introspection_c
[4.375s] [ 62%] [32mBuilding CXX object CMakeFiles/my_first_interfaces__rosidl_typesupport_fastrtps_c.dir/rosidl_typesupport_fastrtps_c/my_first_interfaces/action/detail/fibonacci__type_support_c.cpp.o[0m
[4.784s] [ 65%] [32m[1mLinking CXX shared library libmy_first_interfaces__rosidl_typesupport_cpp.so[0m
[4.853s] [ 68%] [32m[1mLinking CXX shared library libmy_first_interfaces__rosidl_typesupport_fastrtps_c.so[0m
[4.869s] [ 68%] Built target my_first_interfaces__rosidl_typesupport_cpp
[4.900s] [ 68%] Built target my_first_interfaces__rosidl_typesupport_fastrtps_c
[4.915s] [ 71%] [32m[1mLinking CXX shared library libmy_first_interfaces__rosidl_typesupport_introspection_cpp.so[0m
[4.990s] [ 71%] Built target my_first_interfaces__rosidl_typesupport_introspection_cpp
[5.184s] [ 74%] [32m[1mLinking CXX shared library libmy_first_interfaces__rosidl_typesupport_fastrtps_cpp.so[0m
[5.256s] [ 74%] Built target my_first_interfaces__rosidl_typesupport_fastrtps_cpp
[5.276s] [ 74%] Built target my_first_interfaces
[5.295s] [ 77%] [34m[1mGenerating Python code for ROS interfaces[0m
[5.749s] [ 77%] Built target my_first_interfaces__py
[5.769s] [ 80%] [32mBuilding C object CMakeFiles/my_first_interfaces__rosidl_generator_py.dir/rosidl_generator_py/my_first_interfaces/action/_fibonacci_s.c.o[0m
[5.932s] [ 82%] [32m[1mLinking C shared library libmy_first_interfaces__rosidl_generator_py.so[0m
[5.974s] [ 82%] Built target my_first_interfaces__rosidl_generator_py
[5.993s] [ 91%] [32mBuilding C object CMakeFiles/my_first_interfaces_s__rosidl_typesupport_introspection_c.dir/rosidl_generator_py/my_first_interfaces/_my_first_interfaces_s.ep.rosidl_typesupport_introspection_c.c.o[0m
[5.993s] [ 91%] [32mBuilding C object CMakeFiles/my_first_interfaces_s__rosidl_typesupport_fastrtps_c.dir/rosidl_generator_py/my_first_interfaces/_my_first_interfaces_s.ep.rosidl_typesupport_fastrtps_c.c.o[0m
[5.993s] [ 91%] [32mBuilding C object CMakeFiles/my_first_interfaces_s__rosidl_typesupport_c.dir/rosidl_generator_py/my_first_interfaces/_my_first_interfaces_s.ep.rosidl_typesupport_c.c.o[0m
[6.095s] [ 97%] [32m[1mLinking C shared module rosidl_generator_py/my_first_interfaces/my_first_interfaces_s__rosidl_typesupport_c.so[0m
[6.095s] [ 97%] [32m[1mLinking C shared module rosidl_generator_py/my_first_interfaces/my_first_interfaces_s__rosidl_typesupport_introspection_c.so[0m
[6.099s] [100%] [32m[1mLinking C shared module rosidl_generator_py/my_first_interfaces/my_first_interfaces_s__rosidl_typesupport_fastrtps_c.so[0m
[6.126s] [100%] Built target my_first_interfaces_s__rosidl_typesupport_c
[6.126s] [100%] Built target my_first_interfaces_s__rosidl_typesupport_introspection_c
[6.133s] [100%] Built target my_first_interfaces_s__rosidl_typesupport_fastrtps_c
[6.145s] Invoked command in '/home/relvixx/ros2_jazzy/build/my_first_interfaces' returned '0': CMAKE_PREFIX_PATH=${CMAKE_PREFIX_PATH}:/home/relvixx/ros2_jazzy/install/my_first_pkg:/opt/ros/jazzy DEBUGINFOD_URLS=https://debuginfod.ubuntu.com /usr/bin/cmake --build /home/relvixx/ros2_jazzy/build/my_first_interfaces -- -j12 -l12
[6.155s] Invoking command in '/home/relvixx/ros2_jazzy/build/my_first_interfaces': CMAKE_PREFIX_PATH=${CMAKE_PREFIX_PATH}:/home/relvixx/ros2_jazzy/install/my_first_pkg:/opt/ros/jazzy DEBUGINFOD_URLS=https://debuginfod.ubuntu.com /usr/bin/cmake --install /home/relvixx/ros2_jazzy/build/my_first_interfaces
[6.163s] -- Install configuration: ""
[6.164s] -- Execute custom install script
[6.165s] -- Symlinking: /home/relvixx/ros2_jazzy/install/my_first_interfaces/share/ament_index/resource_index/rosidl_interfaces/my_first_interfaces
[6.173s] -- Symlinking: /home/relvixx/ros2_jazzy/install/my_first_interfaces/share/my_first_interfaces/action/Fibonacci.json
[6.182s] -- Symlinking: /home/relvixx/ros2_jazzy/install/my_first_interfaces/include/my_first_interfaces/my_first_interfaces/action/detail/fibonacci__functions.h
[6.191s] -- Symlinking: /home/relvixx/ros2_jazzy/install/my_first_interfaces/include/my_first_interfaces/my_first_interfaces/action/detail/fibonacci__struct.h
[6.200s] -- Symlinking: /home/relvixx/ros2_jazzy/install/my_first_interfaces/include/my_first_interfaces/my_first_interfaces/action/detail/fibonacci__type_support.h
[6.208s] -- Symlinking: /home/relvixx/ros2_jazzy/install/my_first_interfaces/include/my_first_interfaces/my_first_interfaces/action/fibonacci.h
[6.217s] -- Symlinking: /home/relvixx/ros2_jazzy/install/my_first_interfaces/include/my_first_interfaces/my_first_interfaces/msg/rosidl_generator_c__visibility_control.h
[6.227s] -- Symlinking: /home/relvixx/ros2_jazzy/install/my_first_interfaces/share/my_first_interfaces/environment/library_path.sh
[6.236s] -- Symlinking: /home/relvixx/ros2_jazzy/install/my_first_interfaces/share/my_first_interfaces/environment/library_path.dsv
[6.245s] -- Symlinking: /home/relvixx/ros2_jazzy/install/my_first_interfaces/include/my_first_interfaces/my_first_interfaces/action/detail/fibonacci__rosidl_typesupport_fastrtps_c.h
[6.253s] -- Symlinking: /home/relvixx/ros2_jazzy/install/my_first_interfaces/include/my_first_interfaces/my_first_interfaces/msg/rosidl_typesupport_fastrtps_c__visibility_control.h
[6.262s] -- Symlinking: /home/relvixx/ros2_jazzy/install/my_first_interfaces/include/my_first_interfaces/my_first_interfaces/action/detail/fibonacci__rosidl_typesupport_introspection_c.h
[6.270s] -- Symlinking: /home/relvixx/ros2_jazzy/install/my_first_interfaces/include/my_first_interfaces/my_first_interfaces/msg/rosidl_typesupport_introspection_c__visibility_control.h
[6.279s] -- Symlinking: /home/relvixx/ros2_jazzy/install/my_first_interfaces/include/my_first_interfaces/my_first_interfaces/action/detail/fibonacci__builder.hpp
[6.287s] -- Symlinking: /home/relvixx/ros2_jazzy/install/my_first_interfaces/include/my_first_interfaces/my_first_interfaces/action/detail/fibonacci__struct.hpp
[6.295s] -- Symlinking: /home/relvixx/ros2_jazzy/install/my_first_interfaces/include/my_first_interfaces/my_first_interfaces/action/detail/fibonacci__traits.hpp
[6.303s] -- Symlinking: /home/relvixx/ros2_jazzy/install/my_first_interfaces/include/my_first_interfaces/my_first_interfaces/action/detail/fibonacci__type_support.hpp
[6.311s] -- Symlinking: /home/relvixx/ros2_jazzy/install/my_first_interfaces/include/my_first_interfaces/my_first_interfaces/action/fibonacci.hpp
[6.319s] -- Symlinking: /home/relvixx/ros2_jazzy/install/my_first_interfaces/include/my_first_interfaces/my_first_interfaces/msg/rosidl_generator_cpp__visibility_control.hpp
[6.328s] -- Symlinking: /home/relvixx/ros2_jazzy/install/my_first_interfaces/include/my_first_interfaces/my_first_interfaces/action/detail/fibonacci__rosidl_typesupport_fastrtps_cpp.hpp
[6.336s] -- Symlinking: /home/relvixx/ros2_jazzy/install/my_first_interfaces/include/my_first_interfaces/my_first_interfaces/msg/rosidl_typesupport_fastrtps_cpp__visibility_control.h
[6.344s] -- Symlinking: /home/relvixx/ros2_jazzy/install/my_first_interfaces/include/my_first_interfaces/my_first_interfaces/action/detail/fibonacci__rosidl_typesupport_introspection_cpp.hpp
[6.352s] -- Symlinking: /home/relvixx/ros2_jazzy/install/my_first_interfaces/share/my_first_interfaces/environment/pythonpath.sh
[6.361s] -- Symlinking: /home/relvixx/ros2_jazzy/install/my_first_interfaces/share/my_first_interfaces/environment/pythonpath.dsv
[6.369s] -- Symlinking: /home/relvixx/ros2_jazzy/install/my_first_interfaces/lib/python3.12/site-packages/my_first_interfaces-0.0.0-py3.12.egg-info/PKG-INFO
[6.378s] -- Symlinking: /home/relvixx/ros2_jazzy/install/my_first_interfaces/lib/python3.12/site-packages/my_first_interfaces-0.0.0-py3.12.egg-info/SOURCES.txt
[6.387s] -- Symlinking: /home/relvixx/ros2_jazzy/install/my_first_interfaces/lib/python3.12/site-packages/my_first_interfaces-0.0.0-py3.12.egg-info/dependency_links.txt
[6.396s] -- Symlinking: /home/relvixx/ros2_jazzy/install/my_first_interfaces/lib/python3.12/site-packages/my_first_interfaces-0.0.0-py3.12.egg-info/top_level.txt
[6.404s] -- Symlinking: /home/relvixx/ros2_jazzy/install/my_first_interfaces/lib/python3.12/site-packages/my_first_interfaces/__init__.py
[6.412s] -- Symlinking: /home/relvixx/ros2_jazzy/install/my_first_interfaces/lib/python3.12/site-packages/my_first_interfaces/_my_first_interfaces_s.ep.rosidl_typesupport_c.c
[6.421s] -- Symlinking: /home/relvixx/ros2_jazzy/install/my_first_interfaces/lib/python3.12/site-packages/my_first_interfaces/_my_first_interfaces_s.ep.rosidl_typesupport_fastrtps_c.c
[6.429s] -- Symlinking: /home/relvixx/ros2_jazzy/install/my_first_interfaces/lib/python3.12/site-packages/my_first_interfaces/_my_first_interfaces_s.ep.rosidl_typesupport_introspection_c.c
[6.438s] -- Symlinking: /home/relvixx/ros2_jazzy/install/my_first_interfaces/lib/python3.12/site-packages/my_first_interfaces/action/__init__.py
[6.447s] -- Symlinking: /home/relvixx/ros2_jazzy/install/my_first_interfaces/lib/python3.12/site-packages/my_first_interfaces/action/_fibonacci.py
[6.455s] -- Symlinking: /home/relvixx/ros2_jazzy/install/my_first_interfaces/lib/python3.12/site-packages/my_first_interfaces/action/_fibonacci_s.c
[6.464s] -- Symlinking: /home/relvixx/ros2_jazzy/install/my_first_interfaces/lib/python3.12/site-packages/my_first_interfaces/my_first_interfaces_s__rosidl_typesupport_c.so
[6.472s] -- Symlinking: /home/relvixx/ros2_jazzy/install/my_first_interfaces/lib/python3.12/site-packages/my_first_interfaces/my_first_interfaces_s__rosidl_typesupport_fastrtps_c.so
[6.479s] -- Symlinking: /home/relvixx/ros2_jazzy/install/my_first_interfaces/lib/python3.12/site-packages/my_first_interfaces/my_first_interfaces_s__rosidl_typesupport_introspection_c.so
[6.488s] -- Up-to-date symlink: /home/relvixx/ros2_jazzy/install/my_first_interfaces/lib/python3.12/site-packages/my_first_interfaces/my_first_interfaces_s__rosidl_typesupport_fastrtps_c.so
[6.488s] -- Up-to-date symlink: /home/relvixx/ros2_jazzy/install/my_first_interfaces/lib/python3.12/site-packages/my_first_interfaces/my_first_interfaces_s__rosidl_typesupport_introspection_c.so
[6.489s] -- Up-to-date symlink: /home/relvixx/ros2_jazzy/install/my_first_interfaces/lib/python3.12/site-packages/my_first_interfaces/my_first_interfaces_s__rosidl_typesupport_c.so
[6.489s] -- Symlinking: /home/relvixx/ros2_jazzy/install/my_first_interfaces/share/ament_index/resource_index/rust_packages/my_first_interfaces
[6.497s] -- Symlinking: /home/relvixx/ros2_jazzy/install/my_first_interfaces/share/my_first_interfaces/rust/Cargo.toml
[6.505s] -- Symlinking: /home/relvixx/ros2_jazzy/install/my_first_interfaces/share/my_first_interfaces/rust/build.rs
[6.514s] -- Symlinking: /home/relvixx/ros2_jazzy/install/my_first_interfaces/share/my_first_interfaces/rust/src/action.rs
[6.522s] -- Symlinking: /home/relvixx/ros2_jazzy/install/my_first_interfaces/share/my_first_interfaces/rust/src/action/rmw.rs
[6.530s] -- Symlinking: /home/relvixx/ros2_jazzy/install/my_first_interfaces/share/my_first_interfaces/rust/src/lib.rs
[6.538s] -- Symlinking: /home/relvixx/ros2_jazzy/install/my_first_interfaces/share/my_first_interfaces/action/Fibonacci.idl
[6.547s] -- Symlinking: /home/relvixx/ros2_jazzy/install/my_first_interfaces/share/my_first_interfaces/action/Fibonacci.action
[6.556s] -- Symlinking: /home/relvixx/ros2_jazzy/install/my_first_interfaces/share/ament_index/resource_index/package_run_dependencies/my_first_interfaces
[6.564s] -- Symlinking: /home/relvixx/ros2_jazzy/install/my_first_interfaces/share/ament_index/resource_index/parent_prefix_path/my_first_interfaces
[6.572s] -- Symlinking: /home/relvixx/ros2_jazzy/install/my_first_interfaces/share/my_first_interfaces/environment/ament_prefix_path.sh
[6.580s] -- Symlinking: /home/relvixx/ros2_jazzy/install/my_first_interfaces/share/my_first_interfaces/environment/ament_prefix_path.dsv
[6.590s] -- Symlinking: /home/relvixx/ros2_jazzy/install/my_first_interfaces/share/my_first_interfaces/environment/path.sh
[6.598s] -- Symlinking: /home/relvixx/ros2_jazzy/install/my_first_interfaces/share/my_first_interfaces/environment/path.dsv
[6.606s] -- Symlinking: /home/relvixx/ros2_jazzy/install/my_first_interfaces/share/my_first_interfaces/local_setup.bash
[6.615s] -- Symlinking: /home/relvixx/ros2_jazzy/install/my_first_interfaces/share/my_first_interfaces/local_setup.sh
[6.623s] -- Symlinking: /home/relvixx/ros2_jazzy/install/my_first_interfaces/share/my_first_interfaces/local_setup.zsh
[6.631s] -- Symlinking: /home/relvixx/ros2_jazzy/install/my_first_interfaces/share/my_first_interfaces/local_setup.dsv
[6.641s] -- Symlinking: /home/relvixx/ros2_jazzy/install/my_first_interfaces/share/my_first_interfaces/package.dsv
[6.650s] -- Symlinking: /home/relvixx/ros2_jazzy/install/my_first_interfaces/share/ament_index/resource_index/packages/my_first_interfaces
[6.659s] -- Symlinking: /home/relvixx/ros2_jazzy/install/my_first_interfaces/share/my_first_interfaces/cmake/rosidl_cmake-extras.cmake
[6.667s] -- Symlinking: /home/relvixx/ros2_jazzy/install/my_first_interfaces/share/my_first_interfaces/cmake/ament_cmake_export_dependencies-extras.cmake
[6.677s] -- Symlinking: /home/relvixx/ros2_jazzy/install/my_first_interfaces/share/my_first_interfaces/cmake/ament_cmake_export_include_directories-extras.cmake
[6.686s] -- Symlinking: /home/relvixx/ros2_jazzy/install/my_first_interfaces/share/my_first_interfaces/cmake/ament_cmake_export_libraries-extras.cmake
[6.694s] -- Symlinking: /home/relvixx/ros2_jazzy/install/my_first_interfaces/share/my_first_interfaces/cmake/ament_cmake_export_targets-extras.cmake
[6.704s] -- Symlinking: /home/relvixx/ros2_jazzy/install/my_first_interfaces/share/my_first_interfaces/cmake/rosidl_cmake_export_typesupport_targets-extras.cmake
[6.713s] -- Symlinking: /home/relvixx/ros2_jazzy/install/my_first_interfaces/share/my_first_interfaces/cmake/rosidl_cmake_export_typesupport_libraries-extras.cmake
[6.722s] -- Symlinking: /home/relvixx/ros2_jazzy/install/my_first_interfaces/share/my_first_interfaces/cmake/rosidl_cmake_aggregate_target-extras.cmake
[6.731s] -- Symlinking: /home/relvixx/ros2_jazzy/install/my_first_interfaces/share/my_first_interfaces/cmake/my_first_interfacesConfig.cmake
[6.739s] -- Symlinking: /home/relvixx/ros2_jazzy/install/my_first_interfaces/share/my_first_interfaces/cmake/my_first_interfacesConfig-version.cmake
[6.748s] -- Symlinking: /home/relvixx/ros2_jazzy/install/my_first_interfaces/share/my_first_interfaces/package.xml
[6.756s] -- Installing: /home/relvixx/ros2_jazzy/install/my_first_interfaces/lib/libmy_first_interfaces__rosidl_generator_c.so
[6.757s] -- Set non-toolchain portion of runtime path of "/home/relvixx/ros2_jazzy/install/my_first_interfaces/lib/libmy_first_interfaces__rosidl_generator_c.so" to ""
[6.757s] -- Installing: /home/relvixx/ros2_jazzy/install/my_first_interfaces/lib/libmy_first_interfaces__rosidl_typesupport_fastrtps_c.so
[6.757s] -- Set non-toolchain portion of runtime path of "/home/relvixx/ros2_jazzy/install/my_first_interfaces/lib/libmy_first_interfaces__rosidl_typesupport_fastrtps_c.so" to ""
[6.757s] -- Installing: /home/relvixx/ros2_jazzy/install/my_first_interfaces/lib/libmy_first_interfaces__rosidl_typesupport_introspection_c.so
[6.758s] -- Set non-toolchain portion of runtime path of "/home/relvixx/ros2_jazzy/install/my_first_interfaces/lib/libmy_first_interfaces__rosidl_typesupport_introspection_c.so" to ""
[6.758s] -- Installing: /home/relvixx/ros2_jazzy/install/my_first_interfaces/lib/libmy_first_interfaces__rosidl_typesupport_c.so
[6.758s] -- Set non-toolchain portion of runtime path of "/home/relvixx/ros2_jazzy/install/my_first_interfaces/lib/libmy_first_interfaces__rosidl_typesupport_c.so" to ""
[6.758s] -- Installing: /home/relvixx/ros2_jazzy/install/my_first_interfaces/lib/libmy_first_interfaces__rosidl_typesupport_fastrtps_cpp.so
[6.759s] -- Set non-toolchain portion of runtime path of "/home/relvixx/ros2_jazzy/install/my_first_interfaces/lib/libmy_first_interfaces__rosidl_typesupport_fastrtps_cpp.so" to ""
[6.759s] -- Installing: /home/relvixx/ros2_jazzy/install/my_first_interfaces/lib/libmy_first_interfaces__rosidl_typesupport_introspection_cpp.so
[6.760s] -- Set non-toolchain portion of runtime path of "/home/relvixx/ros2_jazzy/install/my_first_interfaces/lib/libmy_first_interfaces__rosidl_typesupport_introspection_cpp.so" to ""
[6.760s] -- Installing: /home/relvixx/ros2_jazzy/install/my_first_interfaces/lib/libmy_first_interfaces__rosidl_typesupport_cpp.so
[6.761s] -- Set non-toolchain portion of runtime path of "/home/relvixx/ros2_jazzy/install/my_first_interfaces/lib/libmy_first_interfaces__rosidl_typesupport_cpp.so" to ""
[6.797s] Listing '/home/relvixx/ros2_jazzy/install/my_first_interfaces/lib/python3.12/site-packages/my_first_interfaces'...
[6.797s] Compiling '/home/relvixx/ros2_jazzy/install/my_first_interfaces/lib/python3.12/site-packages/my_first_interfaces/__init__.py'...
[6.797s] Listing '/home/relvixx/ros2_jazzy/install/my_first_interfaces/lib/python3.12/site-packages/my_first_interfaces/action'...
[6.797s] Compiling '/home/relvixx/ros2_jazzy/install/my_first_interfaces/lib/python3.12/site-packages/my_first_interfaces/action/__init__.py'...
[6.797s] Compiling '/home/relvixx/ros2_jazzy/install/my_first_interfaces/lib/python3.12/site-packages/my_first_interfaces/action/_fibonacci.py'...
[6.802s] -- Installing: /home/relvixx/ros2_jazzy/install/my_first_interfaces/lib/libmy_first_interfaces__rosidl_generator_py.so
[6.803s] -- Set non-toolchain portion of runtime path of "/home/relvixx/ros2_jazzy/install/my_first_interfaces/lib/libmy_first_interfaces__rosidl_generator_py.so" to ""
[6.803s] -- Installing: /home/relvixx/ros2_jazzy/install/my_first_interfaces/share/my_first_interfaces/cmake/export_my_first_interfaces__rosidl_generator_cExport.cmake
[6.803s] -- Installing: /home/relvixx/ros2_jazzy/install/my_first_interfaces/share/my_first_interfaces/cmake/export_my_first_interfaces__rosidl_generator_cExport-noconfig.cmake
[6.803s] -- Installing: /home/relvixx/ros2_jazzy/install/my_first_interfaces/share/my_first_interfaces/cmake/export_my_first_interfaces__rosidl_typesupport_fastrtps_cExport.cmake
[6.803s] -- Installing: /home/relvixx/ros2_jazzy/install/my_first_interfaces/share/my_first_interfaces/cmake/export_my_first_interfaces__rosidl_typesupport_fastrtps_cExport-noconfig.cmake
[6.804s] -- Installing: /home/relvixx/ros2_jazzy/install/my_first_interfaces/share/my_first_interfaces/cmake/my_first_interfaces__rosidl_typesupport_introspection_cExport.cmake
[6.804s] -- Installing: /home/relvixx/ros2_jazzy/install/my_first_interfaces/share/my_first_interfaces/cmake/my_first_interfaces__rosidl_typesupport_introspection_cExport-noconfig.cmake
[6.804s] -- Installing: /home/relvixx/ros2_jazzy/install/my_first_interfaces/share/my_first_interfaces/cmake/my_first_interfaces__rosidl_typesupport_cExport.cmake
[6.804s] -- Installing: /home/relvixx/ros2_jazzy/install/my_first_interfaces/share/my_first_interfaces/cmake/my_first_interfaces__rosidl_typesupport_cExport-noconfig.cmake
[6.804s] -- Installing: /home/relvixx/ros2_jazzy/install/my_first_interfaces/share/my_first_interfaces/cmake/export_my_first_interfaces__rosidl_generator_cppExport.cmake
[6.804s] -- Installing: /home/relvixx/ros2_jazzy/install/my_first_interfaces/share/my_first_interfaces/cmake/export_my_first_interfaces__rosidl_typesupport_fastrtps_cppExport.cmake
[6.804s] -- Installing: /home/relvixx/ros2_jazzy/install/my_first_interfaces/share/my_first_interfaces/cmake/export_my_first_interfaces__rosidl_typesupport_fastrtps_cppExport-noconfig.cmake
[6.804s] -- Installing: /home/relvixx/ros2_jazzy/install/my_first_interfaces/share/my_first_interfaces/cmake/my_first_interfaces__rosidl_typesupport_introspection_cppExport.cmake
[6.805s] -- Installing: /home/relvixx/ros2_jazzy/install/my_first_interfaces/share/my_first_interfaces/cmake/my_first_interfaces__rosidl_typesupport_introspection_cppExport-noconfig.cmake
[6.805s] -- Installing: /home/relvixx/ros2_jazzy/install/my_first_interfaces/share/my_first_interfaces/cmake/my_first_interfaces__rosidl_typesupport_cppExport.cmake
[6.805s] -- Installing: /home/relvixx/ros2_jazzy/install/my_first_interfaces/share/my_first_interfaces/cmake/my_first_interfaces__rosidl_typesupport_cppExport-noconfig.cmake
[6.805s] -- Installing: /home/relvixx/ros2_jazzy/install/my_first_interfaces/share/my_first_interfaces/cmake/export_my_first_interfaces__rosidl_generator_pyExport.cmake
[6.805s] -- Installing: /home/relvixx/ros2_jazzy/install/my_first_interfaces/share/my_first_interfaces/cmake/export_my_first_interfaces__rosidl_generator_pyExport-noconfig.cmake
[6.808s] Invoked command in '/home/relvixx/ros2_jazzy/build/my_first_interfaces' returned '0': CMAKE_PREFIX_PATH=${CMAKE_PREFIX_PATH}:/home/relvixx/ros2_jazzy/install/my_first_pkg:/opt/ros/jazzy DEBUGINFOD_URLS=https://debuginfod.ubuntu.com /usr/bin/cmake --install /home/relvixx/ros2_jazzy/build/my_first_interfaces
