running egg_info
writing ../../build/my_first_pkg/my_first_pkg.egg-info/PKG-INFO
writing dependency_links to ../../build/my_first_pkg/my_first_pkg.egg-info/dependency_links.txt
writing entry points to ../../build/my_first_pkg/my_first_pkg.egg-info/entry_points.txt
writing requirements to ../../build/my_first_pkg/my_first_pkg.egg-info/requires.txt
writing top-level names to ../../build/my_first_pkg/my_first_pkg.egg-info/top_level.txt
reading manifest file '../../build/my_first_pkg/my_first_pkg.egg-info/SOURCES.txt'
writing manifest file '../../build/my_first_pkg/my_first_pkg.egg-info/SOURCES.txt'
running build
running build_py
copying my_first_pkg/fibonacci_action_client.py -> /home/relvixx/ros2_jazzy/build/my_first_pkg/build/lib/my_first_pkg
running install
running install_lib
copying /home/relvixx/ros2_jazzy/build/my_first_pkg/build/lib/my_first_pkg/fibonacci_action_client.py -> /home/relvixx/ros2_jazzy/install/my_first_pkg/lib/python3.12/site-packages/my_first_pkg
byte-compiling /home/relvixx/ros2_jazzy/install/my_first_pkg/lib/python3.12/site-packages/my_first_pkg/fibonacci_action_client.py to fibonacci_action_client.cpython-312.pyc
running install_data
running install_egg_info
removing '/home/relvixx/ros2_jazzy/install/my_first_pkg/lib/python3.12/site-packages/my_first_pkg-0.0.0-py3.12.egg-info' (and everything under it)
Copying ../../build/my_first_pkg/my_first_pkg.egg-info to /home/relvixx/ros2_jazzy/install/my_first_pkg/lib/python3.12/site-packages/my_first_pkg-0.0.0-py3.12.egg-info
running install_scripts
Installing add_two_ints_client script to /home/relvixx/ros2_jazzy/install/my_first_pkg/lib/my_first_pkg
Installing add_two_ints_server script to /home/relvixx/ros2_jazzy/install/my_first_pkg/lib/my_first_pkg
Installing fibonacci_action_client script to /home/relvixx/ros2_jazzy/install/my_first_pkg/lib/my_first_pkg
Installing fibonacci_action_server script to /home/relvixx/ros2_jazzy/install/my_first_pkg/lib/my_first_pkg
Installing publisher_node script to /home/relvixx/ros2_jazzy/install/my_first_pkg/lib/my_first_pkg
Installing simple_node script to /home/relvixx/ros2_jazzy/install/my_first_pkg/lib/my_first_pkg
Installing subscriber_node script to /home/relvixx/ros2_jazzy/install/my_first_pkg/lib/my_first_pkg
writing list of installed files to '/home/relvixx/ros2_jazzy/build/my_first_pkg/install.log'
