[0.173s] DEBUG:colcon:Command line arguments: ['/usr/bin/colcon', 'build']
[0.173s] DEBUG:colcon:Parsed command line arguments: Namespace(log_base=None, log_level=None, verb_name='build', build_base='build', install_base='install', merge_install=False, symlink_install=False, test_result_base=None, continue_on_error=False, executor='parallel', parallel_workers=12, event_handlers=None, ignore_user_meta=False, metas=['./colcon.meta'], base_paths=['.'], packages_ignore=None, packages_ignore_regex=None, paths=None, packages_up_to=None, packages_up_to_regex=None, packages_above=None, packages_above_and_dependencies=None, packages_above_depth=None, packages_select_by_dep=None, packages_skip_by_dep=None, packages_skip_up_to=None, packages_select_build_failed=False, packages_skip_build_finished=False, packages_select_test_failures=False, packages_skip_test_passed=False, packages_select=None, packages_skip=None, packages_select_regex=None, packages_skip_regex=None, packages_start=None, packages_end=None, allow_overriding=[], cmake_args=None, cmake_target=None, cmake_target_skip_unavailable=False, cmake_clean_cache=False, cmake_clean_first=False, cmake_force_configure=False, ament_cmake_args=None, catkin_cmake_args=None, catkin_skip_building_tests=False, mixin_files=None, mixin=None, verb_parser=<colcon_mixin.mixin.mixin_argument.MixinArgumentDecorator object at 0x71159119c5c0>, verb_extension=<colcon_core.verb.build.BuildVerb object at 0x71159119c230>, main=<bound method BuildVerb.main of <colcon_core.verb.build.BuildVerb object at 0x71159119c230>>, mixin_verb=('build',))
[0.237s] Level 1:colcon.colcon_core.package_discovery:discover_packages(colcon_meta) check parameters
[0.237s] Level 1:colcon.colcon_core.package_discovery:discover_packages(recursive) check parameters
[0.238s] Level 1:colcon.colcon_core.package_discovery:discover_packages(ignore) check parameters
[0.238s] Level 1:colcon.colcon_core.package_discovery:discover_packages(path) check parameters
[0.238s] Level 1:colcon.colcon_core.package_discovery:discover_packages(colcon_meta) discover
[0.238s] Level 1:colcon.colcon_core.package_discovery:discover_packages(recursive) discover
[0.238s] INFO:colcon.colcon_core.package_discovery:Crawling recursively for packages in '/home/relvixx/ros2_jazzy'
[0.238s] Level 1:colcon.colcon_core.package_identification:_identify(.) by extensions ['ignore', 'ignore_ament_install']
[0.238s] Level 1:colcon.colcon_core.package_identification:_identify(.) by extension 'ignore'
[0.238s] Level 1:colcon.colcon_core.package_identification:_identify(.) by extension 'ignore_ament_install'
[0.238s] Level 1:colcon.colcon_core.package_identification:_identify(.) by extensions ['colcon_pkg']
[0.238s] Level 1:colcon.colcon_core.package_identification:_identify(.) by extension 'colcon_pkg'
[0.239s] Level 1:colcon.colcon_core.package_identification:_identify(.) by extensions ['colcon_meta']
[0.239s] Level 1:colcon.colcon_core.package_identification:_identify(.) by extension 'colcon_meta'
[0.239s] Level 1:colcon.colcon_core.package_identification:_identify(.) by extensions ['ros']
[0.239s] Level 1:colcon.colcon_core.package_identification:_identify(.) by extension 'ros'
[0.280s] Level 1:colcon.colcon_core.package_identification:_identify(.) by extensions ['cmake', 'python']
[0.280s] Level 1:colcon.colcon_core.package_identification:_identify(.) by extension 'cmake'
[0.280s] Level 1:colcon.colcon_core.package_identification:_identify(.) by extension 'python'
[0.280s] Level 1:colcon.colcon_core.package_identification:_identify(.) by extensions ['python_setup_py']
[0.280s] Level 1:colcon.colcon_core.package_identification:_identify(.) by extension 'python_setup_py'
[0.280s] Level 1:colcon.colcon_core.package_identification:_identify(build) by extensions ['ignore', 'ignore_ament_install']
[0.280s] Level 1:colcon.colcon_core.package_identification:_identify(build) by extension 'ignore'
[0.280s] Level 1:colcon.colcon_core.package_identification:_identify(build) ignored
[0.281s] Level 1:colcon.colcon_core.package_identification:_identify(install) by extensions ['ignore', 'ignore_ament_install']
[0.281s] Level 1:colcon.colcon_core.package_identification:_identify(install) by extension 'ignore'
[0.281s] Level 1:colcon.colcon_core.package_identification:_identify(install) ignored
[0.281s] Level 1:colcon.colcon_core.package_identification:_identify(learning material) by extensions ['ignore', 'ignore_ament_install']
[0.281s] Level 1:colcon.colcon_core.package_identification:_identify(learning material) by extension 'ignore'
[0.281s] Level 1:colcon.colcon_core.package_identification:_identify(learning material) by extension 'ignore_ament_install'
[0.281s] Level 1:colcon.colcon_core.package_identification:_identify(learning material) by extensions ['colcon_pkg']
[0.281s] Level 1:colcon.colcon_core.package_identification:_identify(learning material) by extension 'colcon_pkg'
[0.282s] Level 1:colcon.colcon_core.package_identification:_identify(learning material) by extensions ['colcon_meta']
[0.282s] Level 1:colcon.colcon_core.package_identification:_identify(learning material) by extension 'colcon_meta'
[0.282s] Level 1:colcon.colcon_core.package_identification:_identify(learning material) by extensions ['ros']
[0.282s] Level 1:colcon.colcon_core.package_identification:_identify(learning material) by extension 'ros'
[0.282s] Level 1:colcon.colcon_core.package_identification:_identify(learning material) by extensions ['cmake', 'python']
[0.282s] Level 1:colcon.colcon_core.package_identification:_identify(learning material) by extension 'cmake'
[0.282s] Level 1:colcon.colcon_core.package_identification:_identify(learning material) by extension 'python'
[0.282s] Level 1:colcon.colcon_core.package_identification:_identify(learning material) by extensions ['python_setup_py']
[0.282s] Level 1:colcon.colcon_core.package_identification:_identify(learning material) by extension 'python_setup_py'
[0.282s] Level 1:colcon.colcon_core.package_identification:_identify(log) by extensions ['ignore', 'ignore_ament_install']
[0.282s] Level 1:colcon.colcon_core.package_identification:_identify(log) by extension 'ignore'
[0.283s] Level 1:colcon.colcon_core.package_identification:_identify(log) ignored
[0.283s] Level 1:colcon.colcon_core.package_identification:_identify(src) by extensions ['ignore', 'ignore_ament_install']
[0.283s] Level 1:colcon.colcon_core.package_identification:_identify(src) by extension 'ignore'
[0.283s] Level 1:colcon.colcon_core.package_identification:_identify(src) by extension 'ignore_ament_install'
[0.283s] Level 1:colcon.colcon_core.package_identification:_identify(src) by extensions ['colcon_pkg']
[0.283s] Level 1:colcon.colcon_core.package_identification:_identify(src) by extension 'colcon_pkg'
[0.283s] Level 1:colcon.colcon_core.package_identification:_identify(src) by extensions ['colcon_meta']
[0.283s] Level 1:colcon.colcon_core.package_identification:_identify(src) by extension 'colcon_meta'
[0.283s] Level 1:colcon.colcon_core.package_identification:_identify(src) by extensions ['ros']
[0.283s] Level 1:colcon.colcon_core.package_identification:_identify(src) by extension 'ros'
[0.283s] Level 1:colcon.colcon_core.package_identification:_identify(src) by extensions ['cmake', 'python']
[0.283s] Level 1:colcon.colcon_core.package_identification:_identify(src) by extension 'cmake'
[0.284s] Level 1:colcon.colcon_core.package_identification:_identify(src) by extension 'python'
[0.284s] Level 1:colcon.colcon_core.package_identification:_identify(src) by extensions ['python_setup_py']
[0.284s] Level 1:colcon.colcon_core.package_identification:_identify(src) by extension 'python_setup_py'
[0.284s] Level 1:colcon.colcon_core.package_identification:_identify(src/build) by extensions ['ignore', 'ignore_ament_install']
[0.284s] Level 1:colcon.colcon_core.package_identification:_identify(src/build) by extension 'ignore'
[0.284s] Level 1:colcon.colcon_core.package_identification:_identify(src/build) ignored
[0.284s] Level 1:colcon.colcon_core.package_identification:_identify(src/install) by extensions ['ignore', 'ignore_ament_install']
[0.284s] Level 1:colcon.colcon_core.package_identification:_identify(src/install) by extension 'ignore'
[0.285s] Level 1:colcon.colcon_core.package_identification:_identify(src/install) ignored
[0.285s] Level 1:colcon.colcon_core.package_identification:_identify(src/log) by extensions ['ignore', 'ignore_ament_install']
[0.285s] Level 1:colcon.colcon_core.package_identification:_identify(src/log) by extension 'ignore'
[0.285s] Level 1:colcon.colcon_core.package_identification:_identify(src/log) ignored
[0.285s] Level 1:colcon.colcon_core.package_identification:_identify(src/my_first_interfaces) by extensions ['ignore', 'ignore_ament_install']
[0.285s] Level 1:colcon.colcon_core.package_identification:_identify(src/my_first_interfaces) by extension 'ignore'
[0.285s] Level 1:colcon.colcon_core.package_identification:_identify(src/my_first_interfaces) by extension 'ignore_ament_install'
[0.286s] Level 1:colcon.colcon_core.package_identification:_identify(src/my_first_interfaces) by extensions ['colcon_pkg']
[0.286s] Level 1:colcon.colcon_core.package_identification:_identify(src/my_first_interfaces) by extension 'colcon_pkg'
[0.286s] Level 1:colcon.colcon_core.package_identification:_identify(src/my_first_interfaces) by extensions ['colcon_meta']
[0.286s] Level 1:colcon.colcon_core.package_identification:_identify(src/my_first_interfaces) by extension 'colcon_meta'
[0.286s] Level 1:colcon.colcon_core.package_identification:_identify(src/my_first_interfaces) by extensions ['ros']
[0.286s] Level 1:colcon.colcon_core.package_identification:_identify(src/my_first_interfaces) by extension 'ros'
[0.290s] DEBUG:colcon.colcon_core.package_identification:Package 'src/my_first_interfaces' with type 'ros.ament_cmake' and name 'my_first_interfaces'
[0.290s] Level 1:colcon.colcon_core.package_identification:_identify(src/my_first_pkg) by extensions ['ignore', 'ignore_ament_install']
[0.290s] Level 1:colcon.colcon_core.package_identification:_identify(src/my_first_pkg) by extension 'ignore'
[0.290s] Level 1:colcon.colcon_core.package_identification:_identify(src/my_first_pkg) by extension 'ignore_ament_install'
[0.290s] Level 1:colcon.colcon_core.package_identification:_identify(src/my_first_pkg) by extensions ['colcon_pkg']
[0.290s] Level 1:colcon.colcon_core.package_identification:_identify(src/my_first_pkg) by extension 'colcon_pkg'
[0.290s] Level 1:colcon.colcon_core.package_identification:_identify(src/my_first_pkg) by extensions ['colcon_meta']
[0.290s] Level 1:colcon.colcon_core.package_identification:_identify(src/my_first_pkg) by extension 'colcon_meta'
[0.290s] Level 1:colcon.colcon_core.package_identification:_identify(src/my_first_pkg) by extensions ['ros']
[0.290s] Level 1:colcon.colcon_core.package_identification:_identify(src/my_first_pkg) by extension 'ros'
[0.291s] DEBUG:colcon.colcon_core.package_identification:Package 'src/my_first_pkg' with type 'ros.ament_python' and name 'my_first_pkg'
[0.291s] Level 1:colcon.colcon_core.package_discovery:discover_packages(recursive) using defaults
[0.292s] Level 1:colcon.colcon_core.package_discovery:discover_packages(ignore) discover
[0.292s] Level 1:colcon.colcon_core.package_discovery:discover_packages(ignore) using defaults
[0.292s] Level 1:colcon.colcon_core.package_discovery:discover_packages(path) discover
[0.292s] Level 1:colcon.colcon_core.package_discovery:discover_packages(path) using defaults
[0.324s] Level 1:colcon.colcon_core.package_discovery:discover_packages(prefix_path) check parameters
[0.324s] Level 1:colcon.colcon_core.package_discovery:discover_packages(prefix_path) discover
[0.328s] DEBUG:colcon.colcon_installed_package_information.package_discovery:Found 287 installed packages in /opt/ros/jazzy
[0.330s] Level 1:colcon.colcon_core.package_discovery:discover_packages(prefix_path) using defaults
[0.399s] Level 5:colcon.colcon_core.verb:set package 'my_first_interfaces' build argument 'cmake_args' from command line to 'None'
[0.399s] Level 5:colcon.colcon_core.verb:set package 'my_first_interfaces' build argument 'cmake_target' from command line to 'None'
[0.399s] Level 5:colcon.colcon_core.verb:set package 'my_first_interfaces' build argument 'cmake_target_skip_unavailable' from command line to 'False'
[0.399s] Level 5:colcon.colcon_core.verb:set package 'my_first_interfaces' build argument 'cmake_clean_cache' from command line to 'False'
[0.399s] Level 5:colcon.colcon_core.verb:set package 'my_first_interfaces' build argument 'cmake_clean_first' from command line to 'False'
[0.399s] Level 5:colcon.colcon_core.verb:set package 'my_first_interfaces' build argument 'cmake_force_configure' from command line to 'False'
[0.399s] Level 5:colcon.colcon_core.verb:set package 'my_first_interfaces' build argument 'ament_cmake_args' from command line to 'None'
[0.399s] Level 5:colcon.colcon_core.verb:set package 'my_first_interfaces' build argument 'catkin_cmake_args' from command line to 'None'
[0.399s] Level 5:colcon.colcon_core.verb:set package 'my_first_interfaces' build argument 'catkin_skip_building_tests' from command line to 'False'
[0.399s] DEBUG:colcon.colcon_core.verb:Building package 'my_first_interfaces' with the following arguments: {'ament_cmake_args': None, 'build_base': '/home/relvixx/ros2_jazzy/build/my_first_interfaces', 'catkin_cmake_args': None, 'catkin_skip_building_tests': False, 'cmake_args': None, 'cmake_clean_cache': False, 'cmake_clean_first': False, 'cmake_force_configure': False, 'cmake_target': None, 'cmake_target_skip_unavailable': False, 'install_base': '/home/relvixx/ros2_jazzy/install/my_first_interfaces', 'merge_install': False, 'path': '/home/relvixx/ros2_jazzy/src/my_first_interfaces', 'symlink_install': False, 'test_result_base': None}
[0.400s] Level 5:colcon.colcon_core.verb:set package 'my_first_pkg' build argument 'cmake_args' from command line to 'None'
[0.400s] Level 5:colcon.colcon_core.verb:set package 'my_first_pkg' build argument 'cmake_target' from command line to 'None'
[0.400s] Level 5:colcon.colcon_core.verb:set package 'my_first_pkg' build argument 'cmake_target_skip_unavailable' from command line to 'False'
[0.400s] Level 5:colcon.colcon_core.verb:set package 'my_first_pkg' build argument 'cmake_clean_cache' from command line to 'False'
[0.400s] Level 5:colcon.colcon_core.verb:set package 'my_first_pkg' build argument 'cmake_clean_first' from command line to 'False'
[0.400s] Level 5:colcon.colcon_core.verb:set package 'my_first_pkg' build argument 'cmake_force_configure' from command line to 'False'
[0.400s] Level 5:colcon.colcon_core.verb:set package 'my_first_pkg' build argument 'ament_cmake_args' from command line to 'None'
[0.400s] Level 5:colcon.colcon_core.verb:set package 'my_first_pkg' build argument 'catkin_cmake_args' from command line to 'None'
[0.400s] Level 5:colcon.colcon_core.verb:set package 'my_first_pkg' build argument 'catkin_skip_building_tests' from command line to 'False'
[0.400s] DEBUG:colcon.colcon_core.verb:Building package 'my_first_pkg' with the following arguments: {'ament_cmake_args': None, 'build_base': '/home/relvixx/ros2_jazzy/build/my_first_pkg', 'catkin_cmake_args': None, 'catkin_skip_building_tests': False, 'cmake_args': None, 'cmake_clean_cache': False, 'cmake_clean_first': False, 'cmake_force_configure': False, 'cmake_target': None, 'cmake_target_skip_unavailable': False, 'install_base': '/home/relvixx/ros2_jazzy/install/my_first_pkg', 'merge_install': False, 'path': '/home/relvixx/ros2_jazzy/src/my_first_pkg', 'symlink_install': False, 'test_result_base': None}
[0.400s] INFO:colcon.colcon_core.executor:Executing jobs using 'parallel' executor
[0.402s] DEBUG:colcon.colcon_parallel_executor.executor.parallel:run_until_complete
[0.402s] INFO:colcon.colcon_ros.task.ament_cmake.build:Building ROS package in '/home/relvixx/ros2_jazzy/src/my_first_interfaces' with build type 'ament_cmake'
[0.403s] INFO:colcon.colcon_cmake.task.cmake.build:Building CMake package in '/home/relvixx/ros2_jazzy/src/my_first_interfaces'
[0.407s] INFO:colcon.colcon_core.plugin_system:Skipping extension 'colcon_core.shell.bat': Not used on non-Windows systems
[0.407s] INFO:colcon.colcon_core.shell:Skip shell extension 'powershell' for command environment: Not usable outside of PowerShell
[0.407s] DEBUG:colcon.colcon_core.shell:Skip shell extension 'dsv' for command environment
[0.422s] DEBUG:colcon.colcon_core.event_handler.log_command:Invoking command in '/home/relvixx/ros2_jazzy/build/my_first_interfaces': CMAKE_PREFIX_PATH=${CMAKE_PREFIX_PATH}:/opt/ros/jazzy DEBUGINFOD_URLS=https://debuginfod.ubuntu.com /usr/bin/cmake /home/relvixx/ros2_jazzy/src/my_first_interfaces -DCMAKE_INSTALL_PREFIX=/home/relvixx/ros2_jazzy/install/my_first_interfaces
[1.835s] DEBUG:colcon.colcon_core.event_handler.log_command:Invoked command in '/home/relvixx/ros2_jazzy/build/my_first_interfaces' returned '0': CMAKE_PREFIX_PATH=${CMAKE_PREFIX_PATH}:/opt/ros/jazzy DEBUGINFOD_URLS=https://debuginfod.ubuntu.com /usr/bin/cmake /home/relvixx/ros2_jazzy/src/my_first_interfaces -DCMAKE_INSTALL_PREFIX=/home/relvixx/ros2_jazzy/install/my_first_interfaces
[1.836s] DEBUG:colcon.colcon_core.event_handler.log_command:Invoking command in '/home/relvixx/ros2_jazzy/build/my_first_interfaces': CMAKE_PREFIX_PATH=${CMAKE_PREFIX_PATH}:/opt/ros/jazzy DEBUGINFOD_URLS=https://debuginfod.ubuntu.com /usr/bin/cmake --build /home/relvixx/ros2_jazzy/build/my_first_interfaces -- -j12 -l12
[2.172s] DEBUG:colcon.colcon_core.event_handler.log_command:Invoked command in '/home/relvixx/ros2_jazzy/build/my_first_interfaces' returned '0': CMAKE_PREFIX_PATH=${CMAKE_PREFIX_PATH}:/opt/ros/jazzy DEBUGINFOD_URLS=https://debuginfod.ubuntu.com /usr/bin/cmake --build /home/relvixx/ros2_jazzy/build/my_first_interfaces -- -j12 -l12
[2.181s] DEBUG:colcon.colcon_core.event_handler.log_command:Invoking command in '/home/relvixx/ros2_jazzy/build/my_first_interfaces': CMAKE_PREFIX_PATH=${CMAKE_PREFIX_PATH}:/opt/ros/jazzy DEBUGINFOD_URLS=https://debuginfod.ubuntu.com /usr/bin/cmake --install /home/relvixx/ros2_jazzy/build/my_first_interfaces
[2.251s] Level 1:colcon.colcon_core.environment:create_environment_scripts_only(my_first_interfaces)
[2.252s] DEBUG:colcon.colcon_core.event_handler.log_command:Invoked command in '/home/relvixx/ros2_jazzy/build/my_first_interfaces' returned '0': CMAKE_PREFIX_PATH=${CMAKE_PREFIX_PATH}:/opt/ros/jazzy DEBUGINFOD_URLS=https://debuginfod.ubuntu.com /usr/bin/cmake --install /home/relvixx/ros2_jazzy/build/my_first_interfaces
[2.253s] Level 1:colcon.colcon_core.environment:checking '/home/relvixx/ros2_jazzy/install/my_first_interfaces' for CMake module files
[2.254s] Level 1:colcon.colcon_core.environment:checking '/home/relvixx/ros2_jazzy/install/my_first_interfaces' for CMake config files
[2.254s] Level 1:colcon.colcon_core.shell:create_environment_hook('my_first_interfaces', 'cmake_prefix_path')
[2.254s] INFO:colcon.colcon_core.shell:Creating environment hook '/home/relvixx/ros2_jazzy/install/my_first_interfaces/share/my_first_interfaces/hook/cmake_prefix_path.ps1'
[2.255s] INFO:colcon.colcon_core.shell:Creating environment descriptor '/home/relvixx/ros2_jazzy/install/my_first_interfaces/share/my_first_interfaces/hook/cmake_prefix_path.dsv'
[2.255s] INFO:colcon.colcon_core.shell:Creating environment hook '/home/relvixx/ros2_jazzy/install/my_first_interfaces/share/my_first_interfaces/hook/cmake_prefix_path.sh'
[2.256s] Level 1:colcon.colcon_core.environment:checking '/home/relvixx/ros2_jazzy/install/my_first_interfaces/lib'
[2.256s] Level 1:colcon.colcon_core.shell:create_environment_hook('my_first_interfaces', 'ld_library_path_lib')
[2.256s] INFO:colcon.colcon_core.shell:Creating environment hook '/home/relvixx/ros2_jazzy/install/my_first_interfaces/share/my_first_interfaces/hook/ld_library_path_lib.ps1'
[2.256s] INFO:colcon.colcon_core.shell:Creating environment descriptor '/home/relvixx/ros2_jazzy/install/my_first_interfaces/share/my_first_interfaces/hook/ld_library_path_lib.dsv'
[2.256s] INFO:colcon.colcon_core.shell:Creating environment hook '/home/relvixx/ros2_jazzy/install/my_first_interfaces/share/my_first_interfaces/hook/ld_library_path_lib.sh'
[2.257s] Level 1:colcon.colcon_core.environment:checking '/home/relvixx/ros2_jazzy/install/my_first_interfaces/bin'
[2.257s] Level 1:colcon.colcon_core.environment:checking '/home/relvixx/ros2_jazzy/install/my_first_interfaces/lib/pkgconfig/my_first_interfaces.pc'
[2.257s] Level 1:colcon.colcon_core.environment:checking '/home/relvixx/ros2_jazzy/install/my_first_interfaces/lib/python3.12/site-packages'
[2.257s] Level 1:colcon.colcon_core.shell:create_environment_hook('my_first_interfaces', 'pythonpath')
[2.257s] INFO:colcon.colcon_core.shell:Creating environment hook '/home/relvixx/ros2_jazzy/install/my_first_interfaces/share/my_first_interfaces/hook/pythonpath.ps1'
[2.257s] INFO:colcon.colcon_core.shell:Creating environment descriptor '/home/relvixx/ros2_jazzy/install/my_first_interfaces/share/my_first_interfaces/hook/pythonpath.dsv'
[2.258s] INFO:colcon.colcon_core.shell:Creating environment hook '/home/relvixx/ros2_jazzy/install/my_first_interfaces/share/my_first_interfaces/hook/pythonpath.sh'
[2.258s] Level 1:colcon.colcon_core.environment:checking '/home/relvixx/ros2_jazzy/install/my_first_interfaces/bin'
[2.258s] INFO:colcon.colcon_core.shell:Creating package script '/home/relvixx/ros2_jazzy/install/my_first_interfaces/share/my_first_interfaces/package.ps1'
[2.259s] INFO:colcon.colcon_core.shell:Creating package descriptor '/home/relvixx/ros2_jazzy/install/my_first_interfaces/share/my_first_interfaces/package.dsv'
[2.259s] INFO:colcon.colcon_core.shell:Creating package script '/home/relvixx/ros2_jazzy/install/my_first_interfaces/share/my_first_interfaces/package.sh'
[2.260s] INFO:colcon.colcon_core.shell:Creating package script '/home/relvixx/ros2_jazzy/install/my_first_interfaces/share/my_first_interfaces/package.bash'
[2.260s] INFO:colcon.colcon_core.shell:Creating package script '/home/relvixx/ros2_jazzy/install/my_first_interfaces/share/my_first_interfaces/package.zsh'
[2.261s] Level 1:colcon.colcon_core.environment:create_file_with_runtime_dependencies(/home/relvixx/ros2_jazzy/install/my_first_interfaces/share/colcon-core/packages/my_first_interfaces)
[2.261s] Level 1:colcon.colcon_core.environment:create_environment_scripts_only(my_first_interfaces)
[2.261s] Level 1:colcon.colcon_core.environment:checking '/home/relvixx/ros2_jazzy/install/my_first_interfaces' for CMake module files
[2.262s] Level 1:colcon.colcon_core.environment:checking '/home/relvixx/ros2_jazzy/install/my_first_interfaces' for CMake config files
[2.262s] Level 1:colcon.colcon_core.shell:create_environment_hook('my_first_interfaces', 'cmake_prefix_path')
[2.262s] INFO:colcon.colcon_core.shell:Creating environment hook '/home/relvixx/ros2_jazzy/install/my_first_interfaces/share/my_first_interfaces/hook/cmake_prefix_path.ps1'
[2.262s] INFO:colcon.colcon_core.shell:Creating environment descriptor '/home/relvixx/ros2_jazzy/install/my_first_interfaces/share/my_first_interfaces/hook/cmake_prefix_path.dsv'
[2.263s] INFO:colcon.colcon_core.shell:Creating environment hook '/home/relvixx/ros2_jazzy/install/my_first_interfaces/share/my_first_interfaces/hook/cmake_prefix_path.sh'
[2.263s] Level 1:colcon.colcon_core.environment:checking '/home/relvixx/ros2_jazzy/install/my_first_interfaces/lib'
[2.263s] Level 1:colcon.colcon_core.shell:create_environment_hook('my_first_interfaces', 'ld_library_path_lib')
[2.263s] INFO:colcon.colcon_core.shell:Creating environment hook '/home/relvixx/ros2_jazzy/install/my_first_interfaces/share/my_first_interfaces/hook/ld_library_path_lib.ps1'
[2.264s] INFO:colcon.colcon_core.shell:Creating environment descriptor '/home/relvixx/ros2_jazzy/install/my_first_interfaces/share/my_first_interfaces/hook/ld_library_path_lib.dsv'
[2.264s] INFO:colcon.colcon_core.shell:Creating environment hook '/home/relvixx/ros2_jazzy/install/my_first_interfaces/share/my_first_interfaces/hook/ld_library_path_lib.sh'
[2.264s] Level 1:colcon.colcon_core.environment:checking '/home/relvixx/ros2_jazzy/install/my_first_interfaces/bin'
[2.264s] Level 1:colcon.colcon_core.environment:checking '/home/relvixx/ros2_jazzy/install/my_first_interfaces/lib/pkgconfig/my_first_interfaces.pc'
[2.264s] Level 1:colcon.colcon_core.environment:checking '/home/relvixx/ros2_jazzy/install/my_first_interfaces/lib/python3.12/site-packages'
[2.265s] Level 1:colcon.colcon_core.shell:create_environment_hook('my_first_interfaces', 'pythonpath')
[2.265s] INFO:colcon.colcon_core.shell:Creating environment hook '/home/relvixx/ros2_jazzy/install/my_first_interfaces/share/my_first_interfaces/hook/pythonpath.ps1'
[2.265s] INFO:colcon.colcon_core.shell:Creating environment descriptor '/home/relvixx/ros2_jazzy/install/my_first_interfaces/share/my_first_interfaces/hook/pythonpath.dsv'
[2.265s] INFO:colcon.colcon_core.shell:Creating environment hook '/home/relvixx/ros2_jazzy/install/my_first_interfaces/share/my_first_interfaces/hook/pythonpath.sh'
[2.266s] Level 1:colcon.colcon_core.environment:checking '/home/relvixx/ros2_jazzy/install/my_first_interfaces/bin'
[2.266s] INFO:colcon.colcon_core.shell:Creating package script '/home/relvixx/ros2_jazzy/install/my_first_interfaces/share/my_first_interfaces/package.ps1'
[2.266s] INFO:colcon.colcon_core.shell:Creating package descriptor '/home/relvixx/ros2_jazzy/install/my_first_interfaces/share/my_first_interfaces/package.dsv'
[2.267s] INFO:colcon.colcon_core.shell:Creating package script '/home/relvixx/ros2_jazzy/install/my_first_interfaces/share/my_first_interfaces/package.sh'
[2.267s] INFO:colcon.colcon_core.shell:Creating package script '/home/relvixx/ros2_jazzy/install/my_first_interfaces/share/my_first_interfaces/package.bash'
[2.267s] INFO:colcon.colcon_core.shell:Creating package script '/home/relvixx/ros2_jazzy/install/my_first_interfaces/share/my_first_interfaces/package.zsh'
[2.267s] Level 1:colcon.colcon_core.environment:create_file_with_runtime_dependencies(/home/relvixx/ros2_jazzy/install/my_first_interfaces/share/colcon-core/packages/my_first_interfaces)
[2.268s] INFO:colcon.colcon_ros.task.ament_python.build:Building ROS package in '/home/relvixx/ros2_jazzy/src/my_first_pkg' with build type 'ament_python'
[2.268s] Level 1:colcon.colcon_core.shell:create_environment_hook('my_first_pkg', 'ament_prefix_path')
[2.268s] INFO:colcon.colcon_core.shell:Creating environment hook '/home/relvixx/ros2_jazzy/install/my_first_pkg/share/my_first_pkg/hook/ament_prefix_path.ps1'
[2.268s] INFO:colcon.colcon_core.shell:Creating environment descriptor '/home/relvixx/ros2_jazzy/install/my_first_pkg/share/my_first_pkg/hook/ament_prefix_path.dsv'
[2.269s] INFO:colcon.colcon_core.shell:Creating environment hook '/home/relvixx/ros2_jazzy/install/my_first_pkg/share/my_first_pkg/hook/ament_prefix_path.sh'
[2.269s] INFO:colcon.colcon_core.shell:Skip shell extension 'powershell' for command environment: Not usable outside of PowerShell
[2.269s] DEBUG:colcon.colcon_core.shell:Skip shell extension 'dsv' for command environment
[2.461s] INFO:colcon.colcon_core.task.python.build:Building Python package in '/home/relvixx/ros2_jazzy/src/my_first_pkg'
[2.462s] INFO:colcon.colcon_core.shell:Skip shell extension 'powershell' for command environment: Not usable outside of PowerShell
[2.462s] DEBUG:colcon.colcon_core.shell:Skip shell extension 'dsv' for command environment
[2.960s] DEBUG:colcon.colcon_core.task.python.build:Available setuptools commands: bdist_rpm, extract_messages, bdist_wheel, build_clib, sdist, bdist_egg, install, editable_wheel, install_data, upload_docs, build, symlink_data, install_scripts, bdist_dumb, install_egg_info, dist_info, alias, setopt, register, upload, install_lib, build_ext, develop, compile_catalog, bdist, init_catalog, check, build_py, install_headers, easy_install, egg_info, test, rotate, build_scripts, saveopts, update_catalog, clean
[2.961s] DEBUG:colcon.colcon_core.event_handler.log_command:Invoking command in '/home/relvixx/ros2_jazzy/build/my_first_pkg': AMENT_PREFIX_PATH=/home/relvixx/ros2_jazzy/install/my_first_interfaces:${AMENT_PREFIX_PATH} CMAKE_PREFIX_PATH=/home/relvixx/ros2_jazzy/install/my_first_interfaces:${CMAKE_PREFIX_PATH} DEBUGINFOD_URLS=https://debuginfod.ubuntu.com LD_LIBRARY_PATH=/home/relvixx/ros2_jazzy/install/my_first_interfaces/lib:${LD_LIBRARY_PATH} PYTHONPATH=/home/relvixx/ros2_jazzy/build/my_first_pkg/prefix_override:/usr/lib/python3/dist-packages/colcon_core/task/python/colcon_distutils_commands:/home/relvixx/ros2_jazzy/install/my_first_pkg/lib/python3.12/site-packages:/home/relvixx/ros2_jazzy/install/my_first_interfaces/lib/python3.12/site-packages:${PYTHONPATH} /usr/bin/python3 -W ignore:setup.py install is deprecated -W ignore:easy_install command is deprecated setup.py develop --uninstall --editable --build-directory /home/relvixx/ros2_jazzy/build/my_first_pkg/build
[3.400s] DEBUG:colcon.colcon_core.event_handler.log_command:Invoked command in '/home/relvixx/ros2_jazzy/build/my_first_pkg' returned '0': AMENT_PREFIX_PATH=/home/relvixx/ros2_jazzy/install/my_first_interfaces:${AMENT_PREFIX_PATH} CMAKE_PREFIX_PATH=/home/relvixx/ros2_jazzy/install/my_first_interfaces:${CMAKE_PREFIX_PATH} DEBUGINFOD_URLS=https://debuginfod.ubuntu.com LD_LIBRARY_PATH=/home/relvixx/ros2_jazzy/install/my_first_interfaces/lib:${LD_LIBRARY_PATH} PYTHONPATH=/home/relvixx/ros2_jazzy/build/my_first_pkg/prefix_override:/usr/lib/python3/dist-packages/colcon_core/task/python/colcon_distutils_commands:/home/relvixx/ros2_jazzy/install/my_first_pkg/lib/python3.12/site-packages:/home/relvixx/ros2_jazzy/install/my_first_interfaces/lib/python3.12/site-packages:${PYTHONPATH} /usr/bin/python3 -W ignore:setup.py install is deprecated -W ignore:easy_install command is deprecated setup.py develop --uninstall --editable --build-directory /home/relvixx/ros2_jazzy/build/my_first_pkg/build
[3.401s] DEBUG:colcon.colcon_core.event_handler.log_command:Invoking command in '/home/relvixx/ros2_jazzy/src/my_first_pkg': AMENT_PREFIX_PATH=/home/relvixx/ros2_jazzy/install/my_first_interfaces:${AMENT_PREFIX_PATH} CMAKE_PREFIX_PATH=/home/relvixx/ros2_jazzy/install/my_first_interfaces:${CMAKE_PREFIX_PATH} DEBUGINFOD_URLS=https://debuginfod.ubuntu.com LD_LIBRARY_PATH=/home/relvixx/ros2_jazzy/install/my_first_interfaces/lib:${LD_LIBRARY_PATH} PYTHONPATH=/home/relvixx/ros2_jazzy/build/my_first_pkg/prefix_override:/usr/lib/python3/dist-packages/colcon_core/task/python/colcon_distutils_commands:/home/relvixx/ros2_jazzy/install/my_first_pkg/lib/python3.12/site-packages:/home/relvixx/ros2_jazzy/install/my_first_interfaces/lib/python3.12/site-packages:${PYTHONPATH} /usr/bin/python3 -W ignore:setup.py install is deprecated -W ignore:easy_install command is deprecated setup.py egg_info --egg-base ../../build/my_first_pkg build --build-base /home/relvixx/ros2_jazzy/build/my_first_pkg/build install --record /home/relvixx/ros2_jazzy/build/my_first_pkg/install.log --install-scripts $base/lib/my_first_pkg --single-version-externally-managed install_data --force
[3.871s] Level 1:colcon.colcon_core.environment:checking '/home/relvixx/ros2_jazzy/install/my_first_pkg' for CMake module files
[3.871s] DEBUG:colcon.colcon_core.event_handler.log_command:Invoked command in '/home/relvixx/ros2_jazzy/src/my_first_pkg' returned '0': AMENT_PREFIX_PATH=/home/relvixx/ros2_jazzy/install/my_first_interfaces:${AMENT_PREFIX_PATH} CMAKE_PREFIX_PATH=/home/relvixx/ros2_jazzy/install/my_first_interfaces:${CMAKE_PREFIX_PATH} DEBUGINFOD_URLS=https://debuginfod.ubuntu.com LD_LIBRARY_PATH=/home/relvixx/ros2_jazzy/install/my_first_interfaces/lib:${LD_LIBRARY_PATH} PYTHONPATH=/home/relvixx/ros2_jazzy/build/my_first_pkg/prefix_override:/usr/lib/python3/dist-packages/colcon_core/task/python/colcon_distutils_commands:/home/relvixx/ros2_jazzy/install/my_first_pkg/lib/python3.12/site-packages:/home/relvixx/ros2_jazzy/install/my_first_interfaces/lib/python3.12/site-packages:${PYTHONPATH} /usr/bin/python3 -W ignore:setup.py install is deprecated -W ignore:easy_install command is deprecated setup.py egg_info --egg-base ../../build/my_first_pkg build --build-base /home/relvixx/ros2_jazzy/build/my_first_pkg/build install --record /home/relvixx/ros2_jazzy/build/my_first_pkg/install.log --install-scripts $base/lib/my_first_pkg --single-version-externally-managed install_data --force
[3.872s] Level 1:colcon.colcon_core.environment:checking '/home/relvixx/ros2_jazzy/install/my_first_pkg' for CMake config files
[3.872s] Level 1:colcon.colcon_core.environment:checking '/home/relvixx/ros2_jazzy/install/my_first_pkg/lib'
[3.872s] Level 1:colcon.colcon_core.environment:checking '/home/relvixx/ros2_jazzy/install/my_first_pkg/bin'
[3.872s] Level 1:colcon.colcon_core.environment:checking '/home/relvixx/ros2_jazzy/install/my_first_pkg/lib/pkgconfig/my_first_pkg.pc'
[3.873s] Level 1:colcon.colcon_core.environment:checking '/home/relvixx/ros2_jazzy/install/my_first_pkg/lib/python3.12/site-packages'
[3.873s] Level 1:colcon.colcon_core.shell:create_environment_hook('my_first_pkg', 'pythonpath')
[3.873s] INFO:colcon.colcon_core.shell:Creating environment hook '/home/relvixx/ros2_jazzy/install/my_first_pkg/share/my_first_pkg/hook/pythonpath.ps1'
[3.873s] INFO:colcon.colcon_core.shell:Creating environment descriptor '/home/relvixx/ros2_jazzy/install/my_first_pkg/share/my_first_pkg/hook/pythonpath.dsv'
[3.873s] INFO:colcon.colcon_core.shell:Creating environment hook '/home/relvixx/ros2_jazzy/install/my_first_pkg/share/my_first_pkg/hook/pythonpath.sh'
[3.874s] Level 1:colcon.colcon_core.environment:checking '/home/relvixx/ros2_jazzy/install/my_first_pkg/bin'
[3.874s] Level 1:colcon.colcon_core.environment:create_environment_scripts_only(my_first_pkg)
[3.874s] INFO:colcon.colcon_core.shell:Creating package script '/home/relvixx/ros2_jazzy/install/my_first_pkg/share/my_first_pkg/package.ps1'
[3.875s] INFO:colcon.colcon_core.shell:Creating package descriptor '/home/relvixx/ros2_jazzy/install/my_first_pkg/share/my_first_pkg/package.dsv'
[3.875s] INFO:colcon.colcon_core.shell:Creating package script '/home/relvixx/ros2_jazzy/install/my_first_pkg/share/my_first_pkg/package.sh'
[3.875s] INFO:colcon.colcon_core.shell:Creating package script '/home/relvixx/ros2_jazzy/install/my_first_pkg/share/my_first_pkg/package.bash'
[3.875s] INFO:colcon.colcon_core.shell:Creating package script '/home/relvixx/ros2_jazzy/install/my_first_pkg/share/my_first_pkg/package.zsh'
[3.876s] Level 1:colcon.colcon_core.environment:create_file_with_runtime_dependencies(/home/relvixx/ros2_jazzy/install/my_first_pkg/share/colcon-core/packages/my_first_pkg)
[3.876s] DEBUG:colcon.colcon_parallel_executor.executor.parallel:closing loop
[3.876s] DEBUG:colcon.colcon_parallel_executor.executor.parallel:loop closed
[3.876s] DEBUG:colcon.colcon_parallel_executor.executor.parallel:run_until_complete finished with '0'
[3.876s] DEBUG:colcon.colcon_core.event_reactor:joining thread
[3.881s] INFO:colcon.colcon_core.plugin_system:Skipping extension 'colcon_notification.desktop_notification.terminal_notifier': Not used on non-Darwin systems
[3.881s] INFO:colcon.colcon_core.plugin_system:Skipping extension 'colcon_notification.desktop_notification.win32': Not used on non-Windows systems
[3.881s] INFO:colcon.colcon_notification.desktop_notification:Sending desktop notification using 'notify2'
[3.896s] DEBUG:colcon.colcon_core.event_reactor:joined thread
[3.897s] INFO:colcon.colcon_core.shell:Creating prefix script '/home/relvixx/ros2_jazzy/install/local_setup.ps1'
[3.898s] INFO:colcon.colcon_core.shell:Creating prefix util module '/home/relvixx/ros2_jazzy/install/_local_setup_util_ps1.py'
[3.899s] INFO:colcon.colcon_core.shell:Creating prefix chain script '/home/relvixx/ros2_jazzy/install/setup.ps1'
[3.899s] INFO:colcon.colcon_core.shell:Creating prefix script '/home/relvixx/ros2_jazzy/install/local_setup.sh'
[3.900s] INFO:colcon.colcon_core.shell:Creating prefix util module '/home/relvixx/ros2_jazzy/install/_local_setup_util_sh.py'
[3.900s] INFO:colcon.colcon_core.shell:Creating prefix chain script '/home/relvixx/ros2_jazzy/install/setup.sh'
[3.901s] INFO:colcon.colcon_core.shell:Creating prefix script '/home/relvixx/ros2_jazzy/install/local_setup.bash'
[3.901s] INFO:colcon.colcon_core.shell:Creating prefix chain script '/home/relvixx/ros2_jazzy/install/setup.bash'
[3.902s] INFO:colcon.colcon_core.shell:Creating prefix script '/home/relvixx/ros2_jazzy/install/local_setup.zsh'
[3.902s] INFO:colcon.colcon_core.shell:Creating prefix chain script '/home/relvixx/ros2_jazzy/install/setup.zsh'
