[0.174s] DEBUG:colcon:Command line arguments: ['/usr/bin/colcon', 'build', '--symlink-install']
[0.174s] DEBUG:colcon:Parsed command line arguments: Namespace(log_base=None, log_level=None, verb_name='build', build_base='build', install_base='install', merge_install=False, symlink_install=True, test_result_base=None, continue_on_error=False, executor='parallel', parallel_workers=12, event_handlers=None, ignore_user_meta=False, metas=['./colcon.meta'], base_paths=['.'], packages_ignore=None, packages_ignore_regex=None, paths=None, packages_up_to=None, packages_up_to_regex=None, packages_above=None, packages_above_and_dependencies=None, packages_above_depth=None, packages_select_by_dep=None, packages_skip_by_dep=None, packages_skip_up_to=None, packages_select_build_failed=False, packages_skip_build_finished=False, packages_select_test_failures=False, packages_skip_test_passed=False, packages_select=None, packages_skip=None, packages_select_regex=None, packages_skip_regex=None, packages_start=None, packages_end=None, allow_overriding=[], cmake_args=None, cmake_target=None, cmake_target_skip_unavailable=False, cmake_clean_cache=False, cmake_clean_first=False, cmake_force_configure=False, ament_cmake_args=None, catkin_cmake_args=None, catkin_skip_building_tests=False, mixin_files=None, mixin=None, verb_parser=<colcon_mixin.mixin.mixin_argument.MixinArgumentDecorator object at 0x7d7be119c800>, verb_extension=<colcon_core.verb.build.BuildVerb object at 0x7d7be119c440>, main=<bound method BuildVerb.main of <colcon_core.verb.build.BuildVerb object at 0x7d7be119c440>>, mixin_verb=('build',))
[0.238s] Level 1:colcon.colcon_core.package_discovery:discover_packages(colcon_meta) check parameters
[0.239s] Level 1:colcon.colcon_core.package_discovery:discover_packages(recursive) check parameters
[0.239s] Level 1:colcon.colcon_core.package_discovery:discover_packages(ignore) check parameters
[0.239s] Level 1:colcon.colcon_core.package_discovery:discover_packages(path) check parameters
[0.239s] Level 1:colcon.colcon_core.package_discovery:discover_packages(colcon_meta) discover
[0.239s] Level 1:colcon.colcon_core.package_discovery:discover_packages(recursive) discover
[0.239s] INFO:colcon.colcon_core.package_discovery:Crawling recursively for packages in '/home/relvixx/ros2_jazzy'
[0.239s] Level 1:colcon.colcon_core.package_identification:_identify(.) by extensions ['ignore', 'ignore_ament_install']
[0.239s] Level 1:colcon.colcon_core.package_identification:_identify(.) by extension 'ignore'
[0.239s] Level 1:colcon.colcon_core.package_identification:_identify(.) by extension 'ignore_ament_install'
[0.239s] Level 1:colcon.colcon_core.package_identification:_identify(.) by extensions ['colcon_pkg']
[0.239s] Level 1:colcon.colcon_core.package_identification:_identify(.) by extension 'colcon_pkg'
[0.240s] Level 1:colcon.colcon_core.package_identification:_identify(.) by extensions ['colcon_meta']
[0.240s] Level 1:colcon.colcon_core.package_identification:_identify(.) by extension 'colcon_meta'
[0.240s] Level 1:colcon.colcon_core.package_identification:_identify(.) by extensions ['ros']
[0.240s] Level 1:colcon.colcon_core.package_identification:_identify(.) by extension 'ros'
[0.279s] Level 1:colcon.colcon_core.package_identification:_identify(.) by extensions ['cmake', 'python']
[0.279s] Level 1:colcon.colcon_core.package_identification:_identify(.) by extension 'cmake'
[0.279s] Level 1:colcon.colcon_core.package_identification:_identify(.) by extension 'python'
[0.279s] Level 1:colcon.colcon_core.package_identification:_identify(.) by extensions ['python_setup_py']
[0.279s] Level 1:colcon.colcon_core.package_identification:_identify(.) by extension 'python_setup_py'
[0.280s] Level 1:colcon.colcon_core.package_identification:_identify(build) by extensions ['ignore', 'ignore_ament_install']
[0.280s] Level 1:colcon.colcon_core.package_identification:_identify(build) by extension 'ignore'
[0.280s] Level 1:colcon.colcon_core.package_identification:_identify(build) ignored
[0.280s] Level 1:colcon.colcon_core.package_identification:_identify(install) by extensions ['ignore', 'ignore_ament_install']
[0.280s] Level 1:colcon.colcon_core.package_identification:_identify(install) by extension 'ignore'
[0.280s] Level 1:colcon.colcon_core.package_identification:_identify(install) ignored
[0.280s] Level 1:colcon.colcon_core.package_identification:_identify(learning material) by extensions ['ignore', 'ignore_ament_install']
[0.281s] Level 1:colcon.colcon_core.package_identification:_identify(learning material) by extension 'ignore'
[0.281s] Level 1:colcon.colcon_core.package_identification:_identify(learning material) by extension 'ignore_ament_install'
[0.281s] Level 1:colcon.colcon_core.package_identification:_identify(learning material) by extensions ['colcon_pkg']
[0.281s] Level 1:colcon.colcon_core.package_identification:_identify(learning material) by extension 'colcon_pkg'
[0.281s] Level 1:colcon.colcon_core.package_identification:_identify(learning material) by extensions ['colcon_meta']
[0.281s] Level 1:colcon.colcon_core.package_identification:_identify(learning material) by extension 'colcon_meta'
[0.281s] Level 1:colcon.colcon_core.package_identification:_identify(learning material) by extensions ['ros']
[0.281s] Level 1:colcon.colcon_core.package_identification:_identify(learning material) by extension 'ros'
[0.281s] Level 1:colcon.colcon_core.package_identification:_identify(learning material) by extensions ['cmake', 'python']
[0.281s] Level 1:colcon.colcon_core.package_identification:_identify(learning material) by extension 'cmake'
[0.281s] Level 1:colcon.colcon_core.package_identification:_identify(learning material) by extension 'python'
[0.281s] Level 1:colcon.colcon_core.package_identification:_identify(learning material) by extensions ['python_setup_py']
[0.281s] Level 1:colcon.colcon_core.package_identification:_identify(learning material) by extension 'python_setup_py'
[0.282s] Level 1:colcon.colcon_core.package_identification:_identify(log) by extensions ['ignore', 'ignore_ament_install']
[0.282s] Level 1:colcon.colcon_core.package_identification:_identify(log) by extension 'ignore'
[0.282s] Level 1:colcon.colcon_core.package_identification:_identify(log) ignored
[0.282s] Level 1:colcon.colcon_core.package_identification:_identify(src) by extensions ['ignore', 'ignore_ament_install']
[0.282s] Level 1:colcon.colcon_core.package_identification:_identify(src) by extension 'ignore'
[0.282s] Level 1:colcon.colcon_core.package_identification:_identify(src) by extension 'ignore_ament_install'
[0.282s] Level 1:colcon.colcon_core.package_identification:_identify(src) by extensions ['colcon_pkg']
[0.282s] Level 1:colcon.colcon_core.package_identification:_identify(src) by extension 'colcon_pkg'
[0.282s] Level 1:colcon.colcon_core.package_identification:_identify(src) by extensions ['colcon_meta']
[0.282s] Level 1:colcon.colcon_core.package_identification:_identify(src) by extension 'colcon_meta'
[0.282s] Level 1:colcon.colcon_core.package_identification:_identify(src) by extensions ['ros']
[0.282s] Level 1:colcon.colcon_core.package_identification:_identify(src) by extension 'ros'
[0.283s] Level 1:colcon.colcon_core.package_identification:_identify(src) by extensions ['cmake', 'python']
[0.283s] Level 1:colcon.colcon_core.package_identification:_identify(src) by extension 'cmake'
[0.283s] Level 1:colcon.colcon_core.package_identification:_identify(src) by extension 'python'
[0.283s] Level 1:colcon.colcon_core.package_identification:_identify(src) by extensions ['python_setup_py']
[0.283s] Level 1:colcon.colcon_core.package_identification:_identify(src) by extension 'python_setup_py'
[0.283s] Level 1:colcon.colcon_core.package_identification:_identify(src/build) by extensions ['ignore', 'ignore_ament_install']
[0.283s] Level 1:colcon.colcon_core.package_identification:_identify(src/build) by extension 'ignore'
[0.283s] Level 1:colcon.colcon_core.package_identification:_identify(src/build) ignored
[0.283s] Level 1:colcon.colcon_core.package_identification:_identify(src/install) by extensions ['ignore', 'ignore_ament_install']
[0.284s] Level 1:colcon.colcon_core.package_identification:_identify(src/install) by extension 'ignore'
[0.284s] Level 1:colcon.colcon_core.package_identification:_identify(src/install) ignored
[0.284s] Level 1:colcon.colcon_core.package_identification:_identify(src/log) by extensions ['ignore', 'ignore_ament_install']
[0.284s] Level 1:colcon.colcon_core.package_identification:_identify(src/log) by extension 'ignore'
[0.284s] Level 1:colcon.colcon_core.package_identification:_identify(src/log) ignored
[0.284s] Level 1:colcon.colcon_core.package_identification:_identify(src/my_first_interfaces) by extensions ['ignore', 'ignore_ament_install']
[0.284s] Level 1:colcon.colcon_core.package_identification:_identify(src/my_first_interfaces) by extension 'ignore'
[0.284s] Level 1:colcon.colcon_core.package_identification:_identify(src/my_first_interfaces) by extension 'ignore_ament_install'
[0.284s] Level 1:colcon.colcon_core.package_identification:_identify(src/my_first_interfaces) by extensions ['colcon_pkg']
[0.284s] Level 1:colcon.colcon_core.package_identification:_identify(src/my_first_interfaces) by extension 'colcon_pkg'
[0.284s] Level 1:colcon.colcon_core.package_identification:_identify(src/my_first_interfaces) by extensions ['colcon_meta']
[0.284s] Level 1:colcon.colcon_core.package_identification:_identify(src/my_first_interfaces) by extension 'colcon_meta'
[0.284s] Level 1:colcon.colcon_core.package_identification:_identify(src/my_first_interfaces) by extensions ['ros']
[0.285s] Level 1:colcon.colcon_core.package_identification:_identify(src/my_first_interfaces) by extension 'ros'
[0.289s] DEBUG:colcon.colcon_core.package_identification:Package 'src/my_first_interfaces' with type 'ros.ament_cmake' and name 'my_first_interfaces'
[0.289s] Level 1:colcon.colcon_core.package_identification:_identify(src/my_first_pkg) by extensions ['ignore', 'ignore_ament_install']
[0.289s] Level 1:colcon.colcon_core.package_identification:_identify(src/my_first_pkg) by extension 'ignore'
[0.289s] Level 1:colcon.colcon_core.package_identification:_identify(src/my_first_pkg) by extension 'ignore_ament_install'
[0.289s] Level 1:colcon.colcon_core.package_identification:_identify(src/my_first_pkg) by extensions ['colcon_pkg']
[0.289s] Level 1:colcon.colcon_core.package_identification:_identify(src/my_first_pkg) by extension 'colcon_pkg'
[0.289s] Level 1:colcon.colcon_core.package_identification:_identify(src/my_first_pkg) by extensions ['colcon_meta']
[0.289s] Level 1:colcon.colcon_core.package_identification:_identify(src/my_first_pkg) by extension 'colcon_meta'
[0.289s] Level 1:colcon.colcon_core.package_identification:_identify(src/my_first_pkg) by extensions ['ros']
[0.289s] Level 1:colcon.colcon_core.package_identification:_identify(src/my_first_pkg) by extension 'ros'
[0.290s] DEBUG:colcon.colcon_core.package_identification:Package 'src/my_first_pkg' with type 'ros.ament_python' and name 'my_first_pkg'
[0.290s] Level 1:colcon.colcon_core.package_discovery:discover_packages(recursive) using defaults
[0.290s] Level 1:colcon.colcon_core.package_discovery:discover_packages(ignore) discover
[0.290s] Level 1:colcon.colcon_core.package_discovery:discover_packages(ignore) using defaults
[0.291s] Level 1:colcon.colcon_core.package_discovery:discover_packages(path) discover
[0.291s] Level 1:colcon.colcon_core.package_discovery:discover_packages(path) using defaults
[0.325s] Level 1:colcon.colcon_core.package_discovery:discover_packages(prefix_path) check parameters
[0.325s] Level 1:colcon.colcon_core.package_discovery:discover_packages(prefix_path) discover
[0.327s] WARNING:colcon.colcon_ros.prefix_path.ament:The path '/home/relvixx/ros2_jazzy/install/my_first_pkg' in the environment variable AMENT_PREFIX_PATH doesn't exist
[0.327s] WARNING:colcon.colcon_ros.prefix_path.ament:The path '/home/relvixx/ros2_jazzy/install/my_first_interfaces' in the environment variable AMENT_PREFIX_PATH doesn't exist
[0.327s] WARNING:colcon.colcon_ros.prefix_path.catkin:The path '/home/relvixx/ros2_jazzy/install/my_first_interfaces' in the environment variable CMAKE_PREFIX_PATH doesn't exist
[0.328s] DEBUG:colcon.colcon_installed_package_information.package_discovery:Found 0 installed packages in /home/relvixx/ros2_jazzy/install
[0.332s] DEBUG:colcon.colcon_installed_package_information.package_discovery:Found 287 installed packages in /opt/ros/jazzy
[0.335s] Level 1:colcon.colcon_core.package_discovery:discover_packages(prefix_path) using defaults
[0.416s] Level 5:colcon.colcon_core.verb:set package 'my_first_interfaces' build argument 'cmake_args' from command line to 'None'
[0.416s] Level 5:colcon.colcon_core.verb:set package 'my_first_interfaces' build argument 'cmake_target' from command line to 'None'
[0.416s] Level 5:colcon.colcon_core.verb:set package 'my_first_interfaces' build argument 'cmake_target_skip_unavailable' from command line to 'False'
[0.417s] Level 5:colcon.colcon_core.verb:set package 'my_first_interfaces' build argument 'cmake_clean_cache' from command line to 'False'
[0.417s] Level 5:colcon.colcon_core.verb:set package 'my_first_interfaces' build argument 'cmake_clean_first' from command line to 'False'
[0.417s] Level 5:colcon.colcon_core.verb:set package 'my_first_interfaces' build argument 'cmake_force_configure' from command line to 'False'
[0.417s] Level 5:colcon.colcon_core.verb:set package 'my_first_interfaces' build argument 'ament_cmake_args' from command line to 'None'
[0.417s] Level 5:colcon.colcon_core.verb:set package 'my_first_interfaces' build argument 'catkin_cmake_args' from command line to 'None'
[0.417s] Level 5:colcon.colcon_core.verb:set package 'my_first_interfaces' build argument 'catkin_skip_building_tests' from command line to 'False'
[0.417s] DEBUG:colcon.colcon_core.verb:Building package 'my_first_interfaces' with the following arguments: {'ament_cmake_args': None, 'build_base': '/home/relvixx/ros2_jazzy/build/my_first_interfaces', 'catkin_cmake_args': None, 'catkin_skip_building_tests': False, 'cmake_args': None, 'cmake_clean_cache': False, 'cmake_clean_first': False, 'cmake_force_configure': False, 'cmake_target': None, 'cmake_target_skip_unavailable': False, 'install_base': '/home/relvixx/ros2_jazzy/install/my_first_interfaces', 'merge_install': False, 'path': '/home/relvixx/ros2_jazzy/src/my_first_interfaces', 'symlink_install': True, 'test_result_base': None}
[0.417s] Level 5:colcon.colcon_core.verb:set package 'my_first_pkg' build argument 'cmake_args' from command line to 'None'
[0.417s] Level 5:colcon.colcon_core.verb:set package 'my_first_pkg' build argument 'cmake_target' from command line to 'None'
[0.417s] Level 5:colcon.colcon_core.verb:set package 'my_first_pkg' build argument 'cmake_target_skip_unavailable' from command line to 'False'
[0.417s] Level 5:colcon.colcon_core.verb:set package 'my_first_pkg' build argument 'cmake_clean_cache' from command line to 'False'
[0.417s] Level 5:colcon.colcon_core.verb:set package 'my_first_pkg' build argument 'cmake_clean_first' from command line to 'False'
[0.417s] Level 5:colcon.colcon_core.verb:set package 'my_first_pkg' build argument 'cmake_force_configure' from command line to 'False'
[0.417s] Level 5:colcon.colcon_core.verb:set package 'my_first_pkg' build argument 'ament_cmake_args' from command line to 'None'
[0.417s] Level 5:colcon.colcon_core.verb:set package 'my_first_pkg' build argument 'catkin_cmake_args' from command line to 'None'
[0.417s] Level 5:colcon.colcon_core.verb:set package 'my_first_pkg' build argument 'catkin_skip_building_tests' from command line to 'False'
[0.417s] DEBUG:colcon.colcon_core.verb:Building package 'my_first_pkg' with the following arguments: {'ament_cmake_args': None, 'build_base': '/home/relvixx/ros2_jazzy/build/my_first_pkg', 'catkin_cmake_args': None, 'catkin_skip_building_tests': False, 'cmake_args': None, 'cmake_clean_cache': False, 'cmake_clean_first': False, 'cmake_force_configure': False, 'cmake_target': None, 'cmake_target_skip_unavailable': False, 'install_base': '/home/relvixx/ros2_jazzy/install/my_first_pkg', 'merge_install': False, 'path': '/home/relvixx/ros2_jazzy/src/my_first_pkg', 'symlink_install': True, 'test_result_base': None}
[0.418s] INFO:colcon.colcon_core.executor:Executing jobs using 'parallel' executor
[0.419s] DEBUG:colcon.colcon_parallel_executor.executor.parallel:run_until_complete
[0.420s] INFO:colcon.colcon_ros.task.ament_cmake.build:Building ROS package in '/home/relvixx/ros2_jazzy/src/my_first_interfaces' with build type 'ament_cmake'
[0.420s] INFO:colcon.colcon_cmake.task.cmake.build:Building CMake package in '/home/relvixx/ros2_jazzy/src/my_first_interfaces'
[0.423s] INFO:colcon.colcon_core.plugin_system:Skipping extension 'colcon_core.shell.bat': Not used on non-Windows systems
[0.424s] INFO:colcon.colcon_core.shell:Skip shell extension 'powershell' for command environment: Not usable outside of PowerShell
[0.424s] DEBUG:colcon.colcon_core.shell:Skip shell extension 'dsv' for command environment
[0.439s] DEBUG:colcon.colcon_core.event_handler.log_command:Invoking command in '/home/relvixx/ros2_jazzy/build/my_first_interfaces': CMAKE_PREFIX_PATH=${CMAKE_PREFIX_PATH}:/home/relvixx/ros2_jazzy/install/my_first_pkg:/opt/ros/jazzy DEBUGINFOD_URLS=https://debuginfod.ubuntu.com /usr/bin/cmake /home/relvixx/ros2_jazzy/src/my_first_interfaces -DAMENT_CMAKE_SYMLINK_INSTALL=1 -DCMAKE_INSTALL_PREFIX=/home/relvixx/ros2_jazzy/install/my_first_interfaces
[3.657s] DEBUG:colcon.colcon_core.event_handler.log_command:Invoked command in '/home/relvixx/ros2_jazzy/build/my_first_interfaces' returned '0': CMAKE_PREFIX_PATH=${CMAKE_PREFIX_PATH}:/home/relvixx/ros2_jazzy/install/my_first_pkg:/opt/ros/jazzy DEBUGINFOD_URLS=https://debuginfod.ubuntu.com /usr/bin/cmake /home/relvixx/ros2_jazzy/src/my_first_interfaces -DAMENT_CMAKE_SYMLINK_INSTALL=1 -DCMAKE_INSTALL_PREFIX=/home/relvixx/ros2_jazzy/install/my_first_interfaces
[3.658s] DEBUG:colcon.colcon_core.event_handler.log_command:Invoking command in '/home/relvixx/ros2_jazzy/build/my_first_interfaces': CMAKE_PREFIX_PATH=${CMAKE_PREFIX_PATH}:/home/relvixx/ros2_jazzy/install/my_first_pkg:/opt/ros/jazzy DEBUGINFOD_URLS=https://debuginfod.ubuntu.com /usr/bin/cmake --build /home/relvixx/ros2_jazzy/build/my_first_interfaces -- -j12 -l12
[6.566s] DEBUG:colcon.colcon_core.event_handler.log_command:Invoked command in '/home/relvixx/ros2_jazzy/build/my_first_interfaces' returned '0': CMAKE_PREFIX_PATH=${CMAKE_PREFIX_PATH}:/home/relvixx/ros2_jazzy/install/my_first_pkg:/opt/ros/jazzy DEBUGINFOD_URLS=https://debuginfod.ubuntu.com /usr/bin/cmake --build /home/relvixx/ros2_jazzy/build/my_first_interfaces -- -j12 -l12
[6.576s] DEBUG:colcon.colcon_core.event_handler.log_command:Invoking command in '/home/relvixx/ros2_jazzy/build/my_first_interfaces': CMAKE_PREFIX_PATH=${CMAKE_PREFIX_PATH}:/home/relvixx/ros2_jazzy/install/my_first_pkg:/opt/ros/jazzy DEBUGINFOD_URLS=https://debuginfod.ubuntu.com /usr/bin/cmake --install /home/relvixx/ros2_jazzy/build/my_first_interfaces
[7.228s] Level 1:colcon.colcon_core.environment:create_environment_scripts_only(my_first_interfaces)
[7.229s] DEBUG:colcon.colcon_core.event_handler.log_command:Invoked command in '/home/relvixx/ros2_jazzy/build/my_first_interfaces' returned '0': CMAKE_PREFIX_PATH=${CMAKE_PREFIX_PATH}:/home/relvixx/ros2_jazzy/install/my_first_pkg:/opt/ros/jazzy DEBUGINFOD_URLS=https://debuginfod.ubuntu.com /usr/bin/cmake --install /home/relvixx/ros2_jazzy/build/my_first_interfaces
[7.230s] Level 1:colcon.colcon_core.environment:checking '/home/relvixx/ros2_jazzy/install/my_first_interfaces' for CMake module files
[7.231s] Level 1:colcon.colcon_core.environment:checking '/home/relvixx/ros2_jazzy/install/my_first_interfaces' for CMake config files
[7.231s] Level 1:colcon.colcon_core.shell:create_environment_hook('my_first_interfaces', 'cmake_prefix_path')
[7.231s] INFO:colcon.colcon_core.shell:Creating environment hook '/home/relvixx/ros2_jazzy/install/my_first_interfaces/share/my_first_interfaces/hook/cmake_prefix_path.ps1'
[7.232s] INFO:colcon.colcon_core.shell:Creating environment descriptor '/home/relvixx/ros2_jazzy/install/my_first_interfaces/share/my_first_interfaces/hook/cmake_prefix_path.dsv'
[7.232s] INFO:colcon.colcon_core.shell:Creating environment hook '/home/relvixx/ros2_jazzy/install/my_first_interfaces/share/my_first_interfaces/hook/cmake_prefix_path.sh'
[7.232s] Level 1:colcon.colcon_core.environment:checking '/home/relvixx/ros2_jazzy/install/my_first_interfaces/lib'
[7.233s] Level 1:colcon.colcon_core.shell:create_environment_hook('my_first_interfaces', 'ld_library_path_lib')
[7.233s] INFO:colcon.colcon_core.shell:Creating environment hook '/home/relvixx/ros2_jazzy/install/my_first_interfaces/share/my_first_interfaces/hook/ld_library_path_lib.ps1'
[7.233s] INFO:colcon.colcon_core.shell:Creating environment descriptor '/home/relvixx/ros2_jazzy/install/my_first_interfaces/share/my_first_interfaces/hook/ld_library_path_lib.dsv'
[7.233s] INFO:colcon.colcon_core.shell:Creating environment hook '/home/relvixx/ros2_jazzy/install/my_first_interfaces/share/my_first_interfaces/hook/ld_library_path_lib.sh'
[7.233s] Level 1:colcon.colcon_core.environment:checking '/home/relvixx/ros2_jazzy/install/my_first_interfaces/bin'
[7.233s] Level 1:colcon.colcon_core.environment:checking '/home/relvixx/ros2_jazzy/install/my_first_interfaces/lib/pkgconfig/my_first_interfaces.pc'
[7.234s] Level 1:colcon.colcon_core.environment:checking '/home/relvixx/ros2_jazzy/install/my_first_interfaces/lib/python3.12/site-packages'
[7.234s] Level 1:colcon.colcon_core.shell:create_environment_hook('my_first_interfaces', 'pythonpath')
[7.234s] INFO:colcon.colcon_core.shell:Creating environment hook '/home/relvixx/ros2_jazzy/install/my_first_interfaces/share/my_first_interfaces/hook/pythonpath.ps1'
[7.234s] INFO:colcon.colcon_core.shell:Creating environment descriptor '/home/relvixx/ros2_jazzy/install/my_first_interfaces/share/my_first_interfaces/hook/pythonpath.dsv'
[7.234s] INFO:colcon.colcon_core.shell:Creating environment hook '/home/relvixx/ros2_jazzy/install/my_first_interfaces/share/my_first_interfaces/hook/pythonpath.sh'
[7.235s] Level 1:colcon.colcon_core.environment:checking '/home/relvixx/ros2_jazzy/install/my_first_interfaces/bin'
[7.235s] INFO:colcon.colcon_core.shell:Creating package script '/home/relvixx/ros2_jazzy/install/my_first_interfaces/share/my_first_interfaces/package.ps1'
[7.236s] INFO:colcon.colcon_core.shell:Creating package descriptor '/home/relvixx/ros2_jazzy/install/my_first_interfaces/share/my_first_interfaces/package.dsv'
[7.236s] INFO:colcon.colcon_core.shell:Creating package script '/home/relvixx/ros2_jazzy/install/my_first_interfaces/share/my_first_interfaces/package.sh'
[7.237s] INFO:colcon.colcon_core.shell:Creating package script '/home/relvixx/ros2_jazzy/install/my_first_interfaces/share/my_first_interfaces/package.bash'
[7.237s] INFO:colcon.colcon_core.shell:Creating package script '/home/relvixx/ros2_jazzy/install/my_first_interfaces/share/my_first_interfaces/package.zsh'
[7.237s] Level 1:colcon.colcon_core.environment:create_file_with_runtime_dependencies(/home/relvixx/ros2_jazzy/install/my_first_interfaces/share/colcon-core/packages/my_first_interfaces)
[7.238s] Level 1:colcon.colcon_core.environment:create_environment_scripts_only(my_first_interfaces)
[7.238s] Level 1:colcon.colcon_core.environment:checking '/home/relvixx/ros2_jazzy/install/my_first_interfaces' for CMake module files
[7.239s] Level 1:colcon.colcon_core.environment:checking '/home/relvixx/ros2_jazzy/install/my_first_interfaces' for CMake config files
[7.239s] Level 1:colcon.colcon_core.shell:create_environment_hook('my_first_interfaces', 'cmake_prefix_path')
[7.239s] INFO:colcon.colcon_core.shell:Creating environment hook '/home/relvixx/ros2_jazzy/install/my_first_interfaces/share/my_first_interfaces/hook/cmake_prefix_path.ps1'
[7.240s] INFO:colcon.colcon_core.shell:Creating environment descriptor '/home/relvixx/ros2_jazzy/install/my_first_interfaces/share/my_first_interfaces/hook/cmake_prefix_path.dsv'
[7.240s] INFO:colcon.colcon_core.shell:Creating environment hook '/home/relvixx/ros2_jazzy/install/my_first_interfaces/share/my_first_interfaces/hook/cmake_prefix_path.sh'
[7.240s] Level 1:colcon.colcon_core.environment:checking '/home/relvixx/ros2_jazzy/install/my_first_interfaces/lib'
[7.240s] Level 1:colcon.colcon_core.shell:create_environment_hook('my_first_interfaces', 'ld_library_path_lib')
[7.240s] INFO:colcon.colcon_core.shell:Creating environment hook '/home/relvixx/ros2_jazzy/install/my_first_interfaces/share/my_first_interfaces/hook/ld_library_path_lib.ps1'
[7.241s] INFO:colcon.colcon_core.shell:Creating environment descriptor '/home/relvixx/ros2_jazzy/install/my_first_interfaces/share/my_first_interfaces/hook/ld_library_path_lib.dsv'
[7.241s] INFO:colcon.colcon_core.shell:Creating environment hook '/home/relvixx/ros2_jazzy/install/my_first_interfaces/share/my_first_interfaces/hook/ld_library_path_lib.sh'
[7.241s] Level 1:colcon.colcon_core.environment:checking '/home/relvixx/ros2_jazzy/install/my_first_interfaces/bin'
[7.241s] Level 1:colcon.colcon_core.environment:checking '/home/relvixx/ros2_jazzy/install/my_first_interfaces/lib/pkgconfig/my_first_interfaces.pc'
[7.241s] Level 1:colcon.colcon_core.environment:checking '/home/relvixx/ros2_jazzy/install/my_first_interfaces/lib/python3.12/site-packages'
[7.241s] Level 1:colcon.colcon_core.shell:create_environment_hook('my_first_interfaces', 'pythonpath')
[7.242s] INFO:colcon.colcon_core.shell:Creating environment hook '/home/relvixx/ros2_jazzy/install/my_first_interfaces/share/my_first_interfaces/hook/pythonpath.ps1'
[7.242s] INFO:colcon.colcon_core.shell:Creating environment descriptor '/home/relvixx/ros2_jazzy/install/my_first_interfaces/share/my_first_interfaces/hook/pythonpath.dsv'
[7.242s] INFO:colcon.colcon_core.shell:Creating environment hook '/home/relvixx/ros2_jazzy/install/my_first_interfaces/share/my_first_interfaces/hook/pythonpath.sh'
[7.242s] Level 1:colcon.colcon_core.environment:checking '/home/relvixx/ros2_jazzy/install/my_first_interfaces/bin'
[7.243s] INFO:colcon.colcon_core.shell:Creating package script '/home/relvixx/ros2_jazzy/install/my_first_interfaces/share/my_first_interfaces/package.ps1'
[7.243s] INFO:colcon.colcon_core.shell:Creating package descriptor '/home/relvixx/ros2_jazzy/install/my_first_interfaces/share/my_first_interfaces/package.dsv'
[7.243s] INFO:colcon.colcon_core.shell:Creating package script '/home/relvixx/ros2_jazzy/install/my_first_interfaces/share/my_first_interfaces/package.sh'
[7.244s] INFO:colcon.colcon_core.shell:Creating package script '/home/relvixx/ros2_jazzy/install/my_first_interfaces/share/my_first_interfaces/package.bash'
[7.244s] INFO:colcon.colcon_core.shell:Creating package script '/home/relvixx/ros2_jazzy/install/my_first_interfaces/share/my_first_interfaces/package.zsh'
[7.244s] Level 1:colcon.colcon_core.environment:create_file_with_runtime_dependencies(/home/relvixx/ros2_jazzy/install/my_first_interfaces/share/colcon-core/packages/my_first_interfaces)
[7.244s] INFO:colcon.colcon_ros.task.ament_python.build:Building ROS package in '/home/relvixx/ros2_jazzy/src/my_first_pkg' with build type 'ament_python'
[7.245s] Level 1:colcon.colcon_core.shell:create_environment_hook('my_first_pkg', 'ament_prefix_path')
[7.245s] INFO:colcon.colcon_core.shell:Creating environment hook '/home/relvixx/ros2_jazzy/install/my_first_pkg/share/my_first_pkg/hook/ament_prefix_path.ps1'
[7.245s] INFO:colcon.colcon_core.shell:Creating environment descriptor '/home/relvixx/ros2_jazzy/install/my_first_pkg/share/my_first_pkg/hook/ament_prefix_path.dsv'
[7.246s] INFO:colcon.colcon_core.shell:Creating environment hook '/home/relvixx/ros2_jazzy/install/my_first_pkg/share/my_first_pkg/hook/ament_prefix_path.sh'
[7.246s] INFO:colcon.colcon_core.shell:Skip shell extension 'powershell' for command environment: Not usable outside of PowerShell
[7.246s] DEBUG:colcon.colcon_core.shell:Skip shell extension 'dsv' for command environment
[7.417s] INFO:colcon.colcon_core.task.python.build:Building Python package in '/home/relvixx/ros2_jazzy/src/my_first_pkg'
[7.417s] INFO:colcon.colcon_core.shell:Skip shell extension 'powershell' for command environment: Not usable outside of PowerShell
[7.417s] DEBUG:colcon.colcon_core.shell:Skip shell extension 'dsv' for command environment
[7.886s] DEBUG:colcon.colcon_core.task.python.build:Available setuptools commands: symlink_data, editable_wheel, install_scripts, upload_docs, rotate, build_clib, install_lib, bdist_wheel, dist_info, register, clean, sdist, setopt, easy_install, upload, init_catalog, install, update_catalog, bdist_egg, build, bdist_rpm, install_egg_info, install_headers, alias, test, compile_catalog, build_ext, bdist_dumb, build_scripts, bdist, develop, build_py, egg_info, install_data, check, saveopts, extract_messages
[8.139s] DEBUG:colcon.colcon_core.task.python.build:Available setuptools 'develop' options: --find-links, --force-installation-into-system-dir, --build-directory, --multi-version, --local-snapshots-ok, --quiet, --script-dir, --exclude-scripts, --allow-hosts, --verbose, --always-unzip, --no-user-cfg, --egg-path, --no-deps, --install-layout, --version, --dry-run, --install-dir, --index-url, --help, --site-dirs, --user, --optimize, --uninstall, --upgrade, --prefix, --record, --editable, --always-copy, --no-find-links, --zip-ok
[8.140s] DEBUG:colcon.colcon_core.event_handler.log_command:Invoking command in '/home/relvixx/ros2_jazzy/build/my_first_pkg': DEBUGINFOD_URLS=https://debuginfod.ubuntu.com PYTHONPATH=/home/relvixx/ros2_jazzy/build/my_first_pkg/prefix_override:/usr/lib/python3/dist-packages/colcon_core/task/python/colcon_distutils_commands:/home/relvixx/ros2_jazzy/install/my_first_pkg/lib/python3.12/site-packages:/home/relvixx/ros2_jazzy/install/my_first_interfaces/lib/python3.12/site-packages:/home/relvixx/ros2_jazzy/install/my_first_pkg/lib/python3.12/site-packages:/opt/ros/jazzy/lib/python3.12/site-packages /usr/bin/python3 -W ignore:setup.py install is deprecated -W ignore:easy_install command is deprecated setup.py develop --editable --build-directory /home/relvixx/ros2_jazzy/build/my_first_pkg/build --no-deps symlink_data
[8.659s] Level 1:colcon.colcon_core.shell:create_environment_hook('my_first_pkg', 'pythonpath_develop')
[8.659s] INFO:colcon.colcon_core.shell:Creating environment hook '/home/relvixx/ros2_jazzy/build/my_first_pkg/share/my_first_pkg/hook/pythonpath_develop.ps1'
[8.660s] DEBUG:colcon.colcon_core.event_handler.log_command:Invoked command in '/home/relvixx/ros2_jazzy/build/my_first_pkg' returned '0': DEBUGINFOD_URLS=https://debuginfod.ubuntu.com PYTHONPATH=/home/relvixx/ros2_jazzy/build/my_first_pkg/prefix_override:/usr/lib/python3/dist-packages/colcon_core/task/python/colcon_distutils_commands:/home/relvixx/ros2_jazzy/install/my_first_pkg/lib/python3.12/site-packages:/home/relvixx/ros2_jazzy/install/my_first_interfaces/lib/python3.12/site-packages:/home/relvixx/ros2_jazzy/install/my_first_pkg/lib/python3.12/site-packages:/opt/ros/jazzy/lib/python3.12/site-packages /usr/bin/python3 -W ignore:setup.py install is deprecated -W ignore:easy_install command is deprecated setup.py develop --editable --build-directory /home/relvixx/ros2_jazzy/build/my_first_pkg/build --no-deps symlink_data
[8.661s] INFO:colcon.colcon_core.shell:Creating environment descriptor '/home/relvixx/ros2_jazzy/build/my_first_pkg/share/my_first_pkg/hook/pythonpath_develop.dsv'
[8.661s] INFO:colcon.colcon_core.shell:Creating environment hook '/home/relvixx/ros2_jazzy/build/my_first_pkg/share/my_first_pkg/hook/pythonpath_develop.sh'
[8.661s] Level 1:colcon.colcon_core.environment:checking '/home/relvixx/ros2_jazzy/install/my_first_pkg' for CMake module files
[8.662s] Level 1:colcon.colcon_core.environment:checking '/home/relvixx/ros2_jazzy/install/my_first_pkg' for CMake config files
[8.662s] Level 1:colcon.colcon_core.environment:checking '/home/relvixx/ros2_jazzy/install/my_first_pkg/lib'
[8.662s] Level 1:colcon.colcon_core.environment:checking '/home/relvixx/ros2_jazzy/install/my_first_pkg/bin'
[8.662s] Level 1:colcon.colcon_core.environment:checking '/home/relvixx/ros2_jazzy/install/my_first_pkg/lib/pkgconfig/my_first_pkg.pc'
[8.662s] Level 1:colcon.colcon_core.environment:checking '/home/relvixx/ros2_jazzy/install/my_first_pkg/lib/python3.12/site-packages'
[8.662s] Level 1:colcon.colcon_core.shell:create_environment_hook('my_first_pkg', 'pythonpath')
[8.662s] INFO:colcon.colcon_core.shell:Creating environment hook '/home/relvixx/ros2_jazzy/install/my_first_pkg/share/my_first_pkg/hook/pythonpath.ps1'
[8.663s] INFO:colcon.colcon_core.shell:Creating environment descriptor '/home/relvixx/ros2_jazzy/install/my_first_pkg/share/my_first_pkg/hook/pythonpath.dsv'
[8.663s] INFO:colcon.colcon_core.shell:Creating environment hook '/home/relvixx/ros2_jazzy/install/my_first_pkg/share/my_first_pkg/hook/pythonpath.sh'
[8.663s] Level 1:colcon.colcon_core.environment:checking '/home/relvixx/ros2_jazzy/install/my_first_pkg/bin'
[8.663s] Level 1:colcon.colcon_core.environment:create_environment_scripts_only(my_first_pkg)
[8.663s] INFO:colcon.colcon_core.shell:Creating package script '/home/relvixx/ros2_jazzy/install/my_first_pkg/share/my_first_pkg/package.ps1'
[8.664s] INFO:colcon.colcon_core.shell:Creating package descriptor '/home/relvixx/ros2_jazzy/install/my_first_pkg/share/my_first_pkg/package.dsv'
[8.664s] INFO:colcon.colcon_core.shell:Creating package script '/home/relvixx/ros2_jazzy/install/my_first_pkg/share/my_first_pkg/package.sh'
[8.664s] INFO:colcon.colcon_core.shell:Creating package script '/home/relvixx/ros2_jazzy/install/my_first_pkg/share/my_first_pkg/package.bash'
[8.665s] INFO:colcon.colcon_core.shell:Creating package script '/home/relvixx/ros2_jazzy/install/my_first_pkg/share/my_first_pkg/package.zsh'
[8.665s] Level 1:colcon.colcon_core.environment:create_file_with_runtime_dependencies(/home/relvixx/ros2_jazzy/install/my_first_pkg/share/colcon-core/packages/my_first_pkg)
[8.665s] DEBUG:colcon.colcon_parallel_executor.executor.parallel:closing loop
[8.666s] DEBUG:colcon.colcon_parallel_executor.executor.parallel:loop closed
[8.666s] DEBUG:colcon.colcon_parallel_executor.executor.parallel:run_until_complete finished with '0'
[8.666s] DEBUG:colcon.colcon_core.event_reactor:joining thread
[8.673s] INFO:colcon.colcon_core.plugin_system:Skipping extension 'colcon_notification.desktop_notification.terminal_notifier': Not used on non-Darwin systems
[8.673s] INFO:colcon.colcon_core.plugin_system:Skipping extension 'colcon_notification.desktop_notification.win32': Not used on non-Windows systems
[8.673s] INFO:colcon.colcon_notification.desktop_notification:Sending desktop notification using 'notify2'
[8.683s] DEBUG:colcon.colcon_core.event_reactor:joined thread
[8.684s] INFO:colcon.colcon_core.shell:Creating prefix script '/home/relvixx/ros2_jazzy/install/local_setup.ps1'
[8.684s] INFO:colcon.colcon_core.shell:Creating prefix util module '/home/relvixx/ros2_jazzy/install/_local_setup_util_ps1.py'
[8.685s] INFO:colcon.colcon_core.shell:Creating prefix chain script '/home/relvixx/ros2_jazzy/install/setup.ps1'
[8.686s] INFO:colcon.colcon_core.shell:Creating prefix script '/home/relvixx/ros2_jazzy/install/local_setup.sh'
[8.687s] INFO:colcon.colcon_core.shell:Creating prefix util module '/home/relvixx/ros2_jazzy/install/_local_setup_util_sh.py'
[8.687s] INFO:colcon.colcon_core.shell:Creating prefix chain script '/home/relvixx/ros2_jazzy/install/setup.sh'
[8.688s] INFO:colcon.colcon_core.shell:Creating prefix script '/home/relvixx/ros2_jazzy/install/local_setup.bash'
[8.688s] INFO:colcon.colcon_core.shell:Creating prefix chain script '/home/relvixx/ros2_jazzy/install/setup.bash'
[8.689s] INFO:colcon.colcon_core.shell:Creating prefix script '/home/relvixx/ros2_jazzy/install/local_setup.zsh'
[8.689s] INFO:colcon.colcon_core.shell:Creating prefix chain script '/home/relvixx/ros2_jazzy/install/setup.zsh'
