[0.032s] Invoking command in '/home/relvixx/ros2_jazzy/build/my_first_interfaces': CMAKE_PREFIX_PATH=${CMAKE_PREFIX_PATH}:/opt/ros/jazzy DEBUGINFOD_URLS=https://debuginfod.ubuntu.com /usr/bin/cmake /home/relvixx/ros2_jazzy/src/my_first_interfaces -DCMAKE_INSTALL_PREFIX=/home/relvixx/ros2_jazzy/install/my_first_interfaces
[0.134s] -- The C compiler identification is GNU 13.3.0
[0.231s] -- The CXX compiler identification is GNU 13.3.0
[0.261s] -- Detecting C compiler ABI info
[0.443s] -- Detecting C compiler ABI info - done
[0.460s] -- Check for working C compiler: /usr/bin/cc - skipped
[0.460s] -- Detecting C compile features
[0.461s] -- Detecting C compile features - done
[0.480s] -- Detecting CXX compiler ABI info
[0.672s] -- Detecting CXX compiler ABI info - done
[0.689s] -- Check for working CXX compiler: /usr/bin/c++ - skipped
[0.690s] -- Detecting CXX compile features
[0.691s] -- Detecting CXX compile features - done
[0.698s] -- Found ament_cmake: 2.5.6 (/opt/ros/jazzy/share/ament_cmake/cmake)
[0.953s] -- Found Python3: /usr/bin/python3 (found version "3.12.3") found components: Interpreter 
[1.133s] -- Found rosidl_default_generators: 1.6.1 (/opt/ros/jazzy/share/rosidl_default_generators/cmake)
[1.141s] -- Using all available rosidl_typesupport_c: rosidl_typesupport_fastrtps_c;rosidl_typesupport_introspection_c
[1.219s] -- Using all available rosidl_typesupport_cpp: rosidl_typesupport_fastrtps_cpp;rosidl_typesupport_introspection_cpp
[1.269s] -- Found rosidl_adapter: 4.6.9 (/opt/ros/jazzy/share/rosidl_adapter/cmake)
[1.801s] -- Found ament_cmake_ros: 0.12.1 (/opt/ros/jazzy/share/ament_cmake_ros/cmake)
[2.163s] -- Using all available rosidl_typesupport_c: rosidl_typesupport_fastrtps_c;rosidl_typesupport_introspection_c
[2.632s] -- Using all available rosidl_typesupport_cpp: rosidl_typesupport_fastrtps_cpp;rosidl_typesupport_introspection_cpp
[2.635s] -- Found python_cmake_module: 0.11.1 (/opt/ros/jazzy/share/python_cmake_module/cmake)
[2.751s] -- Found PythonExtra: /usr/bin/python3  
[3.099s] -- Found Python3: /usr/bin/python3 (found version "3.12.3") found components: Interpreter Development NumPy Development.Module Development.Embed 
[3.153s] -- Found Python3: /usr/bin/python3 (found version "3.12.3") found components: Interpreter 
[3.155s] -- Found ament_lint_auto: 0.17.5 (/opt/ros/jazzy/share/ament_lint_auto/cmake)
[3.171s] -- Added test 'lint_cmake' to check CMake code style
[3.172s] -- Added test 'xmllint' to check XML markup files
[3.174s] -- Configuring done (3.1s)
[3.206s] -- Generating done (0.0s)
[3.216s] -- Build files have been written to: /home/relvixx/ros2_jazzy/build/my_first_interfaces
[3.226s] Invoked command in '/home/relvixx/ros2_jazzy/build/my_first_interfaces' returned '0': CMAKE_PREFIX_PATH=${CMAKE_PREFIX_PATH}:/opt/ros/jazzy DEBUGINFOD_URLS=https://debuginfod.ubuntu.com /usr/bin/cmake /home/relvixx/ros2_jazzy/src/my_first_interfaces -DCMAKE_INSTALL_PREFIX=/home/relvixx/ros2_jazzy/install/my_first_interfaces
[3.227s] Invoking command in '/home/relvixx/ros2_jazzy/build/my_first_interfaces': CMAKE_PREFIX_PATH=${CMAKE_PREFIX_PATH}:/opt/ros/jazzy DEBUGINFOD_URLS=https://debuginfod.ubuntu.com /usr/bin/cmake --build /home/relvixx/ros2_jazzy/build/my_first_interfaces -- -j12 -l12
[3.273s] [  5%] [34m[1mGenerating Rust code for ROS interfaces[0m
[3.273s] [  5%] [34m[1mGenerating type hashes for ROS interfaces[0m
[3.280s] [  5%] Built target ament_cmake_python_copy_my_first_interfaces
[3.426s] [  5%] Built target my_first_interfaces__rosidl_generator_type_description
[3.436s] [  8%] [34m[1mGenerating C code for ROS interfaces[0m
[3.447s] [ 11%] [34m[1mGenerating C++ code for ROS interfaces[0m
[3.462s] running egg_info
[3.463s] creating my_first_interfaces.egg-info
[3.476s] [ 11%] Built target my_first_interfaces__rs
[3.493s] writing my_first_interfaces.egg-info/PKG-INFO
[3.493s] writing dependency_links to my_first_interfaces.egg-info/dependency_links.txt
[3.493s] writing top-level names to my_first_interfaces.egg-info/top_level.txt
[3.493s] writing manifest file 'my_first_interfaces.egg-info/SOURCES.txt'
[3.566s] reading manifest file 'my_first_interfaces.egg-info/SOURCES.txt'
[3.566s] writing manifest file 'my_first_interfaces.egg-info/SOURCES.txt'
[3.592s] [ 11%] Built target ament_cmake_python_build_my_first_interfaces_egg
[3.804s] [ 14%] [32mBuilding C object CMakeFiles/my_first_interfaces__rosidl_generator_c.dir/rosidl_generator_c/my_first_interfaces/action/detail/fibonacci__description.c.o[0m
[3.805s] [ 14%] Built target my_first_interfaces__cpp
[3.805s] [ 20%] [32mBuilding C object CMakeFiles/my_first_interfaces__rosidl_generator_c.dir/rosidl_generator_c/my_first_interfaces/action/detail/fibonacci__type_support.c.o[0m
[3.805s] [ 20%] [32mBuilding C object CMakeFiles/my_first_interfaces__rosidl_generator_c.dir/rosidl_generator_c/my_first_interfaces/action/detail/fibonacci__functions.c.o[0m
[3.926s] [ 22%] [32m[1mLinking C shared library libmy_first_interfaces__rosidl_generator_c.so[0m
[3.965s] [ 22%] Built target my_first_interfaces__rosidl_generator_c
[3.974s] [ 40%] [34m[1mGenerating C introspection for ROS interfaces[0m
[3.975s] [ 40%] [34m[1mGenerating C++ introspection for ROS interfaces[0m
[3.975s] [ 40%] [34m[1mGenerating C++ type support for eProsima Fast-RTPS[0m
[3.975s] [ 40%] [34m[1mGenerating C type support for eProsima Fast-RTPS[0m
[3.975s] [ 40%] [34m[1mGenerating C type support dispatch for ROS interfaces[0m
[3.975s] [ 40%] [34m[1mGenerating C++ type support dispatch for ROS interfaces[0m
[4.197s] [ 42%] [32mBuilding CXX object CMakeFiles/my_first_interfaces__rosidl_typesupport_c.dir/rosidl_typesupport_c/my_first_interfaces/action/fibonacci__type_support.cpp.o[0m
[4.223s] [ 45%] [32mBuilding CXX object CMakeFiles/my_first_interfaces__rosidl_typesupport_cpp.dir/rosidl_typesupport_cpp/my_first_interfaces/action/fibonacci__type_support.cpp.o[0m
[4.251s] [ 48%] [32m[1mLinking CXX shared library libmy_first_interfaces__rosidl_typesupport_c.so[0m
[4.256s] [ 51%] [32mBuilding CXX object CMakeFiles/my_first_interfaces__rosidl_typesupport_introspection_cpp.dir/rosidl_typesupport_introspection_cpp/my_first_interfaces/action/detail/fibonacci__type_support.cpp.o[0m
[4.275s] [ 54%] [32mBuilding C object CMakeFiles/my_first_interfaces__rosidl_typesupport_introspection_c.dir/rosidl_typesupport_introspection_c/my_first_interfaces/action/detail/fibonacci__type_support.c.o[0m
[4.290s] [ 54%] Built target my_first_interfaces__rosidl_typesupport_c
[4.419s] [ 57%] [32mBuilding CXX object CMakeFiles/my_first_interfaces__rosidl_typesupport_fastrtps_cpp.dir/rosidl_typesupport_fastrtps_cpp/my_first_interfaces/action/detail/dds_fastrtps/fibonacci__type_support.cpp.o[0m
[4.434s] [ 60%] [32m[1mLinking C shared library libmy_first_interfaces__rosidl_typesupport_introspection_c.so[0m
[4.469s] [ 60%] Built target my_first_interfaces__rosidl_typesupport_introspection_c
[4.480s] [ 62%] [32mBuilding CXX object CMakeFiles/my_first_interfaces__rosidl_typesupport_fastrtps_c.dir/rosidl_typesupport_fastrtps_c/my_first_interfaces/action/detail/fibonacci__type_support_c.cpp.o[0m
[4.822s] [ 65%] [32m[1mLinking CXX shared library libmy_first_interfaces__rosidl_typesupport_cpp.so[0m
[4.986s] [ 68%] [32m[1mLinking CXX shared library libmy_first_interfaces__rosidl_typesupport_introspection_cpp.so[0m
[4.986s] [ 68%] Built target my_first_interfaces__rosidl_typesupport_cpp
[5.184s] [ 68%] Built target my_first_interfaces__rosidl_typesupport_introspection_cpp
[5.191s] [ 71%] [32m[1mLinking CXX shared library libmy_first_interfaces__rosidl_typesupport_fastrtps_c.so[0m
[5.238s] [ 71%] Built target my_first_interfaces__rosidl_typesupport_fastrtps_c
[5.551s] [ 74%] [32m[1mLinking CXX shared library libmy_first_interfaces__rosidl_typesupport_fastrtps_cpp.so[0m
[5.619s] [ 74%] Built target my_first_interfaces__rosidl_typesupport_fastrtps_cpp
[5.639s] [ 74%] Built target my_first_interfaces
[5.733s] [ 77%] [34m[1mGenerating Python code for ROS interfaces[0m
[6.199s] [ 77%] Built target my_first_interfaces__py
[6.220s] [ 80%] [32mBuilding C object CMakeFiles/my_first_interfaces__rosidl_generator_py.dir/rosidl_generator_py/my_first_interfaces/action/_fibonacci_s.c.o[0m
[6.445s] [ 82%] [32m[1mLinking C shared library libmy_first_interfaces__rosidl_generator_py.so[0m
[6.486s] [ 82%] Built target my_first_interfaces__rosidl_generator_py
[6.505s] [ 88%] [32mBuilding C object CMakeFiles/my_first_interfaces_s__rosidl_typesupport_fastrtps_c.dir/rosidl_generator_py/my_first_interfaces/_my_first_interfaces_s.ep.rosidl_typesupport_fastrtps_c.c.o[0m
[6.505s] [ 88%] [32mBuilding C object CMakeFiles/my_first_interfaces_s__rosidl_typesupport_introspection_c.dir/rosidl_generator_py/my_first_interfaces/_my_first_interfaces_s.ep.rosidl_typesupport_introspection_c.c.o[0m
[6.505s] [ 91%] [32mBuilding C object CMakeFiles/my_first_interfaces_s__rosidl_typesupport_c.dir/rosidl_generator_py/my_first_interfaces/_my_first_interfaces_s.ep.rosidl_typesupport_c.c.o[0m
[6.637s] [100%] [32m[1mLinking C shared module rosidl_generator_py/my_first_interfaces/my_first_interfaces_s__rosidl_typesupport_introspection_c.so[0m
[6.637s] [100%] [32m[1mLinking C shared module rosidl_generator_py/my_first_interfaces/my_first_interfaces_s__rosidl_typesupport_fastrtps_c.so[0m
[6.637s] [100%] [32m[1mLinking C shared module rosidl_generator_py/my_first_interfaces/my_first_interfaces_s__rosidl_typesupport_c.so[0m
[6.666s] [100%] Built target my_first_interfaces_s__rosidl_typesupport_c
[6.666s] [100%] Built target my_first_interfaces_s__rosidl_typesupport_fastrtps_c
[6.667s] [100%] Built target my_first_interfaces_s__rosidl_typesupport_introspection_c
[6.719s] Invoked command in '/home/relvixx/ros2_jazzy/build/my_first_interfaces' returned '0': CMAKE_PREFIX_PATH=${CMAKE_PREFIX_PATH}:/opt/ros/jazzy DEBUGINFOD_URLS=https://debuginfod.ubuntu.com /usr/bin/cmake --build /home/relvixx/ros2_jazzy/build/my_first_interfaces -- -j12 -l12
[6.728s] Invoking command in '/home/relvixx/ros2_jazzy/build/my_first_interfaces': CMAKE_PREFIX_PATH=${CMAKE_PREFIX_PATH}:/opt/ros/jazzy DEBUGINFOD_URLS=https://debuginfod.ubuntu.com /usr/bin/cmake --install /home/relvixx/ros2_jazzy/build/my_first_interfaces
[6.736s] -- Install configuration: ""
[6.808s] -- Installing: /home/relvixx/ros2_jazzy/install/my_first_interfaces/share/ament_index/resource_index/rosidl_interfaces/my_first_interfaces
[6.809s] -- Installing: /home/relvixx/ros2_jazzy/install/my_first_interfaces/share/my_first_interfaces/action/Fibonacci.json
[6.809s] -- Installing: /home/relvixx/ros2_jazzy/install/my_first_interfaces/include/my_first_interfaces/my_first_interfaces
[6.809s] -- Installing: /home/relvixx/ros2_jazzy/install/my_first_interfaces/include/my_first_interfaces/my_first_interfaces/action
[6.809s] -- Installing: /home/relvixx/ros2_jazzy/install/my_first_interfaces/include/my_first_interfaces/my_first_interfaces/action/detail
[6.809s] -- Installing: /home/relvixx/ros2_jazzy/install/my_first_interfaces/include/my_first_interfaces/my_first_interfaces/action/detail/fibonacci__type_support.h
[6.810s] -- Installing: /home/relvixx/ros2_jazzy/install/my_first_interfaces/include/my_first_interfaces/my_first_interfaces/action/detail/fibonacci__functions.h
[6.810s] -- Installing: /home/relvixx/ros2_jazzy/install/my_first_interfaces/include/my_first_interfaces/my_first_interfaces/action/detail/fibonacci__functions.c
[6.810s] -- Installing: /home/relvixx/ros2_jazzy/install/my_first_interfaces/include/my_first_interfaces/my_first_interfaces/action/detail/fibonacci__struct.h
[6.810s] -- Installing: /home/relvixx/ros2_jazzy/install/my_first_interfaces/include/my_first_interfaces/my_first_interfaces/action/detail/fibonacci__type_support.c
[6.810s] -- Installing: /home/relvixx/ros2_jazzy/install/my_first_interfaces/include/my_first_interfaces/my_first_interfaces/action/detail/fibonacci__description.c
[6.810s] -- Installing: /home/relvixx/ros2_jazzy/install/my_first_interfaces/include/my_first_interfaces/my_first_interfaces/action/fibonacci.h
[6.810s] -- Installing: /home/relvixx/ros2_jazzy/install/my_first_interfaces/include/my_first_interfaces/my_first_interfaces/msg
[6.810s] -- Installing: /home/relvixx/ros2_jazzy/install/my_first_interfaces/include/my_first_interfaces/my_first_interfaces/msg/rosidl_generator_c__visibility_control.h
[6.810s] -- Installing: /home/relvixx/ros2_jazzy/install/my_first_interfaces/share/my_first_interfaces/environment/library_path.sh
[6.810s] -- Installing: /home/relvixx/ros2_jazzy/install/my_first_interfaces/share/my_first_interfaces/environment/library_path.dsv
[6.811s] -- Installing: /home/relvixx/ros2_jazzy/install/my_first_interfaces/lib/libmy_first_interfaces__rosidl_generator_c.so
[6.811s] -- Set non-toolchain portion of runtime path of "/home/relvixx/ros2_jazzy/install/my_first_interfaces/lib/libmy_first_interfaces__rosidl_generator_c.so" to ""
[6.811s] -- Up-to-date: /home/relvixx/ros2_jazzy/install/my_first_interfaces/include/my_first_interfaces/my_first_interfaces
[6.811s] -- Up-to-date: /home/relvixx/ros2_jazzy/install/my_first_interfaces/include/my_first_interfaces/my_first_interfaces/action
[6.811s] -- Up-to-date: /home/relvixx/ros2_jazzy/install/my_first_interfaces/include/my_first_interfaces/my_first_interfaces/action/detail
[6.811s] -- Installing: /home/relvixx/ros2_jazzy/install/my_first_interfaces/include/my_first_interfaces/my_first_interfaces/action/detail/fibonacci__rosidl_typesupport_fastrtps_c.h
[6.811s] -- Up-to-date: /home/relvixx/ros2_jazzy/install/my_first_interfaces/include/my_first_interfaces/my_first_interfaces/msg
[6.811s] -- Installing: /home/relvixx/ros2_jazzy/install/my_first_interfaces/include/my_first_interfaces/my_first_interfaces/msg/rosidl_typesupport_fastrtps_c__visibility_control.h
[6.811s] -- Installing: /home/relvixx/ros2_jazzy/install/my_first_interfaces/lib/libmy_first_interfaces__rosidl_typesupport_fastrtps_c.so
[6.812s] -- Set non-toolchain portion of runtime path of "/home/relvixx/ros2_jazzy/install/my_first_interfaces/lib/libmy_first_interfaces__rosidl_typesupport_fastrtps_c.so" to ""
[6.812s] -- Up-to-date: /home/relvixx/ros2_jazzy/install/my_first_interfaces/include/my_first_interfaces/my_first_interfaces
[6.812s] -- Up-to-date: /home/relvixx/ros2_jazzy/install/my_first_interfaces/include/my_first_interfaces/my_first_interfaces/action
[6.812s] -- Up-to-date: /home/relvixx/ros2_jazzy/install/my_first_interfaces/include/my_first_interfaces/my_first_interfaces/action/detail
[6.812s] -- Installing: /home/relvixx/ros2_jazzy/install/my_first_interfaces/include/my_first_interfaces/my_first_interfaces/action/detail/fibonacci__rosidl_typesupport_introspection_c.h
[6.812s] -- Installing: /home/relvixx/ros2_jazzy/install/my_first_interfaces/include/my_first_interfaces/my_first_interfaces/action/detail/fibonacci__type_support.c
[6.812s] -- Up-to-date: /home/relvixx/ros2_jazzy/install/my_first_interfaces/include/my_first_interfaces/my_first_interfaces/msg
[6.812s] -- Installing: /home/relvixx/ros2_jazzy/install/my_first_interfaces/include/my_first_interfaces/my_first_interfaces/msg/rosidl_typesupport_introspection_c__visibility_control.h
[6.812s] -- Installing: /home/relvixx/ros2_jazzy/install/my_first_interfaces/lib/libmy_first_interfaces__rosidl_typesupport_introspection_c.so
[6.813s] -- Set non-toolchain portion of runtime path of "/home/relvixx/ros2_jazzy/install/my_first_interfaces/lib/libmy_first_interfaces__rosidl_typesupport_introspection_c.so" to ""
[6.813s] -- Installing: /home/relvixx/ros2_jazzy/install/my_first_interfaces/lib/libmy_first_interfaces__rosidl_typesupport_c.so
[6.813s] -- Set non-toolchain portion of runtime path of "/home/relvixx/ros2_jazzy/install/my_first_interfaces/lib/libmy_first_interfaces__rosidl_typesupport_c.so" to ""
[6.813s] -- Up-to-date: /home/relvixx/ros2_jazzy/install/my_first_interfaces/include/my_first_interfaces/my_first_interfaces
[6.813s] -- Up-to-date: /home/relvixx/ros2_jazzy/install/my_first_interfaces/include/my_first_interfaces/my_first_interfaces/action
[6.813s] -- Installing: /home/relvixx/ros2_jazzy/install/my_first_interfaces/include/my_first_interfaces/my_first_interfaces/action/fibonacci.hpp
[6.813s] -- Up-to-date: /home/relvixx/ros2_jazzy/install/my_first_interfaces/include/my_first_interfaces/my_first_interfaces/action/detail
[6.813s] -- Installing: /home/relvixx/ros2_jazzy/install/my_first_interfaces/include/my_first_interfaces/my_first_interfaces/action/detail/fibonacci__traits.hpp
[6.814s] -- Installing: /home/relvixx/ros2_jazzy/install/my_first_interfaces/include/my_first_interfaces/my_first_interfaces/action/detail/fibonacci__struct.hpp
[6.814s] -- Installing: /home/relvixx/ros2_jazzy/install/my_first_interfaces/include/my_first_interfaces/my_first_interfaces/action/detail/fibonacci__type_support.hpp
[6.814s] -- Installing: /home/relvixx/ros2_jazzy/install/my_first_interfaces/include/my_first_interfaces/my_first_interfaces/action/detail/fibonacci__builder.hpp
[6.814s] -- Up-to-date: /home/relvixx/ros2_jazzy/install/my_first_interfaces/include/my_first_interfaces/my_first_interfaces/msg
[6.814s] -- Installing: /home/relvixx/ros2_jazzy/install/my_first_interfaces/include/my_first_interfaces/my_first_interfaces/msg/rosidl_generator_cpp__visibility_control.hpp
[6.814s] -- Up-to-date: /home/relvixx/ros2_jazzy/install/my_first_interfaces/include/my_first_interfaces/my_first_interfaces
[6.814s] -- Up-to-date: /home/relvixx/ros2_jazzy/install/my_first_interfaces/include/my_first_interfaces/my_first_interfaces/action
[6.814s] -- Up-to-date: /home/relvixx/ros2_jazzy/install/my_first_interfaces/include/my_first_interfaces/my_first_interfaces/action/detail
[6.814s] -- Installing: /home/relvixx/ros2_jazzy/install/my_first_interfaces/include/my_first_interfaces/my_first_interfaces/action/detail/dds_fastrtps
[6.815s] -- Installing: /home/relvixx/ros2_jazzy/install/my_first_interfaces/include/my_first_interfaces/my_first_interfaces/action/detail/fibonacci__rosidl_typesupport_fastrtps_cpp.hpp
[6.815s] -- Up-to-date: /home/relvixx/ros2_jazzy/install/my_first_interfaces/include/my_first_interfaces/my_first_interfaces/msg
[6.815s] -- Installing: /home/relvixx/ros2_jazzy/install/my_first_interfaces/include/my_first_interfaces/my_first_interfaces/msg/rosidl_typesupport_fastrtps_cpp__visibility_control.h
[6.815s] -- Installing: /home/relvixx/ros2_jazzy/install/my_first_interfaces/lib/libmy_first_interfaces__rosidl_typesupport_fastrtps_cpp.so
[6.815s] -- Set non-toolchain portion of runtime path of "/home/relvixx/ros2_jazzy/install/my_first_interfaces/lib/libmy_first_interfaces__rosidl_typesupport_fastrtps_cpp.so" to ""
[6.815s] -- Up-to-date: /home/relvixx/ros2_jazzy/install/my_first_interfaces/include/my_first_interfaces/my_first_interfaces
[6.815s] -- Up-to-date: /home/relvixx/ros2_jazzy/install/my_first_interfaces/include/my_first_interfaces/my_first_interfaces/action
[6.815s] -- Up-to-date: /home/relvixx/ros2_jazzy/install/my_first_interfaces/include/my_first_interfaces/my_first_interfaces/action/detail
[6.816s] -- Installing: /home/relvixx/ros2_jazzy/install/my_first_interfaces/include/my_first_interfaces/my_first_interfaces/action/detail/fibonacci__rosidl_typesupport_introspection_cpp.hpp
[6.816s] -- Installing: /home/relvixx/ros2_jazzy/install/my_first_interfaces/include/my_first_interfaces/my_first_interfaces/action/detail/fibonacci__type_support.cpp
[6.816s] -- Installing: /home/relvixx/ros2_jazzy/install/my_first_interfaces/lib/libmy_first_interfaces__rosidl_typesupport_introspection_cpp.so
[6.816s] -- Set non-toolchain portion of runtime path of "/home/relvixx/ros2_jazzy/install/my_first_interfaces/lib/libmy_first_interfaces__rosidl_typesupport_introspection_cpp.so" to ""
[6.816s] -- Installing: /home/relvixx/ros2_jazzy/install/my_first_interfaces/lib/libmy_first_interfaces__rosidl_typesupport_cpp.so
[6.817s] -- Set non-toolchain portion of runtime path of "/home/relvixx/ros2_jazzy/install/my_first_interfaces/lib/libmy_first_interfaces__rosidl_typesupport_cpp.so" to ""
[6.817s] -- Installing: /home/relvixx/ros2_jazzy/install/my_first_interfaces/share/my_first_interfaces/environment/pythonpath.sh
[6.817s] -- Installing: /home/relvixx/ros2_jazzy/install/my_first_interfaces/share/my_first_interfaces/environment/pythonpath.dsv
[6.817s] -- Installing: /home/relvixx/ros2_jazzy/install/my_first_interfaces/lib/python3.12/site-packages/my_first_interfaces-0.0.0-py3.12.egg-info
[6.817s] -- Installing: /home/relvixx/ros2_jazzy/install/my_first_interfaces/lib/python3.12/site-packages/my_first_interfaces-0.0.0-py3.12.egg-info/dependency_links.txt
[6.818s] -- Installing: /home/relvixx/ros2_jazzy/install/my_first_interfaces/lib/python3.12/site-packages/my_first_interfaces-0.0.0-py3.12.egg-info/SOURCES.txt
[6.818s] -- Installing: /home/relvixx/ros2_jazzy/install/my_first_interfaces/lib/python3.12/site-packages/my_first_interfaces-0.0.0-py3.12.egg-info/PKG-INFO
[6.818s] -- Installing: /home/relvixx/ros2_jazzy/install/my_first_interfaces/lib/python3.12/site-packages/my_first_interfaces-0.0.0-py3.12.egg-info/top_level.txt
[6.818s] -- Installing: /home/relvixx/ros2_jazzy/install/my_first_interfaces/lib/python3.12/site-packages/my_first_interfaces
[6.818s] -- Installing: /home/relvixx/ros2_jazzy/install/my_first_interfaces/lib/python3.12/site-packages/my_first_interfaces/my_first_interfaces_s__rosidl_typesupport_fastrtps_c.so
[6.818s] -- Installing: /home/relvixx/ros2_jazzy/install/my_first_interfaces/lib/python3.12/site-packages/my_first_interfaces/action
[6.818s] -- Installing: /home/relvixx/ros2_jazzy/install/my_first_interfaces/lib/python3.12/site-packages/my_first_interfaces/action/_fibonacci.py
[6.818s] -- Installing: /home/relvixx/ros2_jazzy/install/my_first_interfaces/lib/python3.12/site-packages/my_first_interfaces/action/__init__.py
[6.818s] -- Installing: /home/relvixx/ros2_jazzy/install/my_first_interfaces/lib/python3.12/site-packages/my_first_interfaces/action/_fibonacci_s.c
[6.818s] -- Installing: /home/relvixx/ros2_jazzy/install/my_first_interfaces/lib/python3.12/site-packages/my_first_interfaces/my_first_interfaces_s__rosidl_typesupport_introspection_c.so
[6.819s] -- Installing: /home/relvixx/ros2_jazzy/install/my_first_interfaces/lib/python3.12/site-packages/my_first_interfaces/_my_first_interfaces_s.ep.rosidl_typesupport_fastrtps_c.c
[6.819s] -- Installing: /home/relvixx/ros2_jazzy/install/my_first_interfaces/lib/python3.12/site-packages/my_first_interfaces/_my_first_interfaces_s.ep.rosidl_typesupport_introspection_c.c
[6.819s] -- Installing: /home/relvixx/ros2_jazzy/install/my_first_interfaces/lib/python3.12/site-packages/my_first_interfaces/_my_first_interfaces_s.ep.rosidl_typesupport_c.c
[6.819s] -- Installing: /home/relvixx/ros2_jazzy/install/my_first_interfaces/lib/python3.12/site-packages/my_first_interfaces/__init__.py
[6.819s] -- Installing: /home/relvixx/ros2_jazzy/install/my_first_interfaces/lib/python3.12/site-packages/my_first_interfaces/my_first_interfaces_s__rosidl_typesupport_c.so
[6.855s] Listing '/home/relvixx/ros2_jazzy/install/my_first_interfaces/lib/python3.12/site-packages/my_first_interfaces'...
[6.856s] Compiling '/home/relvixx/ros2_jazzy/install/my_first_interfaces/lib/python3.12/site-packages/my_first_interfaces/__init__.py'...
[6.856s] Listing '/home/relvixx/ros2_jazzy/install/my_first_interfaces/lib/python3.12/site-packages/my_first_interfaces/action'...
[6.856s] Compiling '/home/relvixx/ros2_jazzy/install/my_first_interfaces/lib/python3.12/site-packages/my_first_interfaces/action/__init__.py'...
[6.856s] Compiling '/home/relvixx/ros2_jazzy/install/my_first_interfaces/lib/python3.12/site-packages/my_first_interfaces/action/_fibonacci.py'...
[6.860s] -- Installing: /home/relvixx/ros2_jazzy/install/my_first_interfaces/lib/python3.12/site-packages/my_first_interfaces/my_first_interfaces_s__rosidl_typesupport_fastrtps_c.so
[6.861s] -- Set non-toolchain portion of runtime path of "/home/relvixx/ros2_jazzy/install/my_first_interfaces/lib/python3.12/site-packages/my_first_interfaces/my_first_interfaces_s__rosidl_typesupport_fastrtps_c.so" to ""
[6.861s] -- Installing: /home/relvixx/ros2_jazzy/install/my_first_interfaces/lib/python3.12/site-packages/my_first_interfaces/my_first_interfaces_s__rosidl_typesupport_introspection_c.so
[6.862s] -- Set non-toolchain portion of runtime path of "/home/relvixx/ros2_jazzy/install/my_first_interfaces/lib/python3.12/site-packages/my_first_interfaces/my_first_interfaces_s__rosidl_typesupport_introspection_c.so" to ""
[6.862s] -- Installing: /home/relvixx/ros2_jazzy/install/my_first_interfaces/lib/python3.12/site-packages/my_first_interfaces/my_first_interfaces_s__rosidl_typesupport_c.so
[6.862s] -- Set non-toolchain portion of runtime path of "/home/relvixx/ros2_jazzy/install/my_first_interfaces/lib/python3.12/site-packages/my_first_interfaces/my_first_interfaces_s__rosidl_typesupport_c.so" to ""
[6.863s] -- Installing: /home/relvixx/ros2_jazzy/install/my_first_interfaces/lib/libmy_first_interfaces__rosidl_generator_py.so
[6.863s] -- Set non-toolchain portion of runtime path of "/home/relvixx/ros2_jazzy/install/my_first_interfaces/lib/libmy_first_interfaces__rosidl_generator_py.so" to ""
[6.863s] -- Installing: /home/relvixx/ros2_jazzy/install/my_first_interfaces/share/ament_index/resource_index/rust_packages/my_first_interfaces
[6.863s] -- Installing: /home/relvixx/ros2_jazzy/install/my_first_interfaces/share/my_first_interfaces/rust
[6.863s] -- Installing: /home/relvixx/ros2_jazzy/install/my_first_interfaces/share/my_first_interfaces/rust/Cargo.toml
[6.863s] -- Installing: /home/relvixx/ros2_jazzy/install/my_first_interfaces/share/my_first_interfaces/rust/src
[6.863s] -- Installing: /home/relvixx/ros2_jazzy/install/my_first_interfaces/share/my_first_interfaces/rust/src/action.rs
[6.864s] -- Installing: /home/relvixx/ros2_jazzy/install/my_first_interfaces/share/my_first_interfaces/rust/src/action
[6.864s] -- Installing: /home/relvixx/ros2_jazzy/install/my_first_interfaces/share/my_first_interfaces/rust/src/action/rmw.rs
[6.864s] -- Installing: /home/relvixx/ros2_jazzy/install/my_first_interfaces/share/my_first_interfaces/rust/src/lib.rs
[6.864s] -- Installing: /home/relvixx/ros2_jazzy/install/my_first_interfaces/share/my_first_interfaces/rust/build.rs
[6.864s] -- Installing: /home/relvixx/ros2_jazzy/install/my_first_interfaces/share/my_first_interfaces/action/Fibonacci.idl
[6.864s] -- Installing: /home/relvixx/ros2_jazzy/install/my_first_interfaces/share/my_first_interfaces/action/Fibonacci.action
[6.864s] -- Installing: /home/relvixx/ros2_jazzy/install/my_first_interfaces/share/ament_index/resource_index/package_run_dependencies/my_first_interfaces
[6.864s] -- Installing: /home/relvixx/ros2_jazzy/install/my_first_interfaces/share/ament_index/resource_index/parent_prefix_path/my_first_interfaces
[6.865s] -- Installing: /home/relvixx/ros2_jazzy/install/my_first_interfaces/share/my_first_interfaces/environment/ament_prefix_path.sh
[6.865s] -- Installing: /home/relvixx/ros2_jazzy/install/my_first_interfaces/share/my_first_interfaces/environment/ament_prefix_path.dsv
[6.865s] -- Installing: /home/relvixx/ros2_jazzy/install/my_first_interfaces/share/my_first_interfaces/environment/path.sh
[6.865s] -- Installing: /home/relvixx/ros2_jazzy/install/my_first_interfaces/share/my_first_interfaces/environment/path.dsv
[6.865s] -- Installing: /home/relvixx/ros2_jazzy/install/my_first_interfaces/share/my_first_interfaces/local_setup.bash
[6.865s] -- Installing: /home/relvixx/ros2_jazzy/install/my_first_interfaces/share/my_first_interfaces/local_setup.sh
[6.865s] -- Installing: /home/relvixx/ros2_jazzy/install/my_first_interfaces/share/my_first_interfaces/local_setup.zsh
[6.865s] -- Installing: /home/relvixx/ros2_jazzy/install/my_first_interfaces/share/my_first_interfaces/local_setup.dsv
[6.866s] -- Installing: /home/relvixx/ros2_jazzy/install/my_first_interfaces/share/my_first_interfaces/package.dsv
[6.866s] -- Installing: /home/relvixx/ros2_jazzy/install/my_first_interfaces/share/ament_index/resource_index/packages/my_first_interfaces
[6.866s] -- Installing: /home/relvixx/ros2_jazzy/install/my_first_interfaces/share/my_first_interfaces/cmake/export_my_first_interfaces__rosidl_generator_cExport.cmake
[6.866s] -- Installing: /home/relvixx/ros2_jazzy/install/my_first_interfaces/share/my_first_interfaces/cmake/export_my_first_interfaces__rosidl_generator_cExport-noconfig.cmake
[6.866s] -- Installing: /home/relvixx/ros2_jazzy/install/my_first_interfaces/share/my_first_interfaces/cmake/export_my_first_interfaces__rosidl_typesupport_fastrtps_cExport.cmake
[6.866s] -- Installing: /home/relvixx/ros2_jazzy/install/my_first_interfaces/share/my_first_interfaces/cmake/export_my_first_interfaces__rosidl_typesupport_fastrtps_cExport-noconfig.cmake
[6.866s] -- Installing: /home/relvixx/ros2_jazzy/install/my_first_interfaces/share/my_first_interfaces/cmake/my_first_interfaces__rosidl_typesupport_introspection_cExport.cmake
[6.867s] -- Installing: /home/relvixx/ros2_jazzy/install/my_first_interfaces/share/my_first_interfaces/cmake/my_first_interfaces__rosidl_typesupport_introspection_cExport-noconfig.cmake
[6.867s] -- Installing: /home/relvixx/ros2_jazzy/install/my_first_interfaces/share/my_first_interfaces/cmake/my_first_interfaces__rosidl_typesupport_cExport.cmake
[6.867s] -- Installing: /home/relvixx/ros2_jazzy/install/my_first_interfaces/share/my_first_interfaces/cmake/my_first_interfaces__rosidl_typesupport_cExport-noconfig.cmake
[6.867s] -- Installing: /home/relvixx/ros2_jazzy/install/my_first_interfaces/share/my_first_interfaces/cmake/export_my_first_interfaces__rosidl_generator_cppExport.cmake
[6.867s] -- Installing: /home/relvixx/ros2_jazzy/install/my_first_interfaces/share/my_first_interfaces/cmake/export_my_first_interfaces__rosidl_typesupport_fastrtps_cppExport.cmake
[6.867s] -- Installing: /home/relvixx/ros2_jazzy/install/my_first_interfaces/share/my_first_interfaces/cmake/export_my_first_interfaces__rosidl_typesupport_fastrtps_cppExport-noconfig.cmake
[6.868s] -- Installing: /home/relvixx/ros2_jazzy/install/my_first_interfaces/share/my_first_interfaces/cmake/my_first_interfaces__rosidl_typesupport_introspection_cppExport.cmake
[6.868s] -- Installing: /home/relvixx/ros2_jazzy/install/my_first_interfaces/share/my_first_interfaces/cmake/my_first_interfaces__rosidl_typesupport_introspection_cppExport-noconfig.cmake
[6.868s] -- Installing: /home/relvixx/ros2_jazzy/install/my_first_interfaces/share/my_first_interfaces/cmake/my_first_interfaces__rosidl_typesupport_cppExport.cmake
[6.868s] -- Installing: /home/relvixx/ros2_jazzy/install/my_first_interfaces/share/my_first_interfaces/cmake/my_first_interfaces__rosidl_typesupport_cppExport-noconfig.cmake
[6.868s] -- Installing: /home/relvixx/ros2_jazzy/install/my_first_interfaces/share/my_first_interfaces/cmake/export_my_first_interfaces__rosidl_generator_pyExport.cmake
[6.868s] -- Installing: /home/relvixx/ros2_jazzy/install/my_first_interfaces/share/my_first_interfaces/cmake/export_my_first_interfaces__rosidl_generator_pyExport-noconfig.cmake
[6.868s] -- Installing: /home/relvixx/ros2_jazzy/install/my_first_interfaces/share/my_first_interfaces/cmake/rosidl_cmake-extras.cmake
[6.868s] -- Installing: /home/relvixx/ros2_jazzy/install/my_first_interfaces/share/my_first_interfaces/cmake/ament_cmake_export_dependencies-extras.cmake
[6.869s] -- Installing: /home/relvixx/ros2_jazzy/install/my_first_interfaces/share/my_first_interfaces/cmake/ament_cmake_export_include_directories-extras.cmake
[6.869s] -- Installing: /home/relvixx/ros2_jazzy/install/my_first_interfaces/share/my_first_interfaces/cmake/ament_cmake_export_libraries-extras.cmake
[6.869s] -- Installing: /home/relvixx/ros2_jazzy/install/my_first_interfaces/share/my_first_interfaces/cmake/ament_cmake_export_targets-extras.cmake
[6.869s] -- Installing: /home/relvixx/ros2_jazzy/install/my_first_interfaces/share/my_first_interfaces/cmake/rosidl_cmake_export_typesupport_targets-extras.cmake
[6.869s] -- Installing: /home/relvixx/ros2_jazzy/install/my_first_interfaces/share/my_first_interfaces/cmake/rosidl_cmake_export_typesupport_libraries-extras.cmake
[6.869s] -- Installing: /home/relvixx/ros2_jazzy/install/my_first_interfaces/share/my_first_interfaces/cmake/rosidl_cmake_aggregate_target-extras.cmake
[6.869s] -- Installing: /home/relvixx/ros2_jazzy/install/my_first_interfaces/share/my_first_interfaces/cmake/my_first_interfacesConfig.cmake
[6.869s] -- Installing: /home/relvixx/ros2_jazzy/install/my_first_interfaces/share/my_first_interfaces/cmake/my_first_interfacesConfig-version.cmake
[6.870s] -- Installing: /home/relvixx/ros2_jazzy/install/my_first_interfaces/share/my_first_interfaces/package.xml
[6.872s] Invoked command in '/home/relvixx/ros2_jazzy/build/my_first_interfaces' returned '0': CMAKE_PREFIX_PATH=${CMAKE_PREFIX_PATH}:/opt/ros/jazzy DEBUGINFOD_URLS=https://debuginfod.ubuntu.com /usr/bin/cmake --install /home/relvixx/ros2_jazzy/build/my_first_interfaces
