running egg_info
creating ../build/my_first_pkg/my_first_pkg.egg-info
writing ../build/my_first_pkg/my_first_pkg.egg-info/PKG-INFO
writing dependency_links to ../build/my_first_pkg/my_first_pkg.egg-info/dependency_links.txt
writing requirements to ../build/my_first_pkg/my_first_pkg.egg-info/requires.txt
writing top-level names to ../build/my_first_pkg/my_first_pkg.egg-info/top_level.txt
writing manifest file '../build/my_first_pkg/my_first_pkg.egg-info/SOURCES.txt'
reading manifest file '../build/my_first_pkg/my_first_pkg.egg-info/SOURCES.txt'
writing manifest file '../build/my_first_pkg/my_first_pkg.egg-info/SOURCES.txt'
running build
running build_py
creating /home/relvixx/ros2_jazzy/src/build/my_first_pkg/build
creating /home/relvixx/ros2_jazzy/src/build/my_first_pkg/build/lib
creating /home/relvixx/ros2_jazzy/src/build/my_first_pkg/build/lib/my_first_pkg
copying my_first_pkg/__init__.py -> /home/relvixx/ros2_jazzy/src/build/my_first_pkg/build/lib/my_first_pkg
running install
running install_lib
creating /home/relvixx/ros2_jazzy/src/install/my_first_pkg/lib/python3.12/site-packages/my_first_pkg
copying /home/relvixx/ros2_jazzy/src/build/my_first_pkg/build/lib/my_first_pkg/__init__.py -> /home/relvixx/ros2_jazzy/src/install/my_first_pkg/lib/python3.12/site-packages/my_first_pkg
byte-compiling /home/relvixx/ros2_jazzy/src/install/my_first_pkg/lib/python3.12/site-packages/my_first_pkg/__init__.py to __init__.cpython-312.pyc
running install_data
creating /home/relvixx/ros2_jazzy/src/install/my_first_pkg/share/ament_index
creating /home/relvixx/ros2_jazzy/src/install/my_first_pkg/share/ament_index/resource_index
creating /home/relvixx/ros2_jazzy/src/install/my_first_pkg/share/ament_index/resource_index/packages
copying resource/my_first_pkg -> /home/relvixx/ros2_jazzy/src/install/my_first_pkg/share/ament_index/resource_index/packages
copying package.xml -> /home/relvixx/ros2_jazzy/src/install/my_first_pkg/share/my_first_pkg
running install_egg_info
Copying ../build/my_first_pkg/my_first_pkg.egg-info to /home/relvixx/ros2_jazzy/src/install/my_first_pkg/lib/python3.12/site-packages/my_first_pkg-0.0.0-py3.12.egg-info
running install_scripts
writing list of installed files to '/home/relvixx/ros2_jazzy/src/build/my_first_pkg/install.log'
