[1.573s] Invoking command in '/home/relvixx/ros2_jazzy/src/my_first_pkg': DEBUGINFOD_URLS=https://debuginfod.ubuntu.com PYTHONPATH=/home/relvixx/ros2_jazzy/src/build/my_first_pkg/prefix_override:/usr/lib/python3/dist-packages/colcon_core/task/python/colcon_distutils_commands:/home/relvixx/ros2_jazzy/src/install/my_first_pkg/lib/python3.12/site-packages:${PYTHONPATH} /usr/bin/python3 -W ignore:setup.py install is deprecated -W ignore:easy_install command is deprecated setup.py egg_info --egg-base ../build/my_first_pkg build --build-base /home/relvixx/ros2_jazzy/src/build/my_first_pkg/build install --record /home/relvixx/ros2_jazzy/src/build/my_first_pkg/install.log --install-scripts $base/lib/my_first_pkg --single-version-externally-managed install_data
[1.910s] running egg_info
[1.911s] creating ../build/my_first_pkg/my_first_pkg.egg-info
[1.926s] writing ../build/my_first_pkg/my_first_pkg.egg-info/PKG-INFO
[1.926s] writing dependency_links to ../build/my_first_pkg/my_first_pkg.egg-info/dependency_links.txt
[1.927s] writing requirements to ../build/my_first_pkg/my_first_pkg.egg-info/requires.txt
[1.927s] writing top-level names to ../build/my_first_pkg/my_first_pkg.egg-info/top_level.txt
[1.927s] writing manifest file '../build/my_first_pkg/my_first_pkg.egg-info/SOURCES.txt'
[1.960s] reading manifest file '../build/my_first_pkg/my_first_pkg.egg-info/SOURCES.txt'
[1.961s] writing manifest file '../build/my_first_pkg/my_first_pkg.egg-info/SOURCES.txt'
[1.961s] running build
[1.961s] running build_py
[1.961s] creating /home/relvixx/ros2_jazzy/src/build/my_first_pkg/build
[1.961s] creating /home/relvixx/ros2_jazzy/src/build/my_first_pkg/build/lib
[1.961s] creating /home/relvixx/ros2_jazzy/src/build/my_first_pkg/build/lib/my_first_pkg
[1.961s] copying my_first_pkg/__init__.py -> /home/relvixx/ros2_jazzy/src/build/my_first_pkg/build/lib/my_first_pkg
[1.961s] running install
[1.966s] running install_lib
[1.983s] creating /home/relvixx/ros2_jazzy/src/install/my_first_pkg/lib/python3.12/site-packages/my_first_pkg
[1.983s] copying /home/relvixx/ros2_jazzy/src/build/my_first_pkg/build/lib/my_first_pkg/__init__.py -> /home/relvixx/ros2_jazzy/src/install/my_first_pkg/lib/python3.12/site-packages/my_first_pkg
[1.983s] byte-compiling /home/relvixx/ros2_jazzy/src/install/my_first_pkg/lib/python3.12/site-packages/my_first_pkg/__init__.py to __init__.cpython-312.pyc
[1.984s] running install_data
[1.984s] creating /home/relvixx/ros2_jazzy/src/install/my_first_pkg/share/ament_index
[1.984s] creating /home/relvixx/ros2_jazzy/src/install/my_first_pkg/share/ament_index/resource_index
[1.984s] creating /home/relvixx/ros2_jazzy/src/install/my_first_pkg/share/ament_index/resource_index/packages
[1.984s] copying resource/my_first_pkg -> /home/relvixx/ros2_jazzy/src/install/my_first_pkg/share/ament_index/resource_index/packages
[1.984s] copying package.xml -> /home/relvixx/ros2_jazzy/src/install/my_first_pkg/share/my_first_pkg
[1.984s] running install_egg_info
[2.003s] Copying ../build/my_first_pkg/my_first_pkg.egg-info to /home/relvixx/ros2_jazzy/src/install/my_first_pkg/lib/python3.12/site-packages/my_first_pkg-0.0.0-py3.12.egg-info
[2.003s] running install_scripts
[2.115s] writing list of installed files to '/home/relvixx/ros2_jazzy/src/build/my_first_pkg/install.log'
[2.141s] Invoked command in '/home/relvixx/ros2_jazzy/src/my_first_pkg' returned '0': DEBUGINFOD_URLS=https://debuginfod.ubuntu.com PYTHONPATH=/home/relvixx/ros2_jazzy/src/build/my_first_pkg/prefix_override:/usr/lib/python3/dist-packages/colcon_core/task/python/colcon_distutils_commands:/home/relvixx/ros2_jazzy/src/install/my_first_pkg/lib/python3.12/site-packages:${PYTHONPATH} /usr/bin/python3 -W ignore:setup.py install is deprecated -W ignore:easy_install command is deprecated setup.py egg_info --egg-base ../build/my_first_pkg build --build-base /home/relvixx/ros2_jazzy/src/build/my_first_pkg/build install --record /home/relvixx/ros2_jazzy/src/build/my_first_pkg/install.log --install-scripts $base/lib/my_first_pkg --single-version-externally-managed install_data
