-- Found ament_cmake: 2.5.6 (/opt/ros/jazzy/share/ament_cmake/cmake)
-- Override CMake install command with custom implementation using symlinks instead of copying resources
-- Found rosidl_default_generators: 1.6.1 (/opt/ros/jazzy/share/rosidl_default_generators/cmake)
-- Using all available rosidl_typesupport_c: rosidl_typesupport_fastrtps_c;rosidl_typesupport_introspection_c
-- Using all available rosidl_typesupport_cpp: rosidl_typesupport_fastrtps_cpp;rosidl_typesupport_introspection_cpp
-- Found rosidl_adapter: 4.6.9 (/opt/ros/jazzy/share/rosidl_adapter/cmake)
-- Found ament_cmake_ros: 0.12.1 (/opt/ros/jazzy/share/ament_cmake_ros/cmake)
-- Using all available rosidl_typesupport_c: rosidl_typesupport_fastrtps_c;rosidl_typesupport_introspection_c
-- Using all available rosidl_typesupport_cpp: rosidl_typesupport_fastrtps_cpp;rosidl_typesupport_introspection_cpp
-- Found python_cmake_module: 0.11.1 (/opt/ros/jazzy/share/python_cmake_module/cmake)
-- Found Python3: /usr/bin/python3 (found version "3.12.3") found components: Interpreter Development NumPy Development.Module Development.Embed 
-- Found Python3: /usr/bin/python3 (found version "3.12.3") found components: Interpreter 
-- Found ament_lint_auto: 0.17.5 (/opt/ros/jazzy/share/ament_lint_auto/cmake)
-- Added test 'lint_cmake' to check CMake code style
-- Added test 'xmllint' to check XML markup files
-- Configuring done (1.0s)
-- Generating done (0.0s)
-- Build files have been written to: /home/relvixx/ros2_jazzy/build/my_first_interfaces
[  2%] Built target my_first_interfaces__rs
[  5%] Built target my_first_interfaces__rosidl_generator_type_description
[  5%] Built target ament_cmake_python_symlink_my_first_interfaces
[  8%] Built target my_first_interfaces__cpp
[ 22%] Built target my_first_interfaces__rosidl_generator_c
[ 40%] Built target my_first_interfaces__rosidl_typesupport_c
[ 40%] Built target my_first_interfaces__rosidl_typesupport_introspection_c
[ 54%] Built target my_first_interfaces__rosidl_typesupport_cpp
[ 57%] Built target my_first_interfaces__rosidl_typesupport_fastrtps_c
[ 65%] Built target my_first_interfaces__rosidl_typesupport_fastrtps_cpp
[ 74%] Built target my_first_interfaces__rosidl_typesupport_introspection_cpp
[ 74%] Built target my_first_interfaces
[ 77%] Built target my_first_interfaces__py
[ 82%] Built target my_first_interfaces__rosidl_generator_py
[100%] Built target my_first_interfaces_s__rosidl_typesupport_fastrtps_c
[100%] Built target my_first_interfaces_s__rosidl_typesupport_introspection_c
[100%] Built target my_first_interfaces_s__rosidl_typesupport_c
running egg_info
writing my_first_interfaces.egg-info/PKG-INFO
writing dependency_links to my_first_interfaces.egg-info/dependency_links.txt
writing top-level names to my_first_interfaces.egg-info/top_level.txt
reading manifest file 'my_first_interfaces.egg-info/SOURCES.txt'
writing manifest file 'my_first_interfaces.egg-info/SOURCES.txt'
[100%] Built target ament_cmake_python_build_my_first_interfaces_egg
-- Install configuration: ""
-- Execute custom install script
-- Up-to-date symlink: /home/relvixx/ros2_jazzy/install/my_first_interfaces/share/ament_index/resource_index/rosidl_interfaces/my_first_interfaces
-- Up-to-date symlink: /home/relvixx/ros2_jazzy/install/my_first_interfaces/share/my_first_interfaces/action/Fibonacci.json
-- Up-to-date symlink: /home/relvixx/ros2_jazzy/install/my_first_interfaces/include/my_first_interfaces/my_first_interfaces/action/detail/fibonacci__functions.h
-- Up-to-date symlink: /home/relvixx/ros2_jazzy/install/my_first_interfaces/include/my_first_interfaces/my_first_interfaces/action/detail/fibonacci__struct.h
-- Up-to-date symlink: /home/relvixx/ros2_jazzy/install/my_first_interfaces/include/my_first_interfaces/my_first_interfaces/action/detail/fibonacci__type_support.h
-- Up-to-date symlink: /home/relvixx/ros2_jazzy/install/my_first_interfaces/include/my_first_interfaces/my_first_interfaces/action/fibonacci.h
-- Up-to-date symlink: /home/relvixx/ros2_jazzy/install/my_first_interfaces/include/my_first_interfaces/my_first_interfaces/msg/rosidl_generator_c__visibility_control.h
-- Up-to-date symlink: /home/relvixx/ros2_jazzy/install/my_first_interfaces/share/my_first_interfaces/environment/library_path.sh
-- Up-to-date symlink: /home/relvixx/ros2_jazzy/install/my_first_interfaces/share/my_first_interfaces/environment/library_path.dsv
-- Up-to-date symlink: /home/relvixx/ros2_jazzy/install/my_first_interfaces/include/my_first_interfaces/my_first_interfaces/action/detail/fibonacci__rosidl_typesupport_fastrtps_c.h
-- Up-to-date symlink: /home/relvixx/ros2_jazzy/install/my_first_interfaces/include/my_first_interfaces/my_first_interfaces/msg/rosidl_typesupport_fastrtps_c__visibility_control.h
-- Up-to-date symlink: /home/relvixx/ros2_jazzy/install/my_first_interfaces/include/my_first_interfaces/my_first_interfaces/action/detail/fibonacci__rosidl_typesupport_introspection_c.h
-- Up-to-date symlink: /home/relvixx/ros2_jazzy/install/my_first_interfaces/include/my_first_interfaces/my_first_interfaces/msg/rosidl_typesupport_introspection_c__visibility_control.h
-- Up-to-date symlink: /home/relvixx/ros2_jazzy/install/my_first_interfaces/include/my_first_interfaces/my_first_interfaces/action/detail/fibonacci__builder.hpp
-- Up-to-date symlink: /home/relvixx/ros2_jazzy/install/my_first_interfaces/include/my_first_interfaces/my_first_interfaces/action/detail/fibonacci__struct.hpp
-- Up-to-date symlink: /home/relvixx/ros2_jazzy/install/my_first_interfaces/include/my_first_interfaces/my_first_interfaces/action/detail/fibonacci__traits.hpp
-- Up-to-date symlink: /home/relvixx/ros2_jazzy/install/my_first_interfaces/include/my_first_interfaces/my_first_interfaces/action/detail/fibonacci__type_support.hpp
-- Up-to-date symlink: /home/relvixx/ros2_jazzy/install/my_first_interfaces/include/my_first_interfaces/my_first_interfaces/action/fibonacci.hpp
-- Up-to-date symlink: /home/relvixx/ros2_jazzy/install/my_first_interfaces/include/my_first_interfaces/my_first_interfaces/msg/rosidl_generator_cpp__visibility_control.hpp
-- Up-to-date symlink: /home/relvixx/ros2_jazzy/install/my_first_interfaces/include/my_first_interfaces/my_first_interfaces/action/detail/fibonacci__rosidl_typesupport_fastrtps_cpp.hpp
-- Up-to-date symlink: /home/relvixx/ros2_jazzy/install/my_first_interfaces/include/my_first_interfaces/my_first_interfaces/msg/rosidl_typesupport_fastrtps_cpp__visibility_control.h
-- Up-to-date symlink: /home/relvixx/ros2_jazzy/install/my_first_interfaces/include/my_first_interfaces/my_first_interfaces/action/detail/fibonacci__rosidl_typesupport_introspection_cpp.hpp
-- Up-to-date symlink: /home/relvixx/ros2_jazzy/install/my_first_interfaces/share/my_first_interfaces/environment/pythonpath.sh
-- Up-to-date symlink: /home/relvixx/ros2_jazzy/install/my_first_interfaces/share/my_first_interfaces/environment/pythonpath.dsv
-- Up-to-date symlink: /home/relvixx/ros2_jazzy/install/my_first_interfaces/lib/python3.12/site-packages/my_first_interfaces-0.0.0-py3.12.egg-info/PKG-INFO
-- Up-to-date symlink: /home/relvixx/ros2_jazzy/install/my_first_interfaces/lib/python3.12/site-packages/my_first_interfaces-0.0.0-py3.12.egg-info/SOURCES.txt
-- Up-to-date symlink: /home/relvixx/ros2_jazzy/install/my_first_interfaces/lib/python3.12/site-packages/my_first_interfaces-0.0.0-py3.12.egg-info/dependency_links.txt
-- Up-to-date symlink: /home/relvixx/ros2_jazzy/install/my_first_interfaces/lib/python3.12/site-packages/my_first_interfaces-0.0.0-py3.12.egg-info/top_level.txt
-- Up-to-date symlink: /home/relvixx/ros2_jazzy/install/my_first_interfaces/lib/python3.12/site-packages/my_first_interfaces/__init__.py
-- Up-to-date symlink: /home/relvixx/ros2_jazzy/install/my_first_interfaces/lib/python3.12/site-packages/my_first_interfaces/_my_first_interfaces_s.ep.rosidl_typesupport_c.c
-- Up-to-date symlink: /home/relvixx/ros2_jazzy/install/my_first_interfaces/lib/python3.12/site-packages/my_first_interfaces/_my_first_interfaces_s.ep.rosidl_typesupport_fastrtps_c.c
-- Up-to-date symlink: /home/relvixx/ros2_jazzy/install/my_first_interfaces/lib/python3.12/site-packages/my_first_interfaces/_my_first_interfaces_s.ep.rosidl_typesupport_introspection_c.c
-- Up-to-date symlink: /home/relvixx/ros2_jazzy/install/my_first_interfaces/lib/python3.12/site-packages/my_first_interfaces/action/__init__.py
-- Up-to-date symlink: /home/relvixx/ros2_jazzy/install/my_first_interfaces/lib/python3.12/site-packages/my_first_interfaces/action/_fibonacci.py
-- Up-to-date symlink: /home/relvixx/ros2_jazzy/install/my_first_interfaces/lib/python3.12/site-packages/my_first_interfaces/action/_fibonacci_s.c
-- Up-to-date symlink: /home/relvixx/ros2_jazzy/install/my_first_interfaces/lib/python3.12/site-packages/my_first_interfaces/my_first_interfaces_s__rosidl_typesupport_c.so
-- Up-to-date symlink: /home/relvixx/ros2_jazzy/install/my_first_interfaces/lib/python3.12/site-packages/my_first_interfaces/my_first_interfaces_s__rosidl_typesupport_fastrtps_c.so
-- Up-to-date symlink: /home/relvixx/ros2_jazzy/install/my_first_interfaces/lib/python3.12/site-packages/my_first_interfaces/my_first_interfaces_s__rosidl_typesupport_introspection_c.so
-- Up-to-date symlink: /home/relvixx/ros2_jazzy/install/my_first_interfaces/lib/python3.12/site-packages/my_first_interfaces/my_first_interfaces_s__rosidl_typesupport_fastrtps_c.so
-- Up-to-date symlink: /home/relvixx/ros2_jazzy/install/my_first_interfaces/lib/python3.12/site-packages/my_first_interfaces/my_first_interfaces_s__rosidl_typesupport_introspection_c.so
-- Up-to-date symlink: /home/relvixx/ros2_jazzy/install/my_first_interfaces/lib/python3.12/site-packages/my_first_interfaces/my_first_interfaces_s__rosidl_typesupport_c.so
-- Up-to-date symlink: /home/relvixx/ros2_jazzy/install/my_first_interfaces/share/ament_index/resource_index/rust_packages/my_first_interfaces
-- Up-to-date symlink: /home/relvixx/ros2_jazzy/install/my_first_interfaces/share/my_first_interfaces/rust/Cargo.toml
-- Up-to-date symlink: /home/relvixx/ros2_jazzy/install/my_first_interfaces/share/my_first_interfaces/rust/build.rs
-- Up-to-date symlink: /home/relvixx/ros2_jazzy/install/my_first_interfaces/share/my_first_interfaces/rust/src/action.rs
-- Up-to-date symlink: /home/relvixx/ros2_jazzy/install/my_first_interfaces/share/my_first_interfaces/rust/src/action/rmw.rs
-- Up-to-date symlink: /home/relvixx/ros2_jazzy/install/my_first_interfaces/share/my_first_interfaces/rust/src/lib.rs
-- Up-to-date symlink: /home/relvixx/ros2_jazzy/install/my_first_interfaces/share/my_first_interfaces/action/Fibonacci.idl
-- Up-to-date symlink: /home/relvixx/ros2_jazzy/install/my_first_interfaces/share/my_first_interfaces/action/Fibonacci.action
-- Up-to-date symlink: /home/relvixx/ros2_jazzy/install/my_first_interfaces/share/ament_index/resource_index/package_run_dependencies/my_first_interfaces
-- Up-to-date symlink: /home/relvixx/ros2_jazzy/install/my_first_interfaces/share/ament_index/resource_index/parent_prefix_path/my_first_interfaces
-- Up-to-date symlink: /home/relvixx/ros2_jazzy/install/my_first_interfaces/share/my_first_interfaces/environment/ament_prefix_path.sh
-- Up-to-date symlink: /home/relvixx/ros2_jazzy/install/my_first_interfaces/share/my_first_interfaces/environment/ament_prefix_path.dsv
-- Up-to-date symlink: /home/relvixx/ros2_jazzy/install/my_first_interfaces/share/my_first_interfaces/environment/path.sh
-- Up-to-date symlink: /home/relvixx/ros2_jazzy/install/my_first_interfaces/share/my_first_interfaces/environment/path.dsv
-- Up-to-date symlink: /home/relvixx/ros2_jazzy/install/my_first_interfaces/share/my_first_interfaces/local_setup.bash
-- Up-to-date symlink: /home/relvixx/ros2_jazzy/install/my_first_interfaces/share/my_first_interfaces/local_setup.sh
-- Up-to-date symlink: /home/relvixx/ros2_jazzy/install/my_first_interfaces/share/my_first_interfaces/local_setup.zsh
-- Up-to-date symlink: /home/relvixx/ros2_jazzy/install/my_first_interfaces/share/my_first_interfaces/local_setup.dsv
-- Symlinking: /home/relvixx/ros2_jazzy/install/my_first_interfaces/share/my_first_interfaces/package.dsv
-- Up-to-date symlink: /home/relvixx/ros2_jazzy/install/my_first_interfaces/share/ament_index/resource_index/packages/my_first_interfaces
-- Up-to-date symlink: /home/relvixx/ros2_jazzy/install/my_first_interfaces/share/my_first_interfaces/cmake/rosidl_cmake-extras.cmake
-- Up-to-date symlink: /home/relvixx/ros2_jazzy/install/my_first_interfaces/share/my_first_interfaces/cmake/ament_cmake_export_dependencies-extras.cmake
-- Up-to-date symlink: /home/relvixx/ros2_jazzy/install/my_first_interfaces/share/my_first_interfaces/cmake/ament_cmake_export_include_directories-extras.cmake
-- Up-to-date symlink: /home/relvixx/ros2_jazzy/install/my_first_interfaces/share/my_first_interfaces/cmake/ament_cmake_export_libraries-extras.cmake
-- Up-to-date symlink: /home/relvixx/ros2_jazzy/install/my_first_interfaces/share/my_first_interfaces/cmake/ament_cmake_export_targets-extras.cmake
-- Up-to-date symlink: /home/relvixx/ros2_jazzy/install/my_first_interfaces/share/my_first_interfaces/cmake/rosidl_cmake_export_typesupport_targets-extras.cmake
-- Up-to-date symlink: /home/relvixx/ros2_jazzy/install/my_first_interfaces/share/my_first_interfaces/cmake/rosidl_cmake_export_typesupport_libraries-extras.cmake
-- Up-to-date symlink: /home/relvixx/ros2_jazzy/install/my_first_interfaces/share/my_first_interfaces/cmake/rosidl_cmake_aggregate_target-extras.cmake
-- Up-to-date symlink: /home/relvixx/ros2_jazzy/install/my_first_interfaces/share/my_first_interfaces/cmake/my_first_interfacesConfig.cmake
-- Up-to-date symlink: /home/relvixx/ros2_jazzy/install/my_first_interfaces/share/my_first_interfaces/cmake/my_first_interfacesConfig-version.cmake
-- Up-to-date symlink: /home/relvixx/ros2_jazzy/install/my_first_interfaces/share/my_first_interfaces/package.xml
-- Up-to-date: /home/relvixx/ros2_jazzy/install/my_first_interfaces/lib/libmy_first_interfaces__rosidl_generator_c.so
-- Up-to-date: /home/relvixx/ros2_jazzy/install/my_first_interfaces/lib/libmy_first_interfaces__rosidl_typesupport_fastrtps_c.so
-- Up-to-date: /home/relvixx/ros2_jazzy/install/my_first_interfaces/lib/libmy_first_interfaces__rosidl_typesupport_introspection_c.so
-- Up-to-date: /home/relvixx/ros2_jazzy/install/my_first_interfaces/lib/libmy_first_interfaces__rosidl_typesupport_c.so
-- Up-to-date: /home/relvixx/ros2_jazzy/install/my_first_interfaces/lib/libmy_first_interfaces__rosidl_typesupport_fastrtps_cpp.so
-- Up-to-date: /home/relvixx/ros2_jazzy/install/my_first_interfaces/lib/libmy_first_interfaces__rosidl_typesupport_introspection_cpp.so
-- Up-to-date: /home/relvixx/ros2_jazzy/install/my_first_interfaces/lib/libmy_first_interfaces__rosidl_typesupport_cpp.so
Listing '/home/relvixx/ros2_jazzy/install/my_first_interfaces/lib/python3.12/site-packages/my_first_interfaces'...
Compiling '/home/relvixx/ros2_jazzy/install/my_first_interfaces/lib/python3.12/site-packages/my_first_interfaces/__init__.py'...
Listing '/home/relvixx/ros2_jazzy/install/my_first_interfaces/lib/python3.12/site-packages/my_first_interfaces/action'...
-- Up-to-date: /home/relvixx/ros2_jazzy/install/my_first_interfaces/lib/libmy_first_interfaces__rosidl_generator_py.so
-- Up-to-date: /home/relvixx/ros2_jazzy/install/my_first_interfaces/share/my_first_interfaces/cmake/export_my_first_interfaces__rosidl_generator_cExport.cmake
-- Up-to-date: /home/relvixx/ros2_jazzy/install/my_first_interfaces/share/my_first_interfaces/cmake/export_my_first_interfaces__rosidl_generator_cExport-noconfig.cmake
-- Up-to-date: /home/relvixx/ros2_jazzy/install/my_first_interfaces/share/my_first_interfaces/cmake/export_my_first_interfaces__rosidl_typesupport_fastrtps_cExport.cmake
-- Up-to-date: /home/relvixx/ros2_jazzy/install/my_first_interfaces/share/my_first_interfaces/cmake/export_my_first_interfaces__rosidl_typesupport_fastrtps_cExport-noconfig.cmake
-- Up-to-date: /home/relvixx/ros2_jazzy/install/my_first_interfaces/share/my_first_interfaces/cmake/my_first_interfaces__rosidl_typesupport_introspection_cExport.cmake
-- Up-to-date: /home/relvixx/ros2_jazzy/install/my_first_interfaces/share/my_first_interfaces/cmake/my_first_interfaces__rosidl_typesupport_introspection_cExport-noconfig.cmake
-- Up-to-date: /home/relvixx/ros2_jazzy/install/my_first_interfaces/share/my_first_interfaces/cmake/my_first_interfaces__rosidl_typesupport_cExport.cmake
-- Up-to-date: /home/relvixx/ros2_jazzy/install/my_first_interfaces/share/my_first_interfaces/cmake/my_first_interfaces__rosidl_typesupport_cExport-noconfig.cmake
-- Up-to-date: /home/relvixx/ros2_jazzy/install/my_first_interfaces/share/my_first_interfaces/cmake/export_my_first_interfaces__rosidl_generator_cppExport.cmake
-- Up-to-date: /home/relvixx/ros2_jazzy/install/my_first_interfaces/share/my_first_interfaces/cmake/export_my_first_interfaces__rosidl_typesupport_fastrtps_cppExport.cmake
-- Up-to-date: /home/relvixx/ros2_jazzy/install/my_first_interfaces/share/my_first_interfaces/cmake/export_my_first_interfaces__rosidl_typesupport_fastrtps_cppExport-noconfig.cmake
-- Up-to-date: /home/relvixx/ros2_jazzy/install/my_first_interfaces/share/my_first_interfaces/cmake/my_first_interfaces__rosidl_typesupport_introspection_cppExport.cmake
-- Up-to-date: /home/relvixx/ros2_jazzy/install/my_first_interfaces/share/my_first_interfaces/cmake/my_first_interfaces__rosidl_typesupport_introspection_cppExport-noconfig.cmake
-- Up-to-date: /home/relvixx/ros2_jazzy/install/my_first_interfaces/share/my_first_interfaces/cmake/my_first_interfaces__rosidl_typesupport_cppExport.cmake
-- Up-to-date: /home/relvixx/ros2_jazzy/install/my_first_interfaces/share/my_first_interfaces/cmake/my_first_interfaces__rosidl_typesupport_cppExport-noconfig.cmake
-- Up-to-date: /home/relvixx/ros2_jazzy/install/my_first_interfaces/share/my_first_interfaces/cmake/export_my_first_interfaces__rosidl_generator_pyExport.cmake
-- Up-to-date: /home/relvixx/ros2_jazzy/install/my_first_interfaces/share/my_first_interfaces/cmake/export_my_first_interfaces__rosidl_generator_pyExport-noconfig.cmake
