[0.012s] Invoking command in '/home/relvixx/ros2_jazzy/build/my_first_interfaces': CMAKE_PREFIX_PATH=${CMAKE_PREFIX_PATH}:/home/relvixx/ros2_jazzy/install/my_first_pkg:/opt/ros/jazzy DEBUGINFOD_URLS=https://debuginfod.ubuntu.com /usr/bin/cmake --build /home/relvixx/ros2_jazzy/build/my_first_interfaces -- -j12 -l12
[0.076s] [  5%] Built target my_first_interfaces__rs
[0.076s] [  5%] Built target my_first_interfaces__rosidl_generator_type_description
[0.085s] [  5%] Built target ament_cmake_python_symlink_my_first_interfaces
[0.100s] [  8%] Built target my_first_interfaces__cpp
[0.101s] [ 22%] Built target my_first_interfaces__rosidl_generator_c
[0.131s] [ 51%] Built target my_first_interfaces__rosidl_typesupport_fastrtps_c
[0.131s] [ 51%] Built target my_first_interfaces__rosidl_typesupport_c
[0.132s] [ 51%] Built target my_first_interfaces__rosidl_typesupport_introspection_cpp
[0.132s] [ 57%] Built target my_first_interfaces__rosidl_typesupport_introspection_c
[0.132s] [ 65%] Built target my_first_interfaces__rosidl_typesupport_fastrtps_cpp
[0.135s] [ 74%] Built target my_first_interfaces__rosidl_typesupport_cpp
[0.161s] [ 74%] Built target my_first_interfaces
[0.187s] [ 77%] Built target my_first_interfaces__py
[0.215s] [ 82%] Built target my_first_interfaces__rosidl_generator_py
[0.243s] [100%] Built target my_first_interfaces_s__rosidl_typesupport_fastrtps_c
[0.244s] [100%] Built target my_first_interfaces_s__rosidl_typesupport_c
[0.244s] [100%] Built target my_first_interfaces_s__rosidl_typesupport_introspection_c
[0.352s] running egg_info
[0.374s] writing my_first_interfaces.egg-info/PKG-INFO
[0.374s] writing dependency_links to my_first_interfaces.egg-info/dependency_links.txt
[0.375s] writing top-level names to my_first_interfaces.egg-info/top_level.txt
[0.421s] reading manifest file 'my_first_interfaces.egg-info/SOURCES.txt'
[0.422s] writing manifest file 'my_first_interfaces.egg-info/SOURCES.txt'
[0.453s] [100%] Built target ament_cmake_python_build_my_first_interfaces_egg
[0.466s] Invoked command in '/home/relvixx/ros2_jazzy/build/my_first_interfaces' returned '0': CMAKE_PREFIX_PATH=${CMAKE_PREFIX_PATH}:/home/relvixx/ros2_jazzy/install/my_first_pkg:/opt/ros/jazzy DEBUGINFOD_URLS=https://debuginfod.ubuntu.com /usr/bin/cmake --build /home/relvixx/ros2_jazzy/build/my_first_interfaces -- -j12 -l12
[0.474s] Invoking command in '/home/relvixx/ros2_jazzy/build/my_first_interfaces': CMAKE_PREFIX_PATH=${CMAKE_PREFIX_PATH}:/home/relvixx/ros2_jazzy/install/my_first_pkg:/opt/ros/jazzy DEBUGINFOD_URLS=https://debuginfod.ubuntu.com /usr/bin/cmake --install /home/relvixx/ros2_jazzy/build/my_first_interfaces
[0.482s] -- Install configuration: ""
[0.483s] -- Execute custom install script
[0.483s] -- Up-to-date symlink: /home/relvixx/ros2_jazzy/install/my_first_interfaces/share/ament_index/resource_index/rosidl_interfaces/my_first_interfaces
[0.483s] -- Up-to-date symlink: /home/relvixx/ros2_jazzy/install/my_first_interfaces/share/my_first_interfaces/action/Fibonacci.json
[0.484s] -- Up-to-date symlink: /home/relvixx/ros2_jazzy/install/my_first_interfaces/include/my_first_interfaces/my_first_interfaces/action/detail/fibonacci__functions.h
[0.484s] -- Up-to-date symlink: /home/relvixx/ros2_jazzy/install/my_first_interfaces/include/my_first_interfaces/my_first_interfaces/action/detail/fibonacci__struct.h
[0.484s] -- Up-to-date symlink: /home/relvixx/ros2_jazzy/install/my_first_interfaces/include/my_first_interfaces/my_first_interfaces/action/detail/fibonacci__type_support.h
[0.484s] -- Up-to-date symlink: /home/relvixx/ros2_jazzy/install/my_first_interfaces/include/my_first_interfaces/my_first_interfaces/action/fibonacci.h
[0.484s] -- Up-to-date symlink: /home/relvixx/ros2_jazzy/install/my_first_interfaces/include/my_first_interfaces/my_first_interfaces/msg/rosidl_generator_c__visibility_control.h
[0.484s] -- Up-to-date symlink: /home/relvixx/ros2_jazzy/install/my_first_interfaces/share/my_first_interfaces/environment/library_path.sh
[0.484s] -- Up-to-date symlink: /home/relvixx/ros2_jazzy/install/my_first_interfaces/share/my_first_interfaces/environment/library_path.dsv
[0.484s] -- Up-to-date symlink: /home/relvixx/ros2_jazzy/install/my_first_interfaces/include/my_first_interfaces/my_first_interfaces/action/detail/fibonacci__rosidl_typesupport_fastrtps_c.h
[0.485s] -- Up-to-date symlink: /home/relvixx/ros2_jazzy/install/my_first_interfaces/include/my_first_interfaces/my_first_interfaces/msg/rosidl_typesupport_fastrtps_c__visibility_control.h
[0.485s] -- Up-to-date symlink: /home/relvixx/ros2_jazzy/install/my_first_interfaces/include/my_first_interfaces/my_first_interfaces/action/detail/fibonacci__rosidl_typesupport_introspection_c.h
[0.485s] -- Up-to-date symlink: /home/relvixx/ros2_jazzy/install/my_first_interfaces/include/my_first_interfaces/my_first_interfaces/msg/rosidl_typesupport_introspection_c__visibility_control.h
[0.486s] -- Up-to-date symlink: /home/relvixx/ros2_jazzy/install/my_first_interfaces/include/my_first_interfaces/my_first_interfaces/action/detail/fibonacci__builder.hpp
[0.486s] -- Up-to-date symlink: /home/relvixx/ros2_jazzy/install/my_first_interfaces/include/my_first_interfaces/my_first_interfaces/action/detail/fibonacci__struct.hpp
[0.486s] -- Up-to-date symlink: /home/relvixx/ros2_jazzy/install/my_first_interfaces/include/my_first_interfaces/my_first_interfaces/action/detail/fibonacci__traits.hpp
[0.486s] -- Up-to-date symlink: /home/relvixx/ros2_jazzy/install/my_first_interfaces/include/my_first_interfaces/my_first_interfaces/action/detail/fibonacci__type_support.hpp
[0.486s] -- Up-to-date symlink: /home/relvixx/ros2_jazzy/install/my_first_interfaces/include/my_first_interfaces/my_first_interfaces/action/fibonacci.hpp
[0.486s] -- Up-to-date symlink: /home/relvixx/ros2_jazzy/install/my_first_interfaces/include/my_first_interfaces/my_first_interfaces/msg/rosidl_generator_cpp__visibility_control.hpp
[0.487s] -- Up-to-date symlink: /home/relvixx/ros2_jazzy/install/my_first_interfaces/include/my_first_interfaces/my_first_interfaces/action/detail/fibonacci__rosidl_typesupport_fastrtps_cpp.hpp
[0.487s] -- Up-to-date symlink: /home/relvixx/ros2_jazzy/install/my_first_interfaces/include/my_first_interfaces/my_first_interfaces/msg/rosidl_typesupport_fastrtps_cpp__visibility_control.h
[0.487s] -- Up-to-date symlink: /home/relvixx/ros2_jazzy/install/my_first_interfaces/include/my_first_interfaces/my_first_interfaces/action/detail/fibonacci__rosidl_typesupport_introspection_cpp.hpp
[0.487s] -- Up-to-date symlink: /home/relvixx/ros2_jazzy/install/my_first_interfaces/share/my_first_interfaces/environment/pythonpath.sh
[0.487s] -- Up-to-date symlink: /home/relvixx/ros2_jazzy/install/my_first_interfaces/share/my_first_interfaces/environment/pythonpath.dsv
[0.488s] -- Up-to-date symlink: /home/relvixx/ros2_jazzy/install/my_first_interfaces/lib/python3.12/site-packages/my_first_interfaces-0.0.0-py3.12.egg-info/PKG-INFO
[0.488s] -- Up-to-date symlink: /home/relvixx/ros2_jazzy/install/my_first_interfaces/lib/python3.12/site-packages/my_first_interfaces-0.0.0-py3.12.egg-info/SOURCES.txt
[0.488s] -- Up-to-date symlink: /home/relvixx/ros2_jazzy/install/my_first_interfaces/lib/python3.12/site-packages/my_first_interfaces-0.0.0-py3.12.egg-info/dependency_links.txt
[0.488s] -- Up-to-date symlink: /home/relvixx/ros2_jazzy/install/my_first_interfaces/lib/python3.12/site-packages/my_first_interfaces-0.0.0-py3.12.egg-info/top_level.txt
[0.489s] -- Up-to-date symlink: /home/relvixx/ros2_jazzy/install/my_first_interfaces/lib/python3.12/site-packages/my_first_interfaces/__init__.py
[0.489s] -- Up-to-date symlink: /home/relvixx/ros2_jazzy/install/my_first_interfaces/lib/python3.12/site-packages/my_first_interfaces/_my_first_interfaces_s.ep.rosidl_typesupport_c.c
[0.489s] -- Up-to-date symlink: /home/relvixx/ros2_jazzy/install/my_first_interfaces/lib/python3.12/site-packages/my_first_interfaces/_my_first_interfaces_s.ep.rosidl_typesupport_fastrtps_c.c
[0.489s] -- Up-to-date symlink: /home/relvixx/ros2_jazzy/install/my_first_interfaces/lib/python3.12/site-packages/my_first_interfaces/_my_first_interfaces_s.ep.rosidl_typesupport_introspection_c.c
[0.489s] -- Up-to-date symlink: /home/relvixx/ros2_jazzy/install/my_first_interfaces/lib/python3.12/site-packages/my_first_interfaces/action/__init__.py
[0.489s] -- Up-to-date symlink: /home/relvixx/ros2_jazzy/install/my_first_interfaces/lib/python3.12/site-packages/my_first_interfaces/action/_fibonacci.py
[0.489s] -- Up-to-date symlink: /home/relvixx/ros2_jazzy/install/my_first_interfaces/lib/python3.12/site-packages/my_first_interfaces/action/_fibonacci_s.c
[0.489s] -- Up-to-date symlink: /home/relvixx/ros2_jazzy/install/my_first_interfaces/lib/python3.12/site-packages/my_first_interfaces/my_first_interfaces_s__rosidl_typesupport_c.so
[0.490s] -- Up-to-date symlink: /home/relvixx/ros2_jazzy/install/my_first_interfaces/lib/python3.12/site-packages/my_first_interfaces/my_first_interfaces_s__rosidl_typesupport_fastrtps_c.so
[0.490s] -- Up-to-date symlink: /home/relvixx/ros2_jazzy/install/my_first_interfaces/lib/python3.12/site-packages/my_first_interfaces/my_first_interfaces_s__rosidl_typesupport_introspection_c.so
[0.490s] -- Up-to-date symlink: /home/relvixx/ros2_jazzy/install/my_first_interfaces/lib/python3.12/site-packages/my_first_interfaces/my_first_interfaces_s__rosidl_typesupport_fastrtps_c.so
[0.490s] -- Up-to-date symlink: /home/relvixx/ros2_jazzy/install/my_first_interfaces/lib/python3.12/site-packages/my_first_interfaces/my_first_interfaces_s__rosidl_typesupport_introspection_c.so
[0.490s] -- Up-to-date symlink: /home/relvixx/ros2_jazzy/install/my_first_interfaces/lib/python3.12/site-packages/my_first_interfaces/my_first_interfaces_s__rosidl_typesupport_c.so
[0.490s] -- Up-to-date symlink: /home/relvixx/ros2_jazzy/install/my_first_interfaces/share/ament_index/resource_index/rust_packages/my_first_interfaces
[0.491s] -- Up-to-date symlink: /home/relvixx/ros2_jazzy/install/my_first_interfaces/share/my_first_interfaces/rust/Cargo.toml
[0.491s] -- Up-to-date symlink: /home/relvixx/ros2_jazzy/install/my_first_interfaces/share/my_first_interfaces/rust/build.rs
[0.491s] -- Up-to-date symlink: /home/relvixx/ros2_jazzy/install/my_first_interfaces/share/my_first_interfaces/rust/src/action.rs
[0.491s] -- Up-to-date symlink: /home/relvixx/ros2_jazzy/install/my_first_interfaces/share/my_first_interfaces/rust/src/action/rmw.rs
[0.491s] -- Up-to-date symlink: /home/relvixx/ros2_jazzy/install/my_first_interfaces/share/my_first_interfaces/rust/src/lib.rs
[0.491s] -- Up-to-date symlink: /home/relvixx/ros2_jazzy/install/my_first_interfaces/share/my_first_interfaces/action/Fibonacci.idl
[0.492s] -- Up-to-date symlink: /home/relvixx/ros2_jazzy/install/my_first_interfaces/share/my_first_interfaces/action/Fibonacci.action
[0.492s] -- Up-to-date symlink: /home/relvixx/ros2_jazzy/install/my_first_interfaces/share/ament_index/resource_index/package_run_dependencies/my_first_interfaces
[0.492s] -- Up-to-date symlink: /home/relvixx/ros2_jazzy/install/my_first_interfaces/share/ament_index/resource_index/parent_prefix_path/my_first_interfaces
[0.492s] -- Up-to-date symlink: /home/relvixx/ros2_jazzy/install/my_first_interfaces/share/my_first_interfaces/environment/ament_prefix_path.sh
[0.492s] -- Up-to-date symlink: /home/relvixx/ros2_jazzy/install/my_first_interfaces/share/my_first_interfaces/environment/ament_prefix_path.dsv
[0.492s] -- Up-to-date symlink: /home/relvixx/ros2_jazzy/install/my_first_interfaces/share/my_first_interfaces/environment/path.sh
[0.493s] -- Up-to-date symlink: /home/relvixx/ros2_jazzy/install/my_first_interfaces/share/my_first_interfaces/environment/path.dsv
[0.493s] -- Up-to-date symlink: /home/relvixx/ros2_jazzy/install/my_first_interfaces/share/my_first_interfaces/local_setup.bash
[0.493s] -- Up-to-date symlink: /home/relvixx/ros2_jazzy/install/my_first_interfaces/share/my_first_interfaces/local_setup.sh
[0.493s] -- Up-to-date symlink: /home/relvixx/ros2_jazzy/install/my_first_interfaces/share/my_first_interfaces/local_setup.zsh
[0.493s] -- Up-to-date symlink: /home/relvixx/ros2_jazzy/install/my_first_interfaces/share/my_first_interfaces/local_setup.dsv
[0.493s] -- Symlinking: /home/relvixx/ros2_jazzy/install/my_first_interfaces/share/my_first_interfaces/package.dsv
[0.503s] -- Up-to-date symlink: /home/relvixx/ros2_jazzy/install/my_first_interfaces/share/ament_index/resource_index/packages/my_first_interfaces
[0.503s] -- Up-to-date symlink: /home/relvixx/ros2_jazzy/install/my_first_interfaces/share/my_first_interfaces/cmake/rosidl_cmake-extras.cmake
[0.503s] -- Up-to-date symlink: /home/relvixx/ros2_jazzy/install/my_first_interfaces/share/my_first_interfaces/cmake/ament_cmake_export_dependencies-extras.cmake
[0.503s] -- Up-to-date symlink: /home/relvixx/ros2_jazzy/install/my_first_interfaces/share/my_first_interfaces/cmake/ament_cmake_export_include_directories-extras.cmake
[0.504s] -- Up-to-date symlink: /home/relvixx/ros2_jazzy/install/my_first_interfaces/share/my_first_interfaces/cmake/ament_cmake_export_libraries-extras.cmake
[0.504s] -- Up-to-date symlink: /home/relvixx/ros2_jazzy/install/my_first_interfaces/share/my_first_interfaces/cmake/ament_cmake_export_targets-extras.cmake
[0.504s] -- Up-to-date symlink: /home/relvixx/ros2_jazzy/install/my_first_interfaces/share/my_first_interfaces/cmake/rosidl_cmake_export_typesupport_targets-extras.cmake
[0.504s] -- Up-to-date symlink: /home/relvixx/ros2_jazzy/install/my_first_interfaces/share/my_first_interfaces/cmake/rosidl_cmake_export_typesupport_libraries-extras.cmake
[0.504s] -- Up-to-date symlink: /home/relvixx/ros2_jazzy/install/my_first_interfaces/share/my_first_interfaces/cmake/rosidl_cmake_aggregate_target-extras.cmake
[0.505s] -- Up-to-date symlink: /home/relvixx/ros2_jazzy/install/my_first_interfaces/share/my_first_interfaces/cmake/my_first_interfacesConfig.cmake
[0.505s] -- Up-to-date symlink: /home/relvixx/ros2_jazzy/install/my_first_interfaces/share/my_first_interfaces/cmake/my_first_interfacesConfig-version.cmake
[0.505s] -- Up-to-date symlink: /home/relvixx/ros2_jazzy/install/my_first_interfaces/share/my_first_interfaces/package.xml
[0.505s] -- Up-to-date: /home/relvixx/ros2_jazzy/install/my_first_interfaces/lib/libmy_first_interfaces__rosidl_generator_c.so
[0.506s] -- Up-to-date: /home/relvixx/ros2_jazzy/install/my_first_interfaces/lib/libmy_first_interfaces__rosidl_typesupport_fastrtps_c.so
[0.506s] -- Up-to-date: /home/relvixx/ros2_jazzy/install/my_first_interfaces/lib/libmy_first_interfaces__rosidl_typesupport_introspection_c.so
[0.506s] -- Up-to-date: /home/relvixx/ros2_jazzy/install/my_first_interfaces/lib/libmy_first_interfaces__rosidl_typesupport_c.so
[0.506s] -- Up-to-date: /home/relvixx/ros2_jazzy/install/my_first_interfaces/lib/libmy_first_interfaces__rosidl_typesupport_fastrtps_cpp.so
[0.507s] -- Up-to-date: /home/relvixx/ros2_jazzy/install/my_first_interfaces/lib/libmy_first_interfaces__rosidl_typesupport_introspection_cpp.so
[0.507s] -- Up-to-date: /home/relvixx/ros2_jazzy/install/my_first_interfaces/lib/libmy_first_interfaces__rosidl_typesupport_cpp.so
[0.535s] Listing '/home/relvixx/ros2_jazzy/install/my_first_interfaces/lib/python3.12/site-packages/my_first_interfaces'...
[0.535s] Listing '/home/relvixx/ros2_jazzy/install/my_first_interfaces/lib/python3.12/site-packages/my_first_interfaces/action'...
[0.540s] -- Up-to-date: /home/relvixx/ros2_jazzy/install/my_first_interfaces/lib/libmy_first_interfaces__rosidl_generator_py.so
[0.540s] -- Up-to-date: /home/relvixx/ros2_jazzy/install/my_first_interfaces/share/my_first_interfaces/cmake/export_my_first_interfaces__rosidl_generator_cExport.cmake
[0.541s] -- Up-to-date: /home/relvixx/ros2_jazzy/install/my_first_interfaces/share/my_first_interfaces/cmake/export_my_first_interfaces__rosidl_generator_cExport-noconfig.cmake
[0.541s] -- Up-to-date: /home/relvixx/ros2_jazzy/install/my_first_interfaces/share/my_first_interfaces/cmake/export_my_first_interfaces__rosidl_typesupport_fastrtps_cExport.cmake
[0.541s] -- Up-to-date: /home/relvixx/ros2_jazzy/install/my_first_interfaces/share/my_first_interfaces/cmake/export_my_first_interfaces__rosidl_typesupport_fastrtps_cExport-noconfig.cmake
[0.541s] -- Up-to-date: /home/relvixx/ros2_jazzy/install/my_first_interfaces/share/my_first_interfaces/cmake/my_first_interfaces__rosidl_typesupport_introspection_cExport.cmake
[0.541s] -- Up-to-date: /home/relvixx/ros2_jazzy/install/my_first_interfaces/share/my_first_interfaces/cmake/my_first_interfaces__rosidl_typesupport_introspection_cExport-noconfig.cmake
[0.541s] -- Up-to-date: /home/relvixx/ros2_jazzy/install/my_first_interfaces/share/my_first_interfaces/cmake/my_first_interfaces__rosidl_typesupport_cExport.cmake
[0.541s] -- Up-to-date: /home/relvixx/ros2_jazzy/install/my_first_interfaces/share/my_first_interfaces/cmake/my_first_interfaces__rosidl_typesupport_cExport-noconfig.cmake
[0.541s] -- Up-to-date: /home/relvixx/ros2_jazzy/install/my_first_interfaces/share/my_first_interfaces/cmake/export_my_first_interfaces__rosidl_generator_cppExport.cmake
[0.541s] -- Up-to-date: /home/relvixx/ros2_jazzy/install/my_first_interfaces/share/my_first_interfaces/cmake/export_my_first_interfaces__rosidl_typesupport_fastrtps_cppExport.cmake
[0.542s] -- Up-to-date: /home/relvixx/ros2_jazzy/install/my_first_interfaces/share/my_first_interfaces/cmake/export_my_first_interfaces__rosidl_typesupport_fastrtps_cppExport-noconfig.cmake
[0.542s] -- Up-to-date: /home/relvixx/ros2_jazzy/install/my_first_interfaces/share/my_first_interfaces/cmake/my_first_interfaces__rosidl_typesupport_introspection_cppExport.cmake
[0.542s] -- Up-to-date: /home/relvixx/ros2_jazzy/install/my_first_interfaces/share/my_first_interfaces/cmake/my_first_interfaces__rosidl_typesupport_introspection_cppExport-noconfig.cmake
[0.542s] -- Up-to-date: /home/relvixx/ros2_jazzy/install/my_first_interfaces/share/my_first_interfaces/cmake/my_first_interfaces__rosidl_typesupport_cppExport.cmake
[0.542s] -- Up-to-date: /home/relvixx/ros2_jazzy/install/my_first_interfaces/share/my_first_interfaces/cmake/my_first_interfaces__rosidl_typesupport_cppExport-noconfig.cmake
[0.542s] -- Up-to-date: /home/relvixx/ros2_jazzy/install/my_first_interfaces/share/my_first_interfaces/cmake/export_my_first_interfaces__rosidl_generator_pyExport.cmake
[0.542s] -- Up-to-date: /home/relvixx/ros2_jazzy/install/my_first_interfaces/share/my_first_interfaces/cmake/export_my_first_interfaces__rosidl_generator_pyExport-noconfig.cmake
[0.544s] Invoked command in '/home/relvixx/ros2_jazzy/build/my_first_interfaces' returned '0': CMAKE_PREFIX_PATH=${CMAKE_PREFIX_PATH}:/home/relvixx/ros2_jazzy/install/my_first_pkg:/opt/ros/jazzy DEBUGINFOD_URLS=https://debuginfod.ubuntu.com /usr/bin/cmake --install /home/relvixx/ros2_jazzy/build/my_first_interfaces
