[0.125s] DEBUG:colcon:Command line arguments: ['/usr/bin/colcon', 'build']
[0.125s] DEBUG:colcon:Parsed command line arguments: Namespace(log_base=None, log_level=None, verb_name='build', build_base='build', install_base='install', merge_install=False, symlink_install=False, test_result_base=None, continue_on_error=False, executor='parallel', parallel_workers=12, event_handlers=None, ignore_user_meta=False, metas=['./colcon.meta'], base_paths=['.'], packages_ignore=None, packages_ignore_regex=None, paths=None, packages_up_to=None, packages_up_to_regex=None, packages_above=None, packages_above_and_dependencies=None, packages_above_depth=None, packages_select_by_dep=None, packages_skip_by_dep=None, packages_skip_up_to=None, packages_select_build_failed=False, packages_skip_build_finished=False, packages_select_test_failures=False, packages_skip_test_passed=False, packages_select=None, packages_skip=None, packages_select_regex=None, packages_skip_regex=None, packages_start=None, packages_end=None, allow_overriding=[], cmake_args=None, cmake_target=None, cmake_target_skip_unavailable=False, cmake_clean_cache=False, cmake_clean_first=False, cmake_force_configure=False, ament_cmake_args=None, catkin_cmake_args=None, catkin_skip_building_tests=False, mixin_files=None, mixin=None, verb_parser=<colcon_mixin.mixin.mixin_argument.MixinArgumentDecorator object at 0x73c2aaca0920>, verb_extension=<colcon_core.verb.build.BuildVerb object at 0x73c2aaca0620>, main=<bound method BuildVerb.main of <colcon_core.verb.build.BuildVerb object at 0x73c2aaca0620>>, mixin_verb=('build',))
[0.173s] Level 1:colcon.colcon_core.package_discovery:discover_packages(colcon_meta) check parameters
[0.173s] Level 1:colcon.colcon_core.package_discovery:discover_packages(recursive) check parameters
[0.173s] Level 1:colcon.colcon_core.package_discovery:discover_packages(ignore) check parameters
[0.173s] Level 1:colcon.colcon_core.package_discovery:discover_packages(path) check parameters
[0.173s] Level 1:colcon.colcon_core.package_discovery:discover_packages(colcon_meta) discover
[0.173s] Level 1:colcon.colcon_core.package_discovery:discover_packages(recursive) discover
[0.173s] INFO:colcon.colcon_core.package_discovery:Crawling recursively for packages in '/home/relvixx/ros2_jazzy'
[0.173s] Level 1:colcon.colcon_core.package_identification:_identify(.) by extensions ['ignore', 'ignore_ament_install']
[0.173s] Level 1:colcon.colcon_core.package_identification:_identify(.) by extension 'ignore'
[0.173s] Level 1:colcon.colcon_core.package_identification:_identify(.) by extension 'ignore_ament_install'
[0.173s] Level 1:colcon.colcon_core.package_identification:_identify(.) by extensions ['colcon_pkg']
[0.173s] Level 1:colcon.colcon_core.package_identification:_identify(.) by extension 'colcon_pkg'
[0.173s] Level 1:colcon.colcon_core.package_identification:_identify(.) by extensions ['colcon_meta']
[0.173s] Level 1:colcon.colcon_core.package_identification:_identify(.) by extension 'colcon_meta'
[0.174s] Level 1:colcon.colcon_core.package_identification:_identify(.) by extensions ['ros']
[0.174s] Level 1:colcon.colcon_core.package_identification:_identify(.) by extension 'ros'
[0.202s] Level 1:colcon.colcon_core.package_identification:_identify(.) by extensions ['cmake', 'python']
[0.202s] Level 1:colcon.colcon_core.package_identification:_identify(.) by extension 'cmake'
[0.202s] Level 1:colcon.colcon_core.package_identification:_identify(.) by extension 'python'
[0.202s] Level 1:colcon.colcon_core.package_identification:_identify(.) by extensions ['python_setup_py']
[0.202s] Level 1:colcon.colcon_core.package_identification:_identify(.) by extension 'python_setup_py'
[0.202s] Level 1:colcon.colcon_core.package_identification:_identify(build) by extensions ['ignore', 'ignore_ament_install']
[0.202s] Level 1:colcon.colcon_core.package_identification:_identify(build) by extension 'ignore'
[0.202s] Level 1:colcon.colcon_core.package_identification:_identify(build) ignored
[0.203s] Level 1:colcon.colcon_core.package_identification:_identify(install) by extensions ['ignore', 'ignore_ament_install']
[0.203s] Level 1:colcon.colcon_core.package_identification:_identify(install) by extension 'ignore'
[0.203s] Level 1:colcon.colcon_core.package_identification:_identify(install) ignored
[0.203s] Level 1:colcon.colcon_core.package_identification:_identify(learning material) by extensions ['ignore', 'ignore_ament_install']
[0.203s] Level 1:colcon.colcon_core.package_identification:_identify(learning material) by extension 'ignore'
[0.203s] Level 1:colcon.colcon_core.package_identification:_identify(learning material) by extension 'ignore_ament_install'
[0.203s] Level 1:colcon.colcon_core.package_identification:_identify(learning material) by extensions ['colcon_pkg']
[0.203s] Level 1:colcon.colcon_core.package_identification:_identify(learning material) by extension 'colcon_pkg'
[0.203s] Level 1:colcon.colcon_core.package_identification:_identify(learning material) by extensions ['colcon_meta']
[0.203s] Level 1:colcon.colcon_core.package_identification:_identify(learning material) by extension 'colcon_meta'
[0.203s] Level 1:colcon.colcon_core.package_identification:_identify(learning material) by extensions ['ros']
[0.203s] Level 1:colcon.colcon_core.package_identification:_identify(learning material) by extension 'ros'
[0.203s] Level 1:colcon.colcon_core.package_identification:_identify(learning material) by extensions ['cmake', 'python']
[0.203s] Level 1:colcon.colcon_core.package_identification:_identify(learning material) by extension 'cmake'
[0.204s] Level 1:colcon.colcon_core.package_identification:_identify(learning material) by extension 'python'
[0.204s] Level 1:colcon.colcon_core.package_identification:_identify(learning material) by extensions ['python_setup_py']
[0.204s] Level 1:colcon.colcon_core.package_identification:_identify(learning material) by extension 'python_setup_py'
[0.204s] Level 1:colcon.colcon_core.package_identification:_identify(log) by extensions ['ignore', 'ignore_ament_install']
[0.204s] Level 1:colcon.colcon_core.package_identification:_identify(log) by extension 'ignore'
[0.204s] Level 1:colcon.colcon_core.package_identification:_identify(log) ignored
[0.204s] Level 1:colcon.colcon_core.package_identification:_identify(src) by extensions ['ignore', 'ignore_ament_install']
[0.204s] Level 1:colcon.colcon_core.package_identification:_identify(src) by extension 'ignore'
[0.204s] Level 1:colcon.colcon_core.package_identification:_identify(src) by extension 'ignore_ament_install'
[0.204s] Level 1:colcon.colcon_core.package_identification:_identify(src) by extensions ['colcon_pkg']
[0.204s] Level 1:colcon.colcon_core.package_identification:_identify(src) by extension 'colcon_pkg'
[0.204s] Level 1:colcon.colcon_core.package_identification:_identify(src) by extensions ['colcon_meta']
[0.204s] Level 1:colcon.colcon_core.package_identification:_identify(src) by extension 'colcon_meta'
[0.204s] Level 1:colcon.colcon_core.package_identification:_identify(src) by extensions ['ros']
[0.204s] Level 1:colcon.colcon_core.package_identification:_identify(src) by extension 'ros'
[0.204s] Level 1:colcon.colcon_core.package_identification:_identify(src) by extensions ['cmake', 'python']
[0.205s] Level 1:colcon.colcon_core.package_identification:_identify(src) by extension 'cmake'
[0.205s] Level 1:colcon.colcon_core.package_identification:_identify(src) by extension 'python'
[0.205s] Level 1:colcon.colcon_core.package_identification:_identify(src) by extensions ['python_setup_py']
[0.205s] Level 1:colcon.colcon_core.package_identification:_identify(src) by extension 'python_setup_py'
[0.205s] Level 1:colcon.colcon_core.package_identification:_identify(src/build) by extensions ['ignore', 'ignore_ament_install']
[0.205s] Level 1:colcon.colcon_core.package_identification:_identify(src/build) by extension 'ignore'
[0.205s] Level 1:colcon.colcon_core.package_identification:_identify(src/build) ignored
[0.205s] Level 1:colcon.colcon_core.package_identification:_identify(src/install) by extensions ['ignore', 'ignore_ament_install']
[0.205s] Level 1:colcon.colcon_core.package_identification:_identify(src/install) by extension 'ignore'
[0.205s] Level 1:colcon.colcon_core.package_identification:_identify(src/install) ignored
[0.205s] Level 1:colcon.colcon_core.package_identification:_identify(src/log) by extensions ['ignore', 'ignore_ament_install']
[0.206s] Level 1:colcon.colcon_core.package_identification:_identify(src/log) by extension 'ignore'
[0.206s] Level 1:colcon.colcon_core.package_identification:_identify(src/log) ignored
[0.206s] Level 1:colcon.colcon_core.package_identification:_identify(src/my_first_interfaces) by extensions ['ignore', 'ignore_ament_install']
[0.206s] Level 1:colcon.colcon_core.package_identification:_identify(src/my_first_interfaces) by extension 'ignore'
[0.206s] Level 1:colcon.colcon_core.package_identification:_identify(src/my_first_interfaces) by extension 'ignore_ament_install'
[0.206s] Level 1:colcon.colcon_core.package_identification:_identify(src/my_first_interfaces) by extensions ['colcon_pkg']
[0.206s] Level 1:colcon.colcon_core.package_identification:_identify(src/my_first_interfaces) by extension 'colcon_pkg'
[0.206s] Level 1:colcon.colcon_core.package_identification:_identify(src/my_first_interfaces) by extensions ['colcon_meta']
[0.206s] Level 1:colcon.colcon_core.package_identification:_identify(src/my_first_interfaces) by extension 'colcon_meta'
[0.206s] Level 1:colcon.colcon_core.package_identification:_identify(src/my_first_interfaces) by extensions ['ros']
[0.206s] Level 1:colcon.colcon_core.package_identification:_identify(src/my_first_interfaces) by extension 'ros'
[0.209s] DEBUG:colcon.colcon_core.package_identification:Package 'src/my_first_interfaces' with type 'ros.ament_cmake' and name 'my_first_interfaces'
[0.209s] Level 1:colcon.colcon_core.package_identification:_identify(src/my_first_pkg) by extensions ['ignore', 'ignore_ament_install']
[0.209s] Level 1:colcon.colcon_core.package_identification:_identify(src/my_first_pkg) by extension 'ignore'
[0.209s] Level 1:colcon.colcon_core.package_identification:_identify(src/my_first_pkg) by extension 'ignore_ament_install'
[0.209s] Level 1:colcon.colcon_core.package_identification:_identify(src/my_first_pkg) by extensions ['colcon_pkg']
[0.210s] Level 1:colcon.colcon_core.package_identification:_identify(src/my_first_pkg) by extension 'colcon_pkg'
[0.210s] Level 1:colcon.colcon_core.package_identification:_identify(src/my_first_pkg) by extensions ['colcon_meta']
[0.210s] Level 1:colcon.colcon_core.package_identification:_identify(src/my_first_pkg) by extension 'colcon_meta'
[0.210s] Level 1:colcon.colcon_core.package_identification:_identify(src/my_first_pkg) by extensions ['ros']
[0.210s] Level 1:colcon.colcon_core.package_identification:_identify(src/my_first_pkg) by extension 'ros'
[0.210s] DEBUG:colcon.colcon_core.package_identification:Package 'src/my_first_pkg' with type 'ros.ament_python' and name 'my_first_pkg'
[0.210s] Level 1:colcon.colcon_core.package_discovery:discover_packages(recursive) using defaults
[0.210s] Level 1:colcon.colcon_core.package_discovery:discover_packages(ignore) discover
[0.210s] Level 1:colcon.colcon_core.package_discovery:discover_packages(ignore) using defaults
[0.210s] Level 1:colcon.colcon_core.package_discovery:discover_packages(path) discover
[0.211s] Level 1:colcon.colcon_core.package_discovery:discover_packages(path) using defaults
[0.231s] Level 1:colcon.colcon_core.package_discovery:discover_packages(prefix_path) check parameters
[0.231s] Level 1:colcon.colcon_core.package_discovery:discover_packages(prefix_path) discover
[0.233s] DEBUG:colcon.colcon_installed_package_information.package_discovery:Found 2 installed packages in /home/relvixx/ros2_jazzy/install
[0.235s] DEBUG:colcon.colcon_installed_package_information.package_discovery:Found 287 installed packages in /opt/ros/jazzy
[0.236s] Level 1:colcon.colcon_core.package_discovery:discover_packages(prefix_path) using defaults
[0.285s] Level 5:colcon.colcon_core.verb:set package 'my_first_interfaces' build argument 'cmake_args' from command line to 'None'
[0.285s] Level 5:colcon.colcon_core.verb:set package 'my_first_interfaces' build argument 'cmake_target' from command line to 'None'
[0.285s] Level 5:colcon.colcon_core.verb:set package 'my_first_interfaces' build argument 'cmake_target_skip_unavailable' from command line to 'False'
[0.285s] Level 5:colcon.colcon_core.verb:set package 'my_first_interfaces' build argument 'cmake_clean_cache' from command line to 'False'
[0.285s] Level 5:colcon.colcon_core.verb:set package 'my_first_interfaces' build argument 'cmake_clean_first' from command line to 'False'
[0.285s] Level 5:colcon.colcon_core.verb:set package 'my_first_interfaces' build argument 'cmake_force_configure' from command line to 'False'
[0.285s] Level 5:colcon.colcon_core.verb:set package 'my_first_interfaces' build argument 'ament_cmake_args' from command line to 'None'
[0.285s] Level 5:colcon.colcon_core.verb:set package 'my_first_interfaces' build argument 'catkin_cmake_args' from command line to 'None'
[0.285s] Level 5:colcon.colcon_core.verb:set package 'my_first_interfaces' build argument 'catkin_skip_building_tests' from command line to 'False'
[0.285s] DEBUG:colcon.colcon_core.verb:Building package 'my_first_interfaces' with the following arguments: {'ament_cmake_args': None, 'build_base': '/home/relvixx/ros2_jazzy/build/my_first_interfaces', 'catkin_cmake_args': None, 'catkin_skip_building_tests': False, 'cmake_args': None, 'cmake_clean_cache': False, 'cmake_clean_first': False, 'cmake_force_configure': False, 'cmake_target': None, 'cmake_target_skip_unavailable': False, 'install_base': '/home/relvixx/ros2_jazzy/install/my_first_interfaces', 'merge_install': False, 'path': '/home/relvixx/ros2_jazzy/src/my_first_interfaces', 'symlink_install': False, 'test_result_base': None}
[0.286s] Level 5:colcon.colcon_core.verb:set package 'my_first_pkg' build argument 'cmake_args' from command line to 'None'
[0.286s] Level 5:colcon.colcon_core.verb:set package 'my_first_pkg' build argument 'cmake_target' from command line to 'None'
[0.286s] Level 5:colcon.colcon_core.verb:set package 'my_first_pkg' build argument 'cmake_target_skip_unavailable' from command line to 'False'
[0.286s] Level 5:colcon.colcon_core.verb:set package 'my_first_pkg' build argument 'cmake_clean_cache' from command line to 'False'
[0.286s] Level 5:colcon.colcon_core.verb:set package 'my_first_pkg' build argument 'cmake_clean_first' from command line to 'False'
[0.286s] Level 5:colcon.colcon_core.verb:set package 'my_first_pkg' build argument 'cmake_force_configure' from command line to 'False'
[0.286s] Level 5:colcon.colcon_core.verb:set package 'my_first_pkg' build argument 'ament_cmake_args' from command line to 'None'
[0.286s] Level 5:colcon.colcon_core.verb:set package 'my_first_pkg' build argument 'catkin_cmake_args' from command line to 'None'
[0.286s] Level 5:colcon.colcon_core.verb:set package 'my_first_pkg' build argument 'catkin_skip_building_tests' from command line to 'False'
[0.286s] DEBUG:colcon.colcon_core.verb:Building package 'my_first_pkg' with the following arguments: {'ament_cmake_args': None, 'build_base': '/home/relvixx/ros2_jazzy/build/my_first_pkg', 'catkin_cmake_args': None, 'catkin_skip_building_tests': False, 'cmake_args': None, 'cmake_clean_cache': False, 'cmake_clean_first': False, 'cmake_force_configure': False, 'cmake_target': None, 'cmake_target_skip_unavailable': False, 'install_base': '/home/relvixx/ros2_jazzy/install/my_first_pkg', 'merge_install': False, 'path': '/home/relvixx/ros2_jazzy/src/my_first_pkg', 'symlink_install': False, 'test_result_base': None}
[0.286s] INFO:colcon.colcon_core.executor:Executing jobs using 'parallel' executor
[0.287s] DEBUG:colcon.colcon_parallel_executor.executor.parallel:run_until_complete
[0.287s] INFO:colcon.colcon_ros.task.ament_cmake.build:Building ROS package in '/home/relvixx/ros2_jazzy/src/my_first_interfaces' with build type 'ament_cmake'
[0.287s] INFO:colcon.colcon_cmake.task.cmake.build:Building CMake package in '/home/relvixx/ros2_jazzy/src/my_first_interfaces'
[0.289s] INFO:colcon.colcon_core.plugin_system:Skipping extension 'colcon_core.shell.bat': Not used on non-Windows systems
[0.290s] INFO:colcon.colcon_core.shell:Skip shell extension 'powershell' for command environment: Not usable outside of PowerShell
[0.290s] DEBUG:colcon.colcon_core.shell:Skip shell extension 'dsv' for command environment
[0.300s] DEBUG:colcon.colcon_core.event_handler.log_command:Invoking command in '/home/relvixx/ros2_jazzy/build/my_first_interfaces': CMAKE_PREFIX_PATH=${CMAKE_PREFIX_PATH}:/home/relvixx/ros2_jazzy/install/my_first_pkg:/opt/ros/jazzy DEBUGINFOD_URLS=https://debuginfod.ubuntu.com /usr/bin/cmake --build /home/relvixx/ros2_jazzy/build/my_first_interfaces -- -j12 -l12
[0.753s] DEBUG:colcon.colcon_core.event_handler.log_command:Invoked command in '/home/relvixx/ros2_jazzy/build/my_first_interfaces' returned '0': CMAKE_PREFIX_PATH=${CMAKE_PREFIX_PATH}:/home/relvixx/ros2_jazzy/install/my_first_pkg:/opt/ros/jazzy DEBUGINFOD_URLS=https://debuginfod.ubuntu.com /usr/bin/cmake --build /home/relvixx/ros2_jazzy/build/my_first_interfaces -- -j12 -l12
[0.762s] DEBUG:colcon.colcon_core.event_handler.log_command:Invoking command in '/home/relvixx/ros2_jazzy/build/my_first_interfaces': CMAKE_PREFIX_PATH=${CMAKE_PREFIX_PATH}:/home/relvixx/ros2_jazzy/install/my_first_pkg:/opt/ros/jazzy DEBUGINFOD_URLS=https://debuginfod.ubuntu.com /usr/bin/cmake --install /home/relvixx/ros2_jazzy/build/my_first_interfaces
[0.831s] Level 1:colcon.colcon_core.environment:create_environment_scripts_only(my_first_interfaces)
[0.832s] DEBUG:colcon.colcon_core.event_handler.log_command:Invoked command in '/home/relvixx/ros2_jazzy/build/my_first_interfaces' returned '0': CMAKE_PREFIX_PATH=${CMAKE_PREFIX_PATH}:/home/relvixx/ros2_jazzy/install/my_first_pkg:/opt/ros/jazzy DEBUGINFOD_URLS=https://debuginfod.ubuntu.com /usr/bin/cmake --install /home/relvixx/ros2_jazzy/build/my_first_interfaces
[0.833s] Level 1:colcon.colcon_core.environment:checking '/home/relvixx/ros2_jazzy/install/my_first_interfaces' for CMake module files
[0.834s] Level 1:colcon.colcon_core.environment:checking '/home/relvixx/ros2_jazzy/install/my_first_interfaces' for CMake config files
[0.835s] Level 1:colcon.colcon_core.shell:create_environment_hook('my_first_interfaces', 'cmake_prefix_path')
[0.835s] INFO:colcon.colcon_core.shell:Creating environment hook '/home/relvixx/ros2_jazzy/install/my_first_interfaces/share/my_first_interfaces/hook/cmake_prefix_path.ps1'
[0.835s] INFO:colcon.colcon_core.shell:Creating environment descriptor '/home/relvixx/ros2_jazzy/install/my_first_interfaces/share/my_first_interfaces/hook/cmake_prefix_path.dsv'
[0.836s] INFO:colcon.colcon_core.shell:Creating environment hook '/home/relvixx/ros2_jazzy/install/my_first_interfaces/share/my_first_interfaces/hook/cmake_prefix_path.sh'
[0.836s] Level 1:colcon.colcon_core.environment:checking '/home/relvixx/ros2_jazzy/install/my_first_interfaces/lib'
[0.836s] Level 1:colcon.colcon_core.shell:create_environment_hook('my_first_interfaces', 'ld_library_path_lib')
[0.837s] INFO:colcon.colcon_core.shell:Creating environment hook '/home/relvixx/ros2_jazzy/install/my_first_interfaces/share/my_first_interfaces/hook/ld_library_path_lib.ps1'
[0.837s] INFO:colcon.colcon_core.shell:Creating environment descriptor '/home/relvixx/ros2_jazzy/install/my_first_interfaces/share/my_first_interfaces/hook/ld_library_path_lib.dsv'
[0.837s] INFO:colcon.colcon_core.shell:Creating environment hook '/home/relvixx/ros2_jazzy/install/my_first_interfaces/share/my_first_interfaces/hook/ld_library_path_lib.sh'
[0.838s] Level 1:colcon.colcon_core.environment:checking '/home/relvixx/ros2_jazzy/install/my_first_interfaces/bin'
[0.838s] Level 1:colcon.colcon_core.environment:checking '/home/relvixx/ros2_jazzy/install/my_first_interfaces/lib/pkgconfig/my_first_interfaces.pc'
[0.838s] Level 1:colcon.colcon_core.environment:checking '/home/relvixx/ros2_jazzy/install/my_first_interfaces/lib/python3.12/site-packages'
[0.838s] Level 1:colcon.colcon_core.shell:create_environment_hook('my_first_interfaces', 'pythonpath')
[0.838s] INFO:colcon.colcon_core.shell:Creating environment hook '/home/relvixx/ros2_jazzy/install/my_first_interfaces/share/my_first_interfaces/hook/pythonpath.ps1'
[0.839s] INFO:colcon.colcon_core.shell:Creating environment descriptor '/home/relvixx/ros2_jazzy/install/my_first_interfaces/share/my_first_interfaces/hook/pythonpath.dsv'
[0.839s] INFO:colcon.colcon_core.shell:Creating environment hook '/home/relvixx/ros2_jazzy/install/my_first_interfaces/share/my_first_interfaces/hook/pythonpath.sh'
[0.839s] Level 1:colcon.colcon_core.environment:checking '/home/relvixx/ros2_jazzy/install/my_first_interfaces/bin'
[0.840s] INFO:colcon.colcon_core.shell:Creating package script '/home/relvixx/ros2_jazzy/install/my_first_interfaces/share/my_first_interfaces/package.ps1'
[0.840s] INFO:colcon.colcon_core.shell:Creating package descriptor '/home/relvixx/ros2_jazzy/install/my_first_interfaces/share/my_first_interfaces/package.dsv'
[0.841s] INFO:colcon.colcon_core.shell:Creating package script '/home/relvixx/ros2_jazzy/install/my_first_interfaces/share/my_first_interfaces/package.sh'
[0.841s] INFO:colcon.colcon_core.shell:Creating package script '/home/relvixx/ros2_jazzy/install/my_first_interfaces/share/my_first_interfaces/package.bash'
[0.841s] INFO:colcon.colcon_core.shell:Creating package script '/home/relvixx/ros2_jazzy/install/my_first_interfaces/share/my_first_interfaces/package.zsh'
[0.842s] Level 1:colcon.colcon_core.environment:create_file_with_runtime_dependencies(/home/relvixx/ros2_jazzy/install/my_first_interfaces/share/colcon-core/packages/my_first_interfaces)
[0.842s] Level 1:colcon.colcon_core.environment:create_environment_scripts_only(my_first_interfaces)
[0.842s] Level 1:colcon.colcon_core.environment:checking '/home/relvixx/ros2_jazzy/install/my_first_interfaces' for CMake module files
[0.843s] Level 1:colcon.colcon_core.environment:checking '/home/relvixx/ros2_jazzy/install/my_first_interfaces' for CMake config files
[0.844s] Level 1:colcon.colcon_core.shell:create_environment_hook('my_first_interfaces', 'cmake_prefix_path')
[0.844s] INFO:colcon.colcon_core.shell:Creating environment hook '/home/relvixx/ros2_jazzy/install/my_first_interfaces/share/my_first_interfaces/hook/cmake_prefix_path.ps1'
[0.844s] INFO:colcon.colcon_core.shell:Creating environment descriptor '/home/relvixx/ros2_jazzy/install/my_first_interfaces/share/my_first_interfaces/hook/cmake_prefix_path.dsv'
[0.844s] INFO:colcon.colcon_core.shell:Creating environment hook '/home/relvixx/ros2_jazzy/install/my_first_interfaces/share/my_first_interfaces/hook/cmake_prefix_path.sh'
[0.845s] Level 1:colcon.colcon_core.environment:checking '/home/relvixx/ros2_jazzy/install/my_first_interfaces/lib'
[0.845s] Level 1:colcon.colcon_core.shell:create_environment_hook('my_first_interfaces', 'ld_library_path_lib')
[0.845s] INFO:colcon.colcon_core.shell:Creating environment hook '/home/relvixx/ros2_jazzy/install/my_first_interfaces/share/my_first_interfaces/hook/ld_library_path_lib.ps1'
[0.845s] INFO:colcon.colcon_core.shell:Creating environment descriptor '/home/relvixx/ros2_jazzy/install/my_first_interfaces/share/my_first_interfaces/hook/ld_library_path_lib.dsv'
[0.845s] INFO:colcon.colcon_core.shell:Creating environment hook '/home/relvixx/ros2_jazzy/install/my_first_interfaces/share/my_first_interfaces/hook/ld_library_path_lib.sh'
[0.846s] Level 1:colcon.colcon_core.environment:checking '/home/relvixx/ros2_jazzy/install/my_first_interfaces/bin'
[0.846s] Level 1:colcon.colcon_core.environment:checking '/home/relvixx/ros2_jazzy/install/my_first_interfaces/lib/pkgconfig/my_first_interfaces.pc'
[0.846s] Level 1:colcon.colcon_core.environment:checking '/home/relvixx/ros2_jazzy/install/my_first_interfaces/lib/python3.12/site-packages'
[0.846s] Level 1:colcon.colcon_core.shell:create_environment_hook('my_first_interfaces', 'pythonpath')
[0.846s] INFO:colcon.colcon_core.shell:Creating environment hook '/home/relvixx/ros2_jazzy/install/my_first_interfaces/share/my_first_interfaces/hook/pythonpath.ps1'
[0.846s] INFO:colcon.colcon_core.shell:Creating environment descriptor '/home/relvixx/ros2_jazzy/install/my_first_interfaces/share/my_first_interfaces/hook/pythonpath.dsv'
[0.847s] INFO:colcon.colcon_core.shell:Creating environment hook '/home/relvixx/ros2_jazzy/install/my_first_interfaces/share/my_first_interfaces/hook/pythonpath.sh'
[0.847s] Level 1:colcon.colcon_core.environment:checking '/home/relvixx/ros2_jazzy/install/my_first_interfaces/bin'
[0.847s] INFO:colcon.colcon_core.shell:Creating package script '/home/relvixx/ros2_jazzy/install/my_first_interfaces/share/my_first_interfaces/package.ps1'
[0.848s] INFO:colcon.colcon_core.shell:Creating package descriptor '/home/relvixx/ros2_jazzy/install/my_first_interfaces/share/my_first_interfaces/package.dsv'
[0.848s] INFO:colcon.colcon_core.shell:Creating package script '/home/relvixx/ros2_jazzy/install/my_first_interfaces/share/my_first_interfaces/package.sh'
[0.848s] INFO:colcon.colcon_core.shell:Creating package script '/home/relvixx/ros2_jazzy/install/my_first_interfaces/share/my_first_interfaces/package.bash'
[0.849s] INFO:colcon.colcon_core.shell:Creating package script '/home/relvixx/ros2_jazzy/install/my_first_interfaces/share/my_first_interfaces/package.zsh'
[0.849s] Level 1:colcon.colcon_core.environment:create_file_with_runtime_dependencies(/home/relvixx/ros2_jazzy/install/my_first_interfaces/share/colcon-core/packages/my_first_interfaces)
[0.849s] INFO:colcon.colcon_ros.task.ament_python.build:Building ROS package in '/home/relvixx/ros2_jazzy/src/my_first_pkg' with build type 'ament_python'
[0.849s] Level 1:colcon.colcon_core.shell:create_environment_hook('my_first_pkg', 'ament_prefix_path')
[0.849s] INFO:colcon.colcon_core.shell:Creating environment hook '/home/relvixx/ros2_jazzy/install/my_first_pkg/share/my_first_pkg/hook/ament_prefix_path.ps1'
[0.850s] INFO:colcon.colcon_core.shell:Creating environment descriptor '/home/relvixx/ros2_jazzy/install/my_first_pkg/share/my_first_pkg/hook/ament_prefix_path.dsv'
[0.850s] INFO:colcon.colcon_core.shell:Creating environment hook '/home/relvixx/ros2_jazzy/install/my_first_pkg/share/my_first_pkg/hook/ament_prefix_path.sh'
[0.851s] INFO:colcon.colcon_core.shell:Skip shell extension 'powershell' for command environment: Not usable outside of PowerShell
[0.851s] DEBUG:colcon.colcon_core.shell:Skip shell extension 'dsv' for command environment
[1.039s] INFO:colcon.colcon_core.task.python.build:Building Python package in '/home/relvixx/ros2_jazzy/src/my_first_pkg'
[1.039s] INFO:colcon.colcon_core.shell:Skip shell extension 'powershell' for command environment: Not usable outside of PowerShell
[1.039s] DEBUG:colcon.colcon_core.shell:Skip shell extension 'dsv' for command environment
[1.578s] DEBUG:colcon.colcon_core.task.python.build:Available setuptools commands: install_data, easy_install, saveopts, bdist, dist_info, upload_docs, bdist_dumb, rotate, editable_wheel, bdist_rpm, symlink_data, sdist, update_catalog, check, init_catalog, develop, install_scripts, install_egg_info, extract_messages, bdist_wheel, install_headers, build_scripts, setopt, upload, egg_info, register, clean, install_lib, compile_catalog, install, build_ext, alias, bdist_egg, build_clib, test, build, build_py
[1.580s] DEBUG:colcon.colcon_core.event_handler.log_command:Invoking command in '/home/relvixx/ros2_jazzy/src/my_first_pkg': DEBUGINFOD_URLS=https://debuginfod.ubuntu.com PYTHONPATH=/home/relvixx/ros2_jazzy/build/my_first_pkg/prefix_override:/usr/lib/python3/dist-packages/colcon_core/task/python/colcon_distutils_commands:/home/relvixx/ros2_jazzy/install/my_first_pkg/lib/python3.12/site-packages:/home/relvixx/ros2_jazzy/install/my_first_interfaces/lib/python3.12/site-packages:/home/relvixx/ros2_jazzy/install/my_first_pkg/lib/python3.12/site-packages:/opt/ros/jazzy/lib/python3.12/site-packages /usr/bin/python3 -W ignore:setup.py install is deprecated -W ignore:easy_install command is deprecated setup.py egg_info --egg-base ../../build/my_first_pkg build --build-base /home/relvixx/ros2_jazzy/build/my_first_pkg/build install --record /home/relvixx/ros2_jazzy/build/my_first_pkg/install.log --install-scripts $base/lib/my_first_pkg --single-version-externally-managed install_data
[2.011s] Level 1:colcon.colcon_core.environment:checking '/home/relvixx/ros2_jazzy/install/my_first_pkg' for CMake module files
[2.012s] DEBUG:colcon.colcon_core.event_handler.log_command:Invoked command in '/home/relvixx/ros2_jazzy/src/my_first_pkg' returned '0': DEBUGINFOD_URLS=https://debuginfod.ubuntu.com PYTHONPATH=/home/relvixx/ros2_jazzy/build/my_first_pkg/prefix_override:/usr/lib/python3/dist-packages/colcon_core/task/python/colcon_distutils_commands:/home/relvixx/ros2_jazzy/install/my_first_pkg/lib/python3.12/site-packages:/home/relvixx/ros2_jazzy/install/my_first_interfaces/lib/python3.12/site-packages:/home/relvixx/ros2_jazzy/install/my_first_pkg/lib/python3.12/site-packages:/opt/ros/jazzy/lib/python3.12/site-packages /usr/bin/python3 -W ignore:setup.py install is deprecated -W ignore:easy_install command is deprecated setup.py egg_info --egg-base ../../build/my_first_pkg build --build-base /home/relvixx/ros2_jazzy/build/my_first_pkg/build install --record /home/relvixx/ros2_jazzy/build/my_first_pkg/install.log --install-scripts $base/lib/my_first_pkg --single-version-externally-managed install_data
[2.012s] Level 1:colcon.colcon_core.environment:checking '/home/relvixx/ros2_jazzy/install/my_first_pkg' for CMake config files
[2.012s] Level 1:colcon.colcon_core.environment:checking '/home/relvixx/ros2_jazzy/install/my_first_pkg/lib'
[2.012s] Level 1:colcon.colcon_core.environment:checking '/home/relvixx/ros2_jazzy/install/my_first_pkg/bin'
[2.012s] Level 1:colcon.colcon_core.environment:checking '/home/relvixx/ros2_jazzy/install/my_first_pkg/lib/pkgconfig/my_first_pkg.pc'
[2.012s] Level 1:colcon.colcon_core.environment:checking '/home/relvixx/ros2_jazzy/install/my_first_pkg/lib/python3.12/site-packages'
[2.013s] Level 1:colcon.colcon_core.shell:create_environment_hook('my_first_pkg', 'pythonpath')
[2.013s] INFO:colcon.colcon_core.shell:Creating environment hook '/home/relvixx/ros2_jazzy/install/my_first_pkg/share/my_first_pkg/hook/pythonpath.ps1'
[2.013s] INFO:colcon.colcon_core.shell:Creating environment descriptor '/home/relvixx/ros2_jazzy/install/my_first_pkg/share/my_first_pkg/hook/pythonpath.dsv'
[2.013s] INFO:colcon.colcon_core.shell:Creating environment hook '/home/relvixx/ros2_jazzy/install/my_first_pkg/share/my_first_pkg/hook/pythonpath.sh'
[2.014s] Level 1:colcon.colcon_core.environment:checking '/home/relvixx/ros2_jazzy/install/my_first_pkg/bin'
[2.014s] Level 1:colcon.colcon_core.environment:create_environment_scripts_only(my_first_pkg)
[2.014s] INFO:colcon.colcon_core.shell:Creating package script '/home/relvixx/ros2_jazzy/install/my_first_pkg/share/my_first_pkg/package.ps1'
[2.014s] INFO:colcon.colcon_core.shell:Creating package descriptor '/home/relvixx/ros2_jazzy/install/my_first_pkg/share/my_first_pkg/package.dsv'
[2.015s] INFO:colcon.colcon_core.shell:Creating package script '/home/relvixx/ros2_jazzy/install/my_first_pkg/share/my_first_pkg/package.sh'
[2.015s] INFO:colcon.colcon_core.shell:Creating package script '/home/relvixx/ros2_jazzy/install/my_first_pkg/share/my_first_pkg/package.bash'
[2.015s] INFO:colcon.colcon_core.shell:Creating package script '/home/relvixx/ros2_jazzy/install/my_first_pkg/share/my_first_pkg/package.zsh'
[2.015s] Level 1:colcon.colcon_core.environment:create_file_with_runtime_dependencies(/home/relvixx/ros2_jazzy/install/my_first_pkg/share/colcon-core/packages/my_first_pkg)
[2.016s] DEBUG:colcon.colcon_parallel_executor.executor.parallel:closing loop
[2.016s] DEBUG:colcon.colcon_parallel_executor.executor.parallel:loop closed
[2.016s] DEBUG:colcon.colcon_parallel_executor.executor.parallel:run_until_complete finished with '0'
[2.016s] DEBUG:colcon.colcon_core.event_reactor:joining thread
[2.021s] INFO:colcon.colcon_core.plugin_system:Skipping extension 'colcon_notification.desktop_notification.terminal_notifier': Not used on non-Darwin systems
[2.022s] INFO:colcon.colcon_core.plugin_system:Skipping extension 'colcon_notification.desktop_notification.win32': Not used on non-Windows systems
[2.022s] INFO:colcon.colcon_notification.desktop_notification:Sending desktop notification using 'notify2'
[2.033s] DEBUG:colcon.colcon_core.event_reactor:joined thread
[2.034s] INFO:colcon.colcon_core.shell:Creating prefix script '/home/relvixx/ros2_jazzy/install/local_setup.ps1'
[2.034s] INFO:colcon.colcon_core.shell:Creating prefix util module '/home/relvixx/ros2_jazzy/install/_local_setup_util_ps1.py'
[2.035s] INFO:colcon.colcon_core.shell:Creating prefix chain script '/home/relvixx/ros2_jazzy/install/setup.ps1'
[2.036s] INFO:colcon.colcon_core.shell:Creating prefix script '/home/relvixx/ros2_jazzy/install/local_setup.sh'
[2.036s] INFO:colcon.colcon_core.shell:Creating prefix util module '/home/relvixx/ros2_jazzy/install/_local_setup_util_sh.py'
[2.037s] INFO:colcon.colcon_core.shell:Creating prefix chain script '/home/relvixx/ros2_jazzy/install/setup.sh'
[2.038s] INFO:colcon.colcon_core.shell:Creating prefix script '/home/relvixx/ros2_jazzy/install/local_setup.bash'
[2.038s] INFO:colcon.colcon_core.shell:Creating prefix chain script '/home/relvixx/ros2_jazzy/install/setup.bash'
[2.039s] INFO:colcon.colcon_core.shell:Creating prefix script '/home/relvixx/ros2_jazzy/install/local_setup.zsh'
[2.039s] INFO:colcon.colcon_core.shell:Creating prefix chain script '/home/relvixx/ros2_jazzy/install/setup.zsh'
