[1.036s] Invoking command in '/home/relvixx/ros2_jazzy/build/my_first_pkg': DEBUGINFOD_URLS=https://debuginfod.ubuntu.com PYTHONPATH=/home/relvixx/ros2_jazzy/build/my_first_pkg/prefix_override:/usr/lib/python3/dist-packages/colcon_core/task/python/colcon_distutils_commands:/home/relvixx/ros2_jazzy/install/my_first_pkg/lib/python3.12/site-packages:/home/relvixx/ros2_jazzy/install/my_first_interfaces/lib/python3.12/site-packages:/home/relvixx/ros2_jazzy/install/my_first_pkg/lib/python3.12/site-packages:/opt/ros/jazzy/lib/python3.12/site-packages /usr/bin/python3 -W ignore:setup.py install is deprecated -W ignore:easy_install command is deprecated setup.py develop --editable --build-directory /home/relvixx/ros2_jazzy/build/my_first_pkg/build --no-deps symlink_data --force
[1.303s] running develop
[1.473s] running egg_info
[1.487s] writing my_first_pkg.egg-info/PKG-INFO
[1.488s] writing dependency_links to my_first_pkg.egg-info/dependency_links.txt
[1.488s] writing entry points to my_first_pkg.egg-info/entry_points.txt
[1.488s] writing requirements to my_first_pkg.egg-info/requires.txt
[1.488s] writing top-level names to my_first_pkg.egg-info/top_level.txt
[1.519s] reading manifest file 'my_first_pkg.egg-info/SOURCES.txt'
[1.520s] writing manifest file 'my_first_pkg.egg-info/SOURCES.txt'
[1.536s] running build_ext
[1.536s] Creating /home/relvixx/ros2_jazzy/install/my_first_pkg/lib/python3.12/site-packages/my-first-pkg.egg-link (link to .)
[1.537s] Installing add_two_ints_client script to /home/relvixx/ros2_jazzy/install/my_first_pkg/lib/my_first_pkg
[1.537s] Installing add_two_ints_server script to /home/relvixx/ros2_jazzy/install/my_first_pkg/lib/my_first_pkg
[1.537s] Installing fibonacci_action_client script to /home/relvixx/ros2_jazzy/install/my_first_pkg/lib/my_first_pkg
[1.537s] Installing fibonacci_action_server script to /home/relvixx/ros2_jazzy/install/my_first_pkg/lib/my_first_pkg
[1.537s] Installing publisher_node script to /home/relvixx/ros2_jazzy/install/my_first_pkg/lib/my_first_pkg
[1.537s] Installing simple_node script to /home/relvixx/ros2_jazzy/install/my_first_pkg/lib/my_first_pkg
[1.537s] Installing subscriber_node script to /home/relvixx/ros2_jazzy/install/my_first_pkg/lib/my_first_pkg
[1.538s] 
[1.538s] Installed /home/relvixx/ros2_jazzy/build/my_first_pkg
[1.538s] running symlink_data
[1.538s] symbolically linking /home/relvixx/ros2_jazzy/build/my_first_pkg/resource/my_first_pkg -> /home/relvixx/ros2_jazzy/install/my_first_pkg/share/ament_index/resource_index/packages
[1.538s] symbolically linking /home/relvixx/ros2_jazzy/build/my_first_pkg/package.xml -> /home/relvixx/ros2_jazzy/install/my_first_pkg/share/my_first_pkg
[1.566s] Invoked command in '/home/relvixx/ros2_jazzy/build/my_first_pkg' returned '0': DEBUGINFOD_URLS=https://debuginfod.ubuntu.com PYTHONPATH=/home/relvixx/ros2_jazzy/build/my_first_pkg/prefix_override:/usr/lib/python3/dist-packages/colcon_core/task/python/colcon_distutils_commands:/home/relvixx/ros2_jazzy/install/my_first_pkg/lib/python3.12/site-packages:/home/relvixx/ros2_jazzy/install/my_first_interfaces/lib/python3.12/site-packages:/home/relvixx/ros2_jazzy/install/my_first_pkg/lib/python3.12/site-packages:/opt/ros/jazzy/lib/python3.12/site-packages /usr/bin/python3 -W ignore:setup.py install is deprecated -W ignore:easy_install command is deprecated setup.py develop --editable --build-directory /home/relvixx/ros2_jazzy/build/my_first_pkg/build --no-deps symlink_data --force
