[0.246s] DEBUG:colcon:Command line arguments: ['/usr/bin/colcon', 'build']
[0.246s] DEBUG:colcon:Parsed command line arguments: Namespace(log_base=None, log_level=None, verb_name='build', build_base='build', install_base='install', merge_install=False, symlink_install=False, test_result_base=None, continue_on_error=False, executor='parallel', parallel_workers=12, event_handlers=None, ignore_user_meta=False, metas=['./colcon.meta'], base_paths=['.'], packages_ignore=None, packages_ignore_regex=None, paths=None, packages_up_to=None, packages_up_to_regex=None, packages_above=None, packages_above_and_dependencies=None, packages_above_depth=None, packages_select_by_dep=None, packages_skip_by_dep=None, packages_skip_up_to=None, packages_select_build_failed=False, packages_skip_build_finished=False, packages_select_test_failures=False, packages_skip_test_passed=False, packages_select=None, packages_skip=None, packages_select_regex=None, packages_skip_regex=None, packages_start=None, packages_end=None, allow_overriding=[], cmake_args=None, cmake_target=None, cmake_target_skip_unavailable=False, cmake_clean_cache=False, cmake_clean_first=False, cmake_force_configure=False, ament_cmake_args=None, catkin_cmake_args=None, catkin_skip_building_tests=False, mixin_files=None, mixin=None, verb_parser=<colcon_mixin.mixin.mixin_argument.MixinArgumentDecorator object at 0x79967aba4c20>, verb_extension=<colcon_core.verb.build.BuildVerb object at 0x79967aba4860>, main=<bound method BuildVerb.main of <colcon_core.verb.build.BuildVerb object at 0x79967aba4860>>, mixin_verb=('build',))
[0.311s] Level 1:colcon.colcon_core.package_discovery:discover_packages(colcon_meta) check parameters
[0.311s] Level 1:colcon.colcon_core.package_discovery:discover_packages(recursive) check parameters
[0.311s] Level 1:colcon.colcon_core.package_discovery:discover_packages(ignore) check parameters
[0.311s] Level 1:colcon.colcon_core.package_discovery:discover_packages(path) check parameters
[0.311s] Level 1:colcon.colcon_core.package_discovery:discover_packages(colcon_meta) discover
[0.311s] Level 1:colcon.colcon_core.package_discovery:discover_packages(recursive) discover
[0.312s] INFO:colcon.colcon_core.package_discovery:Crawling recursively for packages in '/home/relvixx/ros2_jazzy'
[0.312s] Level 1:colcon.colcon_core.package_identification:_identify(.) by extensions ['ignore', 'ignore_ament_install']
[0.312s] Level 1:colcon.colcon_core.package_identification:_identify(.) by extension 'ignore'
[0.312s] Level 1:colcon.colcon_core.package_identification:_identify(.) by extension 'ignore_ament_install'
[0.312s] Level 1:colcon.colcon_core.package_identification:_identify(.) by extensions ['colcon_pkg']
[0.312s] Level 1:colcon.colcon_core.package_identification:_identify(.) by extension 'colcon_pkg'
[0.312s] Level 1:colcon.colcon_core.package_identification:_identify(.) by extensions ['colcon_meta']
[0.312s] Level 1:colcon.colcon_core.package_identification:_identify(.) by extension 'colcon_meta'
[0.312s] Level 1:colcon.colcon_core.package_identification:_identify(.) by extensions ['ros']
[0.312s] Level 1:colcon.colcon_core.package_identification:_identify(.) by extension 'ros'
[0.345s] Level 1:colcon.colcon_core.package_identification:_identify(.) by extensions ['cmake', 'python']
[0.345s] Level 1:colcon.colcon_core.package_identification:_identify(.) by extension 'cmake'
[0.345s] Level 1:colcon.colcon_core.package_identification:_identify(.) by extension 'python'
[0.345s] Level 1:colcon.colcon_core.package_identification:_identify(.) by extensions ['python_setup_py']
[0.345s] Level 1:colcon.colcon_core.package_identification:_identify(.) by extension 'python_setup_py'
[0.345s] Level 1:colcon.colcon_core.package_identification:_identify(build) by extensions ['ignore', 'ignore_ament_install']
[0.345s] Level 1:colcon.colcon_core.package_identification:_identify(build) by extension 'ignore'
[0.345s] Level 1:colcon.colcon_core.package_identification:_identify(build) ignored
[0.345s] Level 1:colcon.colcon_core.package_identification:_identify(install) by extensions ['ignore', 'ignore_ament_install']
[0.345s] Level 1:colcon.colcon_core.package_identification:_identify(install) by extension 'ignore'
[0.345s] Level 1:colcon.colcon_core.package_identification:_identify(install) ignored
[0.345s] Level 1:colcon.colcon_core.package_identification:_identify(learning material) by extensions ['ignore', 'ignore_ament_install']
[0.346s] Level 1:colcon.colcon_core.package_identification:_identify(learning material) by extension 'ignore'
[0.346s] Level 1:colcon.colcon_core.package_identification:_identify(learning material) by extension 'ignore_ament_install'
[0.346s] Level 1:colcon.colcon_core.package_identification:_identify(learning material) by extensions ['colcon_pkg']
[0.346s] Level 1:colcon.colcon_core.package_identification:_identify(learning material) by extension 'colcon_pkg'
[0.346s] Level 1:colcon.colcon_core.package_identification:_identify(learning material) by extensions ['colcon_meta']
[0.346s] Level 1:colcon.colcon_core.package_identification:_identify(learning material) by extension 'colcon_meta'
[0.346s] Level 1:colcon.colcon_core.package_identification:_identify(learning material) by extensions ['ros']
[0.346s] Level 1:colcon.colcon_core.package_identification:_identify(learning material) by extension 'ros'
[0.346s] Level 1:colcon.colcon_core.package_identification:_identify(learning material) by extensions ['cmake', 'python']
[0.346s] Level 1:colcon.colcon_core.package_identification:_identify(learning material) by extension 'cmake'
[0.346s] Level 1:colcon.colcon_core.package_identification:_identify(learning material) by extension 'python'
[0.346s] Level 1:colcon.colcon_core.package_identification:_identify(learning material) by extensions ['python_setup_py']
[0.347s] Level 1:colcon.colcon_core.package_identification:_identify(learning material) by extension 'python_setup_py'
[0.347s] Level 1:colcon.colcon_core.package_identification:_identify(log) by extensions ['ignore', 'ignore_ament_install']
[0.347s] Level 1:colcon.colcon_core.package_identification:_identify(log) by extension 'ignore'
[0.347s] Level 1:colcon.colcon_core.package_identification:_identify(log) ignored
[0.347s] Level 1:colcon.colcon_core.package_identification:_identify(src) by extensions ['ignore', 'ignore_ament_install']
[0.347s] Level 1:colcon.colcon_core.package_identification:_identify(src) by extension 'ignore'
[0.347s] Level 1:colcon.colcon_core.package_identification:_identify(src) by extension 'ignore_ament_install'
[0.347s] Level 1:colcon.colcon_core.package_identification:_identify(src) by extensions ['colcon_pkg']
[0.347s] Level 1:colcon.colcon_core.package_identification:_identify(src) by extension 'colcon_pkg'
[0.347s] Level 1:colcon.colcon_core.package_identification:_identify(src) by extensions ['colcon_meta']
[0.347s] Level 1:colcon.colcon_core.package_identification:_identify(src) by extension 'colcon_meta'
[0.347s] Level 1:colcon.colcon_core.package_identification:_identify(src) by extensions ['ros']
[0.347s] Level 1:colcon.colcon_core.package_identification:_identify(src) by extension 'ros'
[0.347s] Level 1:colcon.colcon_core.package_identification:_identify(src) by extensions ['cmake', 'python']
[0.347s] Level 1:colcon.colcon_core.package_identification:_identify(src) by extension 'cmake'
[0.347s] Level 1:colcon.colcon_core.package_identification:_identify(src) by extension 'python'
[0.347s] Level 1:colcon.colcon_core.package_identification:_identify(src) by extensions ['python_setup_py']
[0.347s] Level 1:colcon.colcon_core.package_identification:_identify(src) by extension 'python_setup_py'
[0.348s] Level 1:colcon.colcon_core.package_identification:_identify(src/build) by extensions ['ignore', 'ignore_ament_install']
[0.348s] Level 1:colcon.colcon_core.package_identification:_identify(src/build) by extension 'ignore'
[0.348s] Level 1:colcon.colcon_core.package_identification:_identify(src/build) ignored
[0.348s] Level 1:colcon.colcon_core.package_identification:_identify(src/install) by extensions ['ignore', 'ignore_ament_install']
[0.348s] Level 1:colcon.colcon_core.package_identification:_identify(src/install) by extension 'ignore'
[0.348s] Level 1:colcon.colcon_core.package_identification:_identify(src/install) ignored
[0.348s] Level 1:colcon.colcon_core.package_identification:_identify(src/log) by extensions ['ignore', 'ignore_ament_install']
[0.348s] Level 1:colcon.colcon_core.package_identification:_identify(src/log) by extension 'ignore'
[0.348s] Level 1:colcon.colcon_core.package_identification:_identify(src/log) ignored
[0.348s] Level 1:colcon.colcon_core.package_identification:_identify(src/my_first_interfaces) by extensions ['ignore', 'ignore_ament_install']
[0.348s] Level 1:colcon.colcon_core.package_identification:_identify(src/my_first_interfaces) by extension 'ignore'
[0.348s] Level 1:colcon.colcon_core.package_identification:_identify(src/my_first_interfaces) by extension 'ignore_ament_install'
[0.349s] Level 1:colcon.colcon_core.package_identification:_identify(src/my_first_interfaces) by extensions ['colcon_pkg']
[0.349s] Level 1:colcon.colcon_core.package_identification:_identify(src/my_first_interfaces) by extension 'colcon_pkg'
[0.349s] Level 1:colcon.colcon_core.package_identification:_identify(src/my_first_interfaces) by extensions ['colcon_meta']
[0.349s] Level 1:colcon.colcon_core.package_identification:_identify(src/my_first_interfaces) by extension 'colcon_meta'
[0.349s] Level 1:colcon.colcon_core.package_identification:_identify(src/my_first_interfaces) by extensions ['ros']
[0.349s] Level 1:colcon.colcon_core.package_identification:_identify(src/my_first_interfaces) by extension 'ros'
[0.352s] DEBUG:colcon.colcon_core.package_identification:Package 'src/my_first_interfaces' with type 'ros.ament_cmake' and name 'my_first_interfaces'
[0.352s] Level 1:colcon.colcon_core.package_identification:_identify(src/my_first_pkg) by extensions ['ignore', 'ignore_ament_install']
[0.352s] Level 1:colcon.colcon_core.package_identification:_identify(src/my_first_pkg) by extension 'ignore'
[0.352s] Level 1:colcon.colcon_core.package_identification:_identify(src/my_first_pkg) by extension 'ignore_ament_install'
[0.352s] Level 1:colcon.colcon_core.package_identification:_identify(src/my_first_pkg) by extensions ['colcon_pkg']
[0.352s] Level 1:colcon.colcon_core.package_identification:_identify(src/my_first_pkg) by extension 'colcon_pkg'
[0.352s] Level 1:colcon.colcon_core.package_identification:_identify(src/my_first_pkg) by extensions ['colcon_meta']
[0.352s] Level 1:colcon.colcon_core.package_identification:_identify(src/my_first_pkg) by extension 'colcon_meta'
[0.352s] Level 1:colcon.colcon_core.package_identification:_identify(src/my_first_pkg) by extensions ['ros']
[0.353s] Level 1:colcon.colcon_core.package_identification:_identify(src/my_first_pkg) by extension 'ros'
[0.353s] DEBUG:colcon.colcon_core.package_identification:Package 'src/my_first_pkg' with type 'ros.ament_python' and name 'my_first_pkg'
[0.353s] Level 1:colcon.colcon_core.package_discovery:discover_packages(recursive) using defaults
[0.353s] Level 1:colcon.colcon_core.package_discovery:discover_packages(ignore) discover
[0.353s] Level 1:colcon.colcon_core.package_discovery:discover_packages(ignore) using defaults
[0.353s] Level 1:colcon.colcon_core.package_discovery:discover_packages(path) discover
[0.353s] Level 1:colcon.colcon_core.package_discovery:discover_packages(path) using defaults
[0.380s] Level 1:colcon.colcon_core.package_discovery:discover_packages(prefix_path) check parameters
[0.380s] Level 1:colcon.colcon_core.package_discovery:discover_packages(prefix_path) discover
[0.383s] DEBUG:colcon.colcon_installed_package_information.package_discovery:Found 2 installed packages in /home/relvixx/ros2_jazzy/install
[0.385s] DEBUG:colcon.colcon_installed_package_information.package_discovery:Found 287 installed packages in /opt/ros/jazzy
[0.387s] Level 1:colcon.colcon_core.package_discovery:discover_packages(prefix_path) using defaults
[0.436s] Level 5:colcon.colcon_core.verb:set package 'my_first_interfaces' build argument 'cmake_args' from command line to 'None'
[0.436s] Level 5:colcon.colcon_core.verb:set package 'my_first_interfaces' build argument 'cmake_target' from command line to 'None'
[0.436s] Level 5:colcon.colcon_core.verb:set package 'my_first_interfaces' build argument 'cmake_target_skip_unavailable' from command line to 'False'
[0.436s] Level 5:colcon.colcon_core.verb:set package 'my_first_interfaces' build argument 'cmake_clean_cache' from command line to 'False'
[0.436s] Level 5:colcon.colcon_core.verb:set package 'my_first_interfaces' build argument 'cmake_clean_first' from command line to 'False'
[0.436s] Level 5:colcon.colcon_core.verb:set package 'my_first_interfaces' build argument 'cmake_force_configure' from command line to 'False'
[0.436s] Level 5:colcon.colcon_core.verb:set package 'my_first_interfaces' build argument 'ament_cmake_args' from command line to 'None'
[0.436s] Level 5:colcon.colcon_core.verb:set package 'my_first_interfaces' build argument 'catkin_cmake_args' from command line to 'None'
[0.436s] Level 5:colcon.colcon_core.verb:set package 'my_first_interfaces' build argument 'catkin_skip_building_tests' from command line to 'False'
[0.436s] DEBUG:colcon.colcon_core.verb:Building package 'my_first_interfaces' with the following arguments: {'ament_cmake_args': None, 'build_base': '/home/relvixx/ros2_jazzy/build/my_first_interfaces', 'catkin_cmake_args': None, 'catkin_skip_building_tests': False, 'cmake_args': None, 'cmake_clean_cache': False, 'cmake_clean_first': False, 'cmake_force_configure': False, 'cmake_target': None, 'cmake_target_skip_unavailable': False, 'install_base': '/home/relvixx/ros2_jazzy/install/my_first_interfaces', 'merge_install': False, 'path': '/home/relvixx/ros2_jazzy/src/my_first_interfaces', 'symlink_install': False, 'test_result_base': None}
[0.437s] Level 5:colcon.colcon_core.verb:set package 'my_first_pkg' build argument 'cmake_args' from command line to 'None'
[0.437s] Level 5:colcon.colcon_core.verb:set package 'my_first_pkg' build argument 'cmake_target' from command line to 'None'
[0.437s] Level 5:colcon.colcon_core.verb:set package 'my_first_pkg' build argument 'cmake_target_skip_unavailable' from command line to 'False'
[0.437s] Level 5:colcon.colcon_core.verb:set package 'my_first_pkg' build argument 'cmake_clean_cache' from command line to 'False'
[0.437s] Level 5:colcon.colcon_core.verb:set package 'my_first_pkg' build argument 'cmake_clean_first' from command line to 'False'
[0.437s] Level 5:colcon.colcon_core.verb:set package 'my_first_pkg' build argument 'cmake_force_configure' from command line to 'False'
[0.437s] Level 5:colcon.colcon_core.verb:set package 'my_first_pkg' build argument 'ament_cmake_args' from command line to 'None'
[0.437s] Level 5:colcon.colcon_core.verb:set package 'my_first_pkg' build argument 'catkin_cmake_args' from command line to 'None'
[0.437s] Level 5:colcon.colcon_core.verb:set package 'my_first_pkg' build argument 'catkin_skip_building_tests' from command line to 'False'
[0.437s] DEBUG:colcon.colcon_core.verb:Building package 'my_first_pkg' with the following arguments: {'ament_cmake_args': None, 'build_base': '/home/relvixx/ros2_jazzy/build/my_first_pkg', 'catkin_cmake_args': None, 'catkin_skip_building_tests': False, 'cmake_args': None, 'cmake_clean_cache': False, 'cmake_clean_first': False, 'cmake_force_configure': False, 'cmake_target': None, 'cmake_target_skip_unavailable': False, 'install_base': '/home/relvixx/ros2_jazzy/install/my_first_pkg', 'merge_install': False, 'path': '/home/relvixx/ros2_jazzy/src/my_first_pkg', 'symlink_install': False, 'test_result_base': None}
[0.437s] INFO:colcon.colcon_core.executor:Executing jobs using 'parallel' executor
[0.438s] DEBUG:colcon.colcon_parallel_executor.executor.parallel:run_until_complete
[0.438s] INFO:colcon.colcon_ros.task.ament_cmake.build:Building ROS package in '/home/relvixx/ros2_jazzy/src/my_first_interfaces' with build type 'ament_cmake'
[0.438s] INFO:colcon.colcon_cmake.task.cmake.build:Building CMake package in '/home/relvixx/ros2_jazzy/src/my_first_interfaces'
[0.443s] INFO:colcon.colcon_core.plugin_system:Skipping extension 'colcon_core.shell.bat': Not used on non-Windows systems
[0.443s] INFO:colcon.colcon_core.shell:Skip shell extension 'powershell' for command environment: Not usable outside of PowerShell
[0.443s] DEBUG:colcon.colcon_core.shell:Skip shell extension 'dsv' for command environment
[0.452s] DEBUG:colcon.colcon_core.event_handler.log_command:Invoking command in '/home/relvixx/ros2_jazzy/build/my_first_interfaces': CMAKE_PREFIX_PATH=${CMAKE_PREFIX_PATH}:/home/relvixx/ros2_jazzy/install/my_first_pkg:/opt/ros/jazzy DEBUGINFOD_URLS=https://debuginfod.ubuntu.com /usr/bin/cmake --build /home/relvixx/ros2_jazzy/build/my_first_interfaces -- -j12 -l12
[0.948s] DEBUG:colcon.colcon_core.event_handler.log_command:Invoked command in '/home/relvixx/ros2_jazzy/build/my_first_interfaces' returned '0': CMAKE_PREFIX_PATH=${CMAKE_PREFIX_PATH}:/home/relvixx/ros2_jazzy/install/my_first_pkg:/opt/ros/jazzy DEBUGINFOD_URLS=https://debuginfod.ubuntu.com /usr/bin/cmake --build /home/relvixx/ros2_jazzy/build/my_first_interfaces -- -j12 -l12
[0.958s] DEBUG:colcon.colcon_core.event_handler.log_command:Invoking command in '/home/relvixx/ros2_jazzy/build/my_first_interfaces': CMAKE_PREFIX_PATH=${CMAKE_PREFIX_PATH}:/home/relvixx/ros2_jazzy/install/my_first_pkg:/opt/ros/jazzy DEBUGINFOD_URLS=https://debuginfod.ubuntu.com /usr/bin/cmake --install /home/relvixx/ros2_jazzy/build/my_first_interfaces
[1.032s] Level 1:colcon.colcon_core.environment:create_environment_scripts_only(my_first_interfaces)
[1.032s] DEBUG:colcon.colcon_core.event_handler.log_command:Invoked command in '/home/relvixx/ros2_jazzy/build/my_first_interfaces' returned '0': CMAKE_PREFIX_PATH=${CMAKE_PREFIX_PATH}:/home/relvixx/ros2_jazzy/install/my_first_pkg:/opt/ros/jazzy DEBUGINFOD_URLS=https://debuginfod.ubuntu.com /usr/bin/cmake --install /home/relvixx/ros2_jazzy/build/my_first_interfaces
[1.036s] Level 1:colcon.colcon_core.environment:checking '/home/relvixx/ros2_jazzy/install/my_first_interfaces' for CMake module files
[1.037s] Level 1:colcon.colcon_core.environment:checking '/home/relvixx/ros2_jazzy/install/my_first_interfaces' for CMake config files
[1.037s] Level 1:colcon.colcon_core.shell:create_environment_hook('my_first_interfaces', 'cmake_prefix_path')
[1.037s] INFO:colcon.colcon_core.shell:Creating environment hook '/home/relvixx/ros2_jazzy/install/my_first_interfaces/share/my_first_interfaces/hook/cmake_prefix_path.ps1'
[1.038s] INFO:colcon.colcon_core.shell:Creating environment descriptor '/home/relvixx/ros2_jazzy/install/my_first_interfaces/share/my_first_interfaces/hook/cmake_prefix_path.dsv'
[1.039s] INFO:colcon.colcon_core.shell:Creating environment hook '/home/relvixx/ros2_jazzy/install/my_first_interfaces/share/my_first_interfaces/hook/cmake_prefix_path.sh'
[1.040s] Level 1:colcon.colcon_core.environment:checking '/home/relvixx/ros2_jazzy/install/my_first_interfaces/lib'
[1.040s] Level 1:colcon.colcon_core.shell:create_environment_hook('my_first_interfaces', 'ld_library_path_lib')
[1.040s] INFO:colcon.colcon_core.shell:Creating environment hook '/home/relvixx/ros2_jazzy/install/my_first_interfaces/share/my_first_interfaces/hook/ld_library_path_lib.ps1'
[1.040s] INFO:colcon.colcon_core.shell:Creating environment descriptor '/home/relvixx/ros2_jazzy/install/my_first_interfaces/share/my_first_interfaces/hook/ld_library_path_lib.dsv'
[1.041s] INFO:colcon.colcon_core.shell:Creating environment hook '/home/relvixx/ros2_jazzy/install/my_first_interfaces/share/my_first_interfaces/hook/ld_library_path_lib.sh'
[1.041s] Level 1:colcon.colcon_core.environment:checking '/home/relvixx/ros2_jazzy/install/my_first_interfaces/bin'
[1.041s] Level 1:colcon.colcon_core.environment:checking '/home/relvixx/ros2_jazzy/install/my_first_interfaces/lib/pkgconfig/my_first_interfaces.pc'
[1.041s] Level 1:colcon.colcon_core.environment:checking '/home/relvixx/ros2_jazzy/install/my_first_interfaces/lib/python3.12/site-packages'
[1.041s] Level 1:colcon.colcon_core.shell:create_environment_hook('my_first_interfaces', 'pythonpath')
[1.041s] INFO:colcon.colcon_core.shell:Creating environment hook '/home/relvixx/ros2_jazzy/install/my_first_interfaces/share/my_first_interfaces/hook/pythonpath.ps1'
[1.042s] INFO:colcon.colcon_core.shell:Creating environment descriptor '/home/relvixx/ros2_jazzy/install/my_first_interfaces/share/my_first_interfaces/hook/pythonpath.dsv'
[1.042s] INFO:colcon.colcon_core.shell:Creating environment hook '/home/relvixx/ros2_jazzy/install/my_first_interfaces/share/my_first_interfaces/hook/pythonpath.sh'
[1.042s] Level 1:colcon.colcon_core.environment:checking '/home/relvixx/ros2_jazzy/install/my_first_interfaces/bin'
[1.043s] INFO:colcon.colcon_core.shell:Creating package script '/home/relvixx/ros2_jazzy/install/my_first_interfaces/share/my_first_interfaces/package.ps1'
[1.044s] INFO:colcon.colcon_core.shell:Creating package descriptor '/home/relvixx/ros2_jazzy/install/my_first_interfaces/share/my_first_interfaces/package.dsv'
[1.044s] INFO:colcon.colcon_core.shell:Creating package script '/home/relvixx/ros2_jazzy/install/my_first_interfaces/share/my_first_interfaces/package.sh'
[1.045s] INFO:colcon.colcon_core.shell:Creating package script '/home/relvixx/ros2_jazzy/install/my_first_interfaces/share/my_first_interfaces/package.bash'
[1.046s] INFO:colcon.colcon_core.shell:Creating package script '/home/relvixx/ros2_jazzy/install/my_first_interfaces/share/my_first_interfaces/package.zsh'
[1.046s] Level 1:colcon.colcon_core.environment:create_file_with_runtime_dependencies(/home/relvixx/ros2_jazzy/install/my_first_interfaces/share/colcon-core/packages/my_first_interfaces)
[1.047s] Level 1:colcon.colcon_core.environment:create_environment_scripts_only(my_first_interfaces)
[1.047s] Level 1:colcon.colcon_core.environment:checking '/home/relvixx/ros2_jazzy/install/my_first_interfaces' for CMake module files
[1.048s] Level 1:colcon.colcon_core.environment:checking '/home/relvixx/ros2_jazzy/install/my_first_interfaces' for CMake config files
[1.048s] Level 1:colcon.colcon_core.shell:create_environment_hook('my_first_interfaces', 'cmake_prefix_path')
[1.048s] INFO:colcon.colcon_core.shell:Creating environment hook '/home/relvixx/ros2_jazzy/install/my_first_interfaces/share/my_first_interfaces/hook/cmake_prefix_path.ps1'
[1.049s] INFO:colcon.colcon_core.shell:Creating environment descriptor '/home/relvixx/ros2_jazzy/install/my_first_interfaces/share/my_first_interfaces/hook/cmake_prefix_path.dsv'
[1.049s] INFO:colcon.colcon_core.shell:Creating environment hook '/home/relvixx/ros2_jazzy/install/my_first_interfaces/share/my_first_interfaces/hook/cmake_prefix_path.sh'
[1.049s] Level 1:colcon.colcon_core.environment:checking '/home/relvixx/ros2_jazzy/install/my_first_interfaces/lib'
[1.049s] Level 1:colcon.colcon_core.shell:create_environment_hook('my_first_interfaces', 'ld_library_path_lib')
[1.049s] INFO:colcon.colcon_core.shell:Creating environment hook '/home/relvixx/ros2_jazzy/install/my_first_interfaces/share/my_first_interfaces/hook/ld_library_path_lib.ps1'
[1.050s] INFO:colcon.colcon_core.shell:Creating environment descriptor '/home/relvixx/ros2_jazzy/install/my_first_interfaces/share/my_first_interfaces/hook/ld_library_path_lib.dsv'
[1.050s] INFO:colcon.colcon_core.shell:Creating environment hook '/home/relvixx/ros2_jazzy/install/my_first_interfaces/share/my_first_interfaces/hook/ld_library_path_lib.sh'
[1.050s] Level 1:colcon.colcon_core.environment:checking '/home/relvixx/ros2_jazzy/install/my_first_interfaces/bin'
[1.050s] Level 1:colcon.colcon_core.environment:checking '/home/relvixx/ros2_jazzy/install/my_first_interfaces/lib/pkgconfig/my_first_interfaces.pc'
[1.050s] Level 1:colcon.colcon_core.environment:checking '/home/relvixx/ros2_jazzy/install/my_first_interfaces/lib/python3.12/site-packages'
[1.050s] Level 1:colcon.colcon_core.shell:create_environment_hook('my_first_interfaces', 'pythonpath')
[1.050s] INFO:colcon.colcon_core.shell:Creating environment hook '/home/relvixx/ros2_jazzy/install/my_first_interfaces/share/my_first_interfaces/hook/pythonpath.ps1'
[1.051s] INFO:colcon.colcon_core.shell:Creating environment descriptor '/home/relvixx/ros2_jazzy/install/my_first_interfaces/share/my_first_interfaces/hook/pythonpath.dsv'
[1.051s] INFO:colcon.colcon_core.shell:Creating environment hook '/home/relvixx/ros2_jazzy/install/my_first_interfaces/share/my_first_interfaces/hook/pythonpath.sh'
[1.051s] Level 1:colcon.colcon_core.environment:checking '/home/relvixx/ros2_jazzy/install/my_first_interfaces/bin'
[1.052s] INFO:colcon.colcon_core.shell:Creating package script '/home/relvixx/ros2_jazzy/install/my_first_interfaces/share/my_first_interfaces/package.ps1'
[1.052s] INFO:colcon.colcon_core.shell:Creating package descriptor '/home/relvixx/ros2_jazzy/install/my_first_interfaces/share/my_first_interfaces/package.dsv'
[1.052s] INFO:colcon.colcon_core.shell:Creating package script '/home/relvixx/ros2_jazzy/install/my_first_interfaces/share/my_first_interfaces/package.sh'
[1.053s] INFO:colcon.colcon_core.shell:Creating package script '/home/relvixx/ros2_jazzy/install/my_first_interfaces/share/my_first_interfaces/package.bash'
[1.053s] INFO:colcon.colcon_core.shell:Creating package script '/home/relvixx/ros2_jazzy/install/my_first_interfaces/share/my_first_interfaces/package.zsh'
[1.053s] Level 1:colcon.colcon_core.environment:create_file_with_runtime_dependencies(/home/relvixx/ros2_jazzy/install/my_first_interfaces/share/colcon-core/packages/my_first_interfaces)
[1.053s] INFO:colcon.colcon_ros.task.ament_python.build:Building ROS package in '/home/relvixx/ros2_jazzy/src/my_first_pkg' with build type 'ament_python'
[1.053s] Level 1:colcon.colcon_core.shell:create_environment_hook('my_first_pkg', 'ament_prefix_path')
[1.054s] INFO:colcon.colcon_core.shell:Creating environment hook '/home/relvixx/ros2_jazzy/install/my_first_pkg/share/my_first_pkg/hook/ament_prefix_path.ps1'
[1.054s] INFO:colcon.colcon_core.shell:Creating environment descriptor '/home/relvixx/ros2_jazzy/install/my_first_pkg/share/my_first_pkg/hook/ament_prefix_path.dsv'
[1.055s] INFO:colcon.colcon_core.shell:Creating environment hook '/home/relvixx/ros2_jazzy/install/my_first_pkg/share/my_first_pkg/hook/ament_prefix_path.sh'
[1.055s] INFO:colcon.colcon_core.shell:Skip shell extension 'powershell' for command environment: Not usable outside of PowerShell
[1.055s] DEBUG:colcon.colcon_core.shell:Skip shell extension 'dsv' for command environment
[1.226s] INFO:colcon.colcon_core.task.python.build:Building Python package in '/home/relvixx/ros2_jazzy/src/my_first_pkg'
[1.226s] INFO:colcon.colcon_core.shell:Skip shell extension 'powershell' for command environment: Not usable outside of PowerShell
[1.226s] DEBUG:colcon.colcon_core.shell:Skip shell extension 'dsv' for command environment
[1.814s] DEBUG:colcon.colcon_core.task.python.build:Available setuptools commands: install_scripts, init_catalog, dist_info, egg_info, install_headers, build_ext, upload_docs, develop, bdist_egg, install, compile_catalog, build, symlink_data, check, install_lib, build_clib, upload, install_egg_info, update_catalog, test, install_data, bdist_wheel, alias, rotate, easy_install, setopt, bdist_rpm, editable_wheel, bdist, build_scripts, register, extract_messages, sdist, build_py, saveopts, clean, bdist_dumb
[1.816s] DEBUG:colcon.colcon_core.event_handler.log_command:Invoking command in '/home/relvixx/ros2_jazzy/src/my_first_pkg': DEBUGINFOD_URLS=https://debuginfod.ubuntu.com PYTHONPATH=/home/relvixx/ros2_jazzy/build/my_first_pkg/prefix_override:/usr/lib/python3/dist-packages/colcon_core/task/python/colcon_distutils_commands:/home/relvixx/ros2_jazzy/install/my_first_pkg/lib/python3.12/site-packages:/home/relvixx/ros2_jazzy/install/my_first_interfaces/lib/python3.12/site-packages:/home/relvixx/ros2_jazzy/install/my_first_pkg/lib/python3.12/site-packages:/opt/ros/jazzy/lib/python3.12/site-packages /usr/bin/python3 -W ignore:setup.py install is deprecated -W ignore:easy_install command is deprecated setup.py egg_info --egg-base ../../build/my_first_pkg build --build-base /home/relvixx/ros2_jazzy/build/my_first_pkg/build install --record /home/relvixx/ros2_jazzy/build/my_first_pkg/install.log --install-scripts $base/lib/my_first_pkg --single-version-externally-managed install_data
[2.237s] Level 1:colcon.colcon_core.environment:checking '/home/relvixx/ros2_jazzy/install/my_first_pkg' for CMake module files
[2.237s] DEBUG:colcon.colcon_core.event_handler.log_command:Invoked command in '/home/relvixx/ros2_jazzy/src/my_first_pkg' returned '0': DEBUGINFOD_URLS=https://debuginfod.ubuntu.com PYTHONPATH=/home/relvixx/ros2_jazzy/build/my_first_pkg/prefix_override:/usr/lib/python3/dist-packages/colcon_core/task/python/colcon_distutils_commands:/home/relvixx/ros2_jazzy/install/my_first_pkg/lib/python3.12/site-packages:/home/relvixx/ros2_jazzy/install/my_first_interfaces/lib/python3.12/site-packages:/home/relvixx/ros2_jazzy/install/my_first_pkg/lib/python3.12/site-packages:/opt/ros/jazzy/lib/python3.12/site-packages /usr/bin/python3 -W ignore:setup.py install is deprecated -W ignore:easy_install command is deprecated setup.py egg_info --egg-base ../../build/my_first_pkg build --build-base /home/relvixx/ros2_jazzy/build/my_first_pkg/build install --record /home/relvixx/ros2_jazzy/build/my_first_pkg/install.log --install-scripts $base/lib/my_first_pkg --single-version-externally-managed install_data
[2.238s] Level 1:colcon.colcon_core.environment:checking '/home/relvixx/ros2_jazzy/install/my_first_pkg' for CMake config files
[2.238s] Level 1:colcon.colcon_core.environment:checking '/home/relvixx/ros2_jazzy/install/my_first_pkg/lib'
[2.238s] Level 1:colcon.colcon_core.environment:checking '/home/relvixx/ros2_jazzy/install/my_first_pkg/bin'
[2.238s] Level 1:colcon.colcon_core.environment:checking '/home/relvixx/ros2_jazzy/install/my_first_pkg/lib/pkgconfig/my_first_pkg.pc'
[2.238s] Level 1:colcon.colcon_core.environment:checking '/home/relvixx/ros2_jazzy/install/my_first_pkg/lib/python3.12/site-packages'
[2.238s] Level 1:colcon.colcon_core.shell:create_environment_hook('my_first_pkg', 'pythonpath')
[2.239s] INFO:colcon.colcon_core.shell:Creating environment hook '/home/relvixx/ros2_jazzy/install/my_first_pkg/share/my_first_pkg/hook/pythonpath.ps1'
[2.239s] INFO:colcon.colcon_core.shell:Creating environment descriptor '/home/relvixx/ros2_jazzy/install/my_first_pkg/share/my_first_pkg/hook/pythonpath.dsv'
[2.239s] INFO:colcon.colcon_core.shell:Creating environment hook '/home/relvixx/ros2_jazzy/install/my_first_pkg/share/my_first_pkg/hook/pythonpath.sh'
[2.240s] Level 1:colcon.colcon_core.environment:checking '/home/relvixx/ros2_jazzy/install/my_first_pkg/bin'
[2.240s] Level 1:colcon.colcon_core.environment:create_environment_scripts_only(my_first_pkg)
[2.240s] INFO:colcon.colcon_core.shell:Creating package script '/home/relvixx/ros2_jazzy/install/my_first_pkg/share/my_first_pkg/package.ps1'
[2.240s] INFO:colcon.colcon_core.shell:Creating package descriptor '/home/relvixx/ros2_jazzy/install/my_first_pkg/share/my_first_pkg/package.dsv'
[2.241s] INFO:colcon.colcon_core.shell:Creating package script '/home/relvixx/ros2_jazzy/install/my_first_pkg/share/my_first_pkg/package.sh'
[2.241s] INFO:colcon.colcon_core.shell:Creating package script '/home/relvixx/ros2_jazzy/install/my_first_pkg/share/my_first_pkg/package.bash'
[2.241s] INFO:colcon.colcon_core.shell:Creating package script '/home/relvixx/ros2_jazzy/install/my_first_pkg/share/my_first_pkg/package.zsh'
[2.241s] Level 1:colcon.colcon_core.environment:create_file_with_runtime_dependencies(/home/relvixx/ros2_jazzy/install/my_first_pkg/share/colcon-core/packages/my_first_pkg)
[2.242s] DEBUG:colcon.colcon_parallel_executor.executor.parallel:closing loop
[2.242s] DEBUG:colcon.colcon_parallel_executor.executor.parallel:loop closed
[2.242s] DEBUG:colcon.colcon_parallel_executor.executor.parallel:run_until_complete finished with '0'
[2.242s] DEBUG:colcon.colcon_core.event_reactor:joining thread
[2.248s] INFO:colcon.colcon_core.plugin_system:Skipping extension 'colcon_notification.desktop_notification.terminal_notifier': Not used on non-Darwin systems
[2.248s] INFO:colcon.colcon_core.plugin_system:Skipping extension 'colcon_notification.desktop_notification.win32': Not used on non-Windows systems
[2.248s] INFO:colcon.colcon_notification.desktop_notification:Sending desktop notification using 'notify2'
[2.268s] DEBUG:colcon.colcon_core.event_reactor:joined thread
[2.269s] INFO:colcon.colcon_core.shell:Creating prefix script '/home/relvixx/ros2_jazzy/install/local_setup.ps1'
[2.269s] INFO:colcon.colcon_core.shell:Creating prefix util module '/home/relvixx/ros2_jazzy/install/_local_setup_util_ps1.py'
[2.270s] INFO:colcon.colcon_core.shell:Creating prefix chain script '/home/relvixx/ros2_jazzy/install/setup.ps1'
[2.271s] INFO:colcon.colcon_core.shell:Creating prefix script '/home/relvixx/ros2_jazzy/install/local_setup.sh'
[2.272s] INFO:colcon.colcon_core.shell:Creating prefix util module '/home/relvixx/ros2_jazzy/install/_local_setup_util_sh.py'
[2.272s] INFO:colcon.colcon_core.shell:Creating prefix chain script '/home/relvixx/ros2_jazzy/install/setup.sh'
[2.274s] INFO:colcon.colcon_core.shell:Creating prefix script '/home/relvixx/ros2_jazzy/install/local_setup.bash'
[2.275s] INFO:colcon.colcon_core.shell:Creating prefix chain script '/home/relvixx/ros2_jazzy/install/setup.bash'
[2.276s] INFO:colcon.colcon_core.shell:Creating prefix script '/home/relvixx/ros2_jazzy/install/local_setup.zsh'
[2.277s] INFO:colcon.colcon_core.shell:Creating prefix chain script '/home/relvixx/ros2_jazzy/install/setup.zsh'
