[0.016s] Invoking command in '/home/relvixx/ros2_jazzy/build/my_first_interfaces': CMAKE_PREFIX_PATH=${CMAKE_PREFIX_PATH}:/opt/ros/jazzy DEBUGINFOD_URLS=https://debuginfod.ubuntu.com /usr/bin/cmake --build /home/relvixx/ros2_jazzy/build/my_first_interfaces -- -j12 -l12
[0.107s] [  2%] Built target my_first_interfaces__rs
[0.107s] [  5%] Built target my_first_interfaces__rosidl_generator_type_description
[0.120s] [  5%] Built target ament_cmake_python_symlink_my_first_interfaces
[0.142s] [  8%] Built target my_first_interfaces__cpp
[0.146s] [ 22%] Built target my_first_interfaces__rosidl_generator_c
[0.184s] [ 40%] Built target my_first_interfaces__rosidl_typesupport_fastrtps_c
[0.184s] [ 40%] Built target my_first_interfaces__rosidl_typesupport_c
[0.186s] [ 48%] Built target my_first_interfaces__rosidl_typesupport_cpp
[0.188s] [ 57%] Built target my_first_interfaces__rosidl_typesupport_introspection_cpp
[0.188s] [ 65%] Built target my_first_interfaces__rosidl_typesupport_introspection_c
[0.196s] [ 74%] Built target my_first_interfaces__rosidl_typesupport_fastrtps_cpp
[0.232s] [ 74%] Built target my_first_interfaces
[0.269s] [ 77%] Built target my_first_interfaces__py
[0.310s] [ 82%] Built target my_first_interfaces__rosidl_generator_py
[0.350s] [ 94%] Built target my_first_interfaces_s__rosidl_typesupport_introspection_c
[0.350s] [ 94%] Built target my_first_interfaces_s__rosidl_typesupport_fastrtps_c
[0.350s] [100%] Built target my_first_interfaces_s__rosidl_typesupport_c
[0.519s] running egg_info
[0.559s] writing my_first_interfaces.egg-info/PKG-INFO
[0.559s] writing dependency_links to my_first_interfaces.egg-info/dependency_links.txt
[0.559s] writing top-level names to my_first_interfaces.egg-info/top_level.txt
[0.666s] reading manifest file 'my_first_interfaces.egg-info/SOURCES.txt'
[0.667s] writing manifest file 'my_first_interfaces.egg-info/SOURCES.txt'
[0.713s] [100%] Built target ament_cmake_python_build_my_first_interfaces_egg
[0.737s] Invoked command in '/home/relvixx/ros2_jazzy/build/my_first_interfaces' returned '0': CMAKE_PREFIX_PATH=${CMAKE_PREFIX_PATH}:/opt/ros/jazzy DEBUGINFOD_URLS=https://debuginfod.ubuntu.com /usr/bin/cmake --build /home/relvixx/ros2_jazzy/build/my_first_interfaces -- -j12 -l12
[0.756s] Invoking command in '/home/relvixx/ros2_jazzy/build/my_first_interfaces': CMAKE_PREFIX_PATH=${CMAKE_PREFIX_PATH}:/opt/ros/jazzy DEBUGINFOD_URLS=https://debuginfod.ubuntu.com /usr/bin/cmake --install /home/relvixx/ros2_jazzy/build/my_first_interfaces
[0.769s] -- Install configuration: ""
[0.770s] -- Execute custom install script
[0.770s] -- Up-to-date symlink: /home/relvixx/ros2_jazzy/install/my_first_interfaces/share/ament_index/resource_index/rosidl_interfaces/my_first_interfaces
[0.770s] -- Up-to-date symlink: /home/relvixx/ros2_jazzy/install/my_first_interfaces/share/my_first_interfaces/action/Fibonacci.json
[0.771s] -- Up-to-date symlink: /home/relvixx/ros2_jazzy/install/my_first_interfaces/include/my_first_interfaces/my_first_interfaces/action/detail/fibonacci__functions.h
[0.771s] -- Up-to-date symlink: /home/relvixx/ros2_jazzy/install/my_first_interfaces/include/my_first_interfaces/my_first_interfaces/action/detail/fibonacci__struct.h
[0.772s] -- Up-to-date symlink: /home/relvixx/ros2_jazzy/install/my_first_interfaces/include/my_first_interfaces/my_first_interfaces/action/detail/fibonacci__type_support.h
[0.772s] -- Up-to-date symlink: /home/relvixx/ros2_jazzy/install/my_first_interfaces/include/my_first_interfaces/my_first_interfaces/action/fibonacci.h
[0.772s] -- Up-to-date symlink: /home/relvixx/ros2_jazzy/install/my_first_interfaces/include/my_first_interfaces/my_first_interfaces/msg/rosidl_generator_c__visibility_control.h
[0.772s] -- Up-to-date symlink: /home/relvixx/ros2_jazzy/install/my_first_interfaces/share/my_first_interfaces/environment/library_path.sh
[0.772s] -- Up-to-date symlink: /home/relvixx/ros2_jazzy/install/my_first_interfaces/share/my_first_interfaces/environment/library_path.dsv
[0.773s] -- Up-to-date symlink: /home/relvixx/ros2_jazzy/install/my_first_interfaces/include/my_first_interfaces/my_first_interfaces/action/detail/fibonacci__rosidl_typesupport_fastrtps_c.h
[0.773s] -- Up-to-date symlink: /home/relvixx/ros2_jazzy/install/my_first_interfaces/include/my_first_interfaces/my_first_interfaces/msg/rosidl_typesupport_fastrtps_c__visibility_control.h
[0.774s] -- Up-to-date symlink: /home/relvixx/ros2_jazzy/install/my_first_interfaces/include/my_first_interfaces/my_first_interfaces/action/detail/fibonacci__rosidl_typesupport_introspection_c.h
[0.774s] -- Up-to-date symlink: /home/relvixx/ros2_jazzy/install/my_first_interfaces/include/my_first_interfaces/my_first_interfaces/msg/rosidl_typesupport_introspection_c__visibility_control.h
[0.775s] -- Up-to-date symlink: /home/relvixx/ros2_jazzy/install/my_first_interfaces/include/my_first_interfaces/my_first_interfaces/action/detail/fibonacci__builder.hpp
[0.775s] -- Up-to-date symlink: /home/relvixx/ros2_jazzy/install/my_first_interfaces/include/my_first_interfaces/my_first_interfaces/action/detail/fibonacci__struct.hpp
[0.775s] -- Up-to-date symlink: /home/relvixx/ros2_jazzy/install/my_first_interfaces/include/my_first_interfaces/my_first_interfaces/action/detail/fibonacci__traits.hpp
[0.775s] -- Up-to-date symlink: /home/relvixx/ros2_jazzy/install/my_first_interfaces/include/my_first_interfaces/my_first_interfaces/action/detail/fibonacci__type_support.hpp
[0.776s] -- Up-to-date symlink: /home/relvixx/ros2_jazzy/install/my_first_interfaces/include/my_first_interfaces/my_first_interfaces/action/fibonacci.hpp
[0.776s] -- Up-to-date symlink: /home/relvixx/ros2_jazzy/install/my_first_interfaces/include/my_first_interfaces/my_first_interfaces/msg/rosidl_generator_cpp__visibility_control.hpp
[0.777s] -- Up-to-date symlink: /home/relvixx/ros2_jazzy/install/my_first_interfaces/include/my_first_interfaces/my_first_interfaces/action/detail/fibonacci__rosidl_typesupport_fastrtps_cpp.hpp
[0.777s] -- Up-to-date symlink: /home/relvixx/ros2_jazzy/install/my_first_interfaces/include/my_first_interfaces/my_first_interfaces/msg/rosidl_typesupport_fastrtps_cpp__visibility_control.h
[0.778s] -- Up-to-date symlink: /home/relvixx/ros2_jazzy/install/my_first_interfaces/include/my_first_interfaces/my_first_interfaces/action/detail/fibonacci__rosidl_typesupport_introspection_cpp.hpp
[0.778s] -- Up-to-date symlink: /home/relvixx/ros2_jazzy/install/my_first_interfaces/share/my_first_interfaces/environment/pythonpath.sh
[0.778s] -- Up-to-date symlink: /home/relvixx/ros2_jazzy/install/my_first_interfaces/share/my_first_interfaces/environment/pythonpath.dsv
[0.779s] -- Up-to-date symlink: /home/relvixx/ros2_jazzy/install/my_first_interfaces/lib/python3.12/site-packages/my_first_interfaces-0.0.0-py3.12.egg-info/PKG-INFO
[0.779s] -- Up-to-date symlink: /home/relvixx/ros2_jazzy/install/my_first_interfaces/lib/python3.12/site-packages/my_first_interfaces-0.0.0-py3.12.egg-info/SOURCES.txt
[0.779s] -- Up-to-date symlink: /home/relvixx/ros2_jazzy/install/my_first_interfaces/lib/python3.12/site-packages/my_first_interfaces-0.0.0-py3.12.egg-info/dependency_links.txt
[0.779s] -- Up-to-date symlink: /home/relvixx/ros2_jazzy/install/my_first_interfaces/lib/python3.12/site-packages/my_first_interfaces-0.0.0-py3.12.egg-info/top_level.txt
[0.780s] -- Up-to-date symlink: /home/relvixx/ros2_jazzy/install/my_first_interfaces/lib/python3.12/site-packages/my_first_interfaces/__init__.py
[0.781s] -- Up-to-date symlink: /home/relvixx/ros2_jazzy/install/my_first_interfaces/lib/python3.12/site-packages/my_first_interfaces/_my_first_interfaces_s.ep.rosidl_typesupport_c.c
[0.781s] -- Up-to-date symlink: /home/relvixx/ros2_jazzy/install/my_first_interfaces/lib/python3.12/site-packages/my_first_interfaces/_my_first_interfaces_s.ep.rosidl_typesupport_fastrtps_c.c
[0.781s] -- Up-to-date symlink: /home/relvixx/ros2_jazzy/install/my_first_interfaces/lib/python3.12/site-packages/my_first_interfaces/_my_first_interfaces_s.ep.rosidl_typesupport_introspection_c.c
[0.781s] -- Up-to-date symlink: /home/relvixx/ros2_jazzy/install/my_first_interfaces/lib/python3.12/site-packages/my_first_interfaces/action/__init__.py
[0.781s] -- Up-to-date symlink: /home/relvixx/ros2_jazzy/install/my_first_interfaces/lib/python3.12/site-packages/my_first_interfaces/action/_fibonacci.py
[0.782s] -- Up-to-date symlink: /home/relvixx/ros2_jazzy/install/my_first_interfaces/lib/python3.12/site-packages/my_first_interfaces/action/_fibonacci_s.c
[0.782s] -- Up-to-date symlink: /home/relvixx/ros2_jazzy/install/my_first_interfaces/lib/python3.12/site-packages/my_first_interfaces/my_first_interfaces_s__rosidl_typesupport_c.so
[0.782s] -- Up-to-date symlink: /home/relvixx/ros2_jazzy/install/my_first_interfaces/lib/python3.12/site-packages/my_first_interfaces/my_first_interfaces_s__rosidl_typesupport_fastrtps_c.so
[0.782s] -- Up-to-date symlink: /home/relvixx/ros2_jazzy/install/my_first_interfaces/lib/python3.12/site-packages/my_first_interfaces/my_first_interfaces_s__rosidl_typesupport_introspection_c.so
[0.783s] -- Up-to-date symlink: /home/relvixx/ros2_jazzy/install/my_first_interfaces/lib/python3.12/site-packages/my_first_interfaces/my_first_interfaces_s__rosidl_typesupport_fastrtps_c.so
[0.783s] -- Up-to-date symlink: /home/relvixx/ros2_jazzy/install/my_first_interfaces/lib/python3.12/site-packages/my_first_interfaces/my_first_interfaces_s__rosidl_typesupport_introspection_c.so
[0.783s] -- Up-to-date symlink: /home/relvixx/ros2_jazzy/install/my_first_interfaces/lib/python3.12/site-packages/my_first_interfaces/my_first_interfaces_s__rosidl_typesupport_c.so
[0.784s] -- Up-to-date symlink: /home/relvixx/ros2_jazzy/install/my_first_interfaces/share/ament_index/resource_index/rust_packages/my_first_interfaces
[0.784s] -- Up-to-date symlink: /home/relvixx/ros2_jazzy/install/my_first_interfaces/share/my_first_interfaces/rust/Cargo.toml
[0.785s] -- Up-to-date symlink: /home/relvixx/ros2_jazzy/install/my_first_interfaces/share/my_first_interfaces/rust/build.rs
[0.785s] -- Up-to-date symlink: /home/relvixx/ros2_jazzy/install/my_first_interfaces/share/my_first_interfaces/rust/src/action.rs
[0.785s] -- Up-to-date symlink: /home/relvixx/ros2_jazzy/install/my_first_interfaces/share/my_first_interfaces/rust/src/action/rmw.rs
[0.785s] -- Up-to-date symlink: /home/relvixx/ros2_jazzy/install/my_first_interfaces/share/my_first_interfaces/rust/src/lib.rs
[0.785s] -- Up-to-date symlink: /home/relvixx/ros2_jazzy/install/my_first_interfaces/share/my_first_interfaces/action/Fibonacci.idl
[0.786s] -- Up-to-date symlink: /home/relvixx/ros2_jazzy/install/my_first_interfaces/share/my_first_interfaces/action/Fibonacci.action
[0.786s] -- Up-to-date symlink: /home/relvixx/ros2_jazzy/install/my_first_interfaces/share/ament_index/resource_index/package_run_dependencies/my_first_interfaces
[0.787s] -- Up-to-date symlink: /home/relvixx/ros2_jazzy/install/my_first_interfaces/share/ament_index/resource_index/parent_prefix_path/my_first_interfaces
[0.787s] -- Up-to-date symlink: /home/relvixx/ros2_jazzy/install/my_first_interfaces/share/my_first_interfaces/environment/ament_prefix_path.sh
[0.787s] -- Up-to-date symlink: /home/relvixx/ros2_jazzy/install/my_first_interfaces/share/my_first_interfaces/environment/ament_prefix_path.dsv
[0.787s] -- Up-to-date symlink: /home/relvixx/ros2_jazzy/install/my_first_interfaces/share/my_first_interfaces/environment/path.sh
[0.788s] -- Up-to-date symlink: /home/relvixx/ros2_jazzy/install/my_first_interfaces/share/my_first_interfaces/environment/path.dsv
[0.788s] -- Up-to-date symlink: /home/relvixx/ros2_jazzy/install/my_first_interfaces/share/my_first_interfaces/local_setup.bash
[0.788s] -- Up-to-date symlink: /home/relvixx/ros2_jazzy/install/my_first_interfaces/share/my_first_interfaces/local_setup.sh
[0.788s] -- Up-to-date symlink: /home/relvixx/ros2_jazzy/install/my_first_interfaces/share/my_first_interfaces/local_setup.zsh
[0.789s] -- Up-to-date symlink: /home/relvixx/ros2_jazzy/install/my_first_interfaces/share/my_first_interfaces/local_setup.dsv
[0.789s] -- Symlinking: /home/relvixx/ros2_jazzy/install/my_first_interfaces/share/my_first_interfaces/package.dsv
[0.807s] -- Up-to-date symlink: /home/relvixx/ros2_jazzy/install/my_first_interfaces/share/ament_index/resource_index/packages/my_first_interfaces
[0.807s] -- Up-to-date symlink: /home/relvixx/ros2_jazzy/install/my_first_interfaces/share/my_first_interfaces/cmake/rosidl_cmake-extras.cmake
[0.807s] -- Up-to-date symlink: /home/relvixx/ros2_jazzy/install/my_first_interfaces/share/my_first_interfaces/cmake/ament_cmake_export_dependencies-extras.cmake
[0.808s] -- Up-to-date symlink: /home/relvixx/ros2_jazzy/install/my_first_interfaces/share/my_first_interfaces/cmake/ament_cmake_export_include_directories-extras.cmake
[0.808s] -- Up-to-date symlink: /home/relvixx/ros2_jazzy/install/my_first_interfaces/share/my_first_interfaces/cmake/ament_cmake_export_libraries-extras.cmake
[0.808s] -- Up-to-date symlink: /home/relvixx/ros2_jazzy/install/my_first_interfaces/share/my_first_interfaces/cmake/ament_cmake_export_targets-extras.cmake
[0.808s] -- Up-to-date symlink: /home/relvixx/ros2_jazzy/install/my_first_interfaces/share/my_first_interfaces/cmake/rosidl_cmake_export_typesupport_targets-extras.cmake
[0.808s] -- Up-to-date symlink: /home/relvixx/ros2_jazzy/install/my_first_interfaces/share/my_first_interfaces/cmake/rosidl_cmake_export_typesupport_libraries-extras.cmake
[0.809s] -- Up-to-date symlink: /home/relvixx/ros2_jazzy/install/my_first_interfaces/share/my_first_interfaces/cmake/rosidl_cmake_aggregate_target-extras.cmake
[0.809s] -- Up-to-date symlink: /home/relvixx/ros2_jazzy/install/my_first_interfaces/share/my_first_interfaces/cmake/my_first_interfacesConfig.cmake
[0.809s] -- Up-to-date symlink: /home/relvixx/ros2_jazzy/install/my_first_interfaces/share/my_first_interfaces/cmake/my_first_interfacesConfig-version.cmake
[0.809s] -- Up-to-date symlink: /home/relvixx/ros2_jazzy/install/my_first_interfaces/share/my_first_interfaces/package.xml
[0.810s] -- Up-to-date: /home/relvixx/ros2_jazzy/install/my_first_interfaces/lib/libmy_first_interfaces__rosidl_generator_c.so
[0.810s] -- Up-to-date: /home/relvixx/ros2_jazzy/install/my_first_interfaces/lib/libmy_first_interfaces__rosidl_typesupport_fastrtps_c.so
[0.811s] -- Up-to-date: /home/relvixx/ros2_jazzy/install/my_first_interfaces/lib/libmy_first_interfaces__rosidl_typesupport_introspection_c.so
[0.811s] -- Up-to-date: /home/relvixx/ros2_jazzy/install/my_first_interfaces/lib/libmy_first_interfaces__rosidl_typesupport_c.so
[0.812s] -- Up-to-date: /home/relvixx/ros2_jazzy/install/my_first_interfaces/lib/libmy_first_interfaces__rosidl_typesupport_fastrtps_cpp.so
[0.813s] -- Up-to-date: /home/relvixx/ros2_jazzy/install/my_first_interfaces/lib/libmy_first_interfaces__rosidl_typesupport_introspection_cpp.so
[0.813s] -- Up-to-date: /home/relvixx/ros2_jazzy/install/my_first_interfaces/lib/libmy_first_interfaces__rosidl_typesupport_cpp.so
[0.871s] Listing '/home/relvixx/ros2_jazzy/install/my_first_interfaces/lib/python3.12/site-packages/my_first_interfaces'...
[0.871s] Listing '/home/relvixx/ros2_jazzy/install/my_first_interfaces/lib/python3.12/site-packages/my_first_interfaces/action'...
[0.880s] -- Up-to-date: /home/relvixx/ros2_jazzy/install/my_first_interfaces/lib/libmy_first_interfaces__rosidl_generator_py.so
[0.880s] -- Up-to-date: /home/relvixx/ros2_jazzy/install/my_first_interfaces/share/my_first_interfaces/cmake/export_my_first_interfaces__rosidl_generator_cExport.cmake
[0.881s] -- Up-to-date: /home/relvixx/ros2_jazzy/install/my_first_interfaces/share/my_first_interfaces/cmake/export_my_first_interfaces__rosidl_generator_cExport-noconfig.cmake
[0.881s] -- Up-to-date: /home/relvixx/ros2_jazzy/install/my_first_interfaces/share/my_first_interfaces/cmake/export_my_first_interfaces__rosidl_typesupport_fastrtps_cExport.cmake
[0.881s] -- Up-to-date: /home/relvixx/ros2_jazzy/install/my_first_interfaces/share/my_first_interfaces/cmake/export_my_first_interfaces__rosidl_typesupport_fastrtps_cExport-noconfig.cmake
[0.881s] -- Up-to-date: /home/relvixx/ros2_jazzy/install/my_first_interfaces/share/my_first_interfaces/cmake/my_first_interfaces__rosidl_typesupport_introspection_cExport.cmake
[0.881s] -- Up-to-date: /home/relvixx/ros2_jazzy/install/my_first_interfaces/share/my_first_interfaces/cmake/my_first_interfaces__rosidl_typesupport_introspection_cExport-noconfig.cmake
[0.882s] -- Up-to-date: /home/relvixx/ros2_jazzy/install/my_first_interfaces/share/my_first_interfaces/cmake/my_first_interfaces__rosidl_typesupport_cExport.cmake
[0.882s] -- Up-to-date: /home/relvixx/ros2_jazzy/install/my_first_interfaces/share/my_first_interfaces/cmake/my_first_interfaces__rosidl_typesupport_cExport-noconfig.cmake
[0.882s] -- Up-to-date: /home/relvixx/ros2_jazzy/install/my_first_interfaces/share/my_first_interfaces/cmake/export_my_first_interfaces__rosidl_generator_cppExport.cmake
[0.882s] -- Up-to-date: /home/relvixx/ros2_jazzy/install/my_first_interfaces/share/my_first_interfaces/cmake/export_my_first_interfaces__rosidl_typesupport_fastrtps_cppExport.cmake
[0.882s] -- Up-to-date: /home/relvixx/ros2_jazzy/install/my_first_interfaces/share/my_first_interfaces/cmake/export_my_first_interfaces__rosidl_typesupport_fastrtps_cppExport-noconfig.cmake
[0.882s] -- Up-to-date: /home/relvixx/ros2_jazzy/install/my_first_interfaces/share/my_first_interfaces/cmake/my_first_interfaces__rosidl_typesupport_introspection_cppExport.cmake
[0.882s] -- Up-to-date: /home/relvixx/ros2_jazzy/install/my_first_interfaces/share/my_first_interfaces/cmake/my_first_interfaces__rosidl_typesupport_introspection_cppExport-noconfig.cmake
[0.883s] -- Up-to-date: /home/relvixx/ros2_jazzy/install/my_first_interfaces/share/my_first_interfaces/cmake/my_first_interfaces__rosidl_typesupport_cppExport.cmake
[0.883s] -- Up-to-date: /home/relvixx/ros2_jazzy/install/my_first_interfaces/share/my_first_interfaces/cmake/my_first_interfaces__rosidl_typesupport_cppExport-noconfig.cmake
[0.883s] -- Up-to-date: /home/relvixx/ros2_jazzy/install/my_first_interfaces/share/my_first_interfaces/cmake/export_my_first_interfaces__rosidl_generator_pyExport.cmake
[0.883s] -- Up-to-date: /home/relvixx/ros2_jazzy/install/my_first_interfaces/share/my_first_interfaces/cmake/export_my_first_interfaces__rosidl_generator_pyExport-noconfig.cmake
[0.887s] Invoked command in '/home/relvixx/ros2_jazzy/build/my_first_interfaces' returned '0': CMAKE_PREFIX_PATH=${CMAKE_PREFIX_PATH}:/opt/ros/jazzy DEBUGINFOD_URLS=https://debuginfod.ubuntu.com /usr/bin/cmake --install /home/relvixx/ros2_jazzy/build/my_first_interfaces
