[0.693s] Invoking command in '/home/relvixx/ros2_jazzy/build/my_first_pkg': AMENT_PREFIX_PATH=/home/relvixx/ros2_jazzy/install/my_first_interfaces:${AMENT_PREFIX_PATH} CMAKE_PREFIX_PATH=/home/relvixx/ros2_jazzy/install/my_first_interfaces:${CMAKE_PREFIX_PATH} DEBUGINFOD_URLS=https://debuginfod.ubuntu.com LD_LIBRARY_PATH=/home/relvixx/ros2_jazzy/install/my_first_interfaces/lib:${LD_LIBRARY_PATH} PYTHONPATH=/home/relvixx/ros2_jazzy/build/my_first_pkg/prefix_override:/usr/lib/python3/dist-packages/colcon_core/task/python/colcon_distutils_commands:/home/relvixx/ros2_jazzy/install/my_first_pkg/lib/python3.12/site-packages:/home/relvixx/ros2_jazzy/install/my_first_interfaces/lib/python3.12/site-packages:${PYTHONPATH} /usr/bin/python3 -W ignore:setup.py install is deprecated -W ignore:easy_install command is deprecated setup.py develop --uninstall --editable --build-directory /home/relvixx/ros2_jazzy/build/my_first_pkg/build
[0.931s] running develop
[1.107s] Removing /home/relvixx/ros2_jazzy/install/my_first_pkg/lib/python3.12/site-packages/my-first-pkg.egg-link (link to .)
[1.131s] Invoked command in '/home/relvixx/ros2_jazzy/build/my_first_pkg' returned '0': AMENT_PREFIX_PATH=/home/relvixx/ros2_jazzy/install/my_first_interfaces:${AMENT_PREFIX_PATH} CMAKE_PREFIX_PATH=/home/relvixx/ros2_jazzy/install/my_first_interfaces:${CMAKE_PREFIX_PATH} DEBUGINFOD_URLS=https://debuginfod.ubuntu.com LD_LIBRARY_PATH=/home/relvixx/ros2_jazzy/install/my_first_interfaces/lib:${LD_LIBRARY_PATH} PYTHONPATH=/home/relvixx/ros2_jazzy/build/my_first_pkg/prefix_override:/usr/lib/python3/dist-packages/colcon_core/task/python/colcon_distutils_commands:/home/relvixx/ros2_jazzy/install/my_first_pkg/lib/python3.12/site-packages:/home/relvixx/ros2_jazzy/install/my_first_interfaces/lib/python3.12/site-packages:${PYTHONPATH} /usr/bin/python3 -W ignore:setup.py install is deprecated -W ignore:easy_install command is deprecated setup.py develop --uninstall --editable --build-directory /home/relvixx/ros2_jazzy/build/my_first_pkg/build
[1.132s] Invoking command in '/home/relvixx/ros2_jazzy/src/my_first_pkg': AMENT_PREFIX_PATH=/home/relvixx/ros2_jazzy/install/my_first_interfaces:${AMENT_PREFIX_PATH} CMAKE_PREFIX_PATH=/home/relvixx/ros2_jazzy/install/my_first_interfaces:${CMAKE_PREFIX_PATH} DEBUGINFOD_URLS=https://debuginfod.ubuntu.com LD_LIBRARY_PATH=/home/relvixx/ros2_jazzy/install/my_first_interfaces/lib:${LD_LIBRARY_PATH} PYTHONPATH=/home/relvixx/ros2_jazzy/build/my_first_pkg/prefix_override:/usr/lib/python3/dist-packages/colcon_core/task/python/colcon_distutils_commands:/home/relvixx/ros2_jazzy/install/my_first_pkg/lib/python3.12/site-packages:/home/relvixx/ros2_jazzy/install/my_first_interfaces/lib/python3.12/site-packages:${PYTHONPATH} /usr/bin/python3 -W ignore:setup.py install is deprecated -W ignore:easy_install command is deprecated setup.py egg_info --egg-base ../../build/my_first_pkg build --build-base /home/relvixx/ros2_jazzy/build/my_first_pkg/build install --record /home/relvixx/ros2_jazzy/build/my_first_pkg/install.log --install-scripts $base/lib/my_first_pkg --single-version-externally-managed install_data --force
[1.348s] running egg_info
[1.366s] writing ../../build/my_first_pkg/my_first_pkg.egg-info/PKG-INFO
[1.366s] writing dependency_links to ../../build/my_first_pkg/my_first_pkg.egg-info/dependency_links.txt
[1.366s] writing entry points to ../../build/my_first_pkg/my_first_pkg.egg-info/entry_points.txt
[1.366s] writing requirements to ../../build/my_first_pkg/my_first_pkg.egg-info/requires.txt
[1.367s] writing top-level names to ../../build/my_first_pkg/my_first_pkg.egg-info/top_level.txt
[1.403s] reading manifest file '../../build/my_first_pkg/my_first_pkg.egg-info/SOURCES.txt'
[1.403s] writing manifest file '../../build/my_first_pkg/my_first_pkg.egg-info/SOURCES.txt'
[1.404s] running build
[1.404s] running build_py
[1.404s] creating /home/relvixx/ros2_jazzy/build/my_first_pkg/build
[1.404s] creating /home/relvixx/ros2_jazzy/build/my_first_pkg/build/lib
[1.404s] creating /home/relvixx/ros2_jazzy/build/my_first_pkg/build/lib/my_first_pkg
[1.404s] copying my_first_pkg/simple_node.py -> /home/relvixx/ros2_jazzy/build/my_first_pkg/build/lib/my_first_pkg
[1.405s] copying my_first_pkg/fibonacci_action_client.py -> /home/relvixx/ros2_jazzy/build/my_first_pkg/build/lib/my_first_pkg
[1.405s] copying my_first_pkg/subscriber_node.py -> /home/relvixx/ros2_jazzy/build/my_first_pkg/build/lib/my_first_pkg
[1.405s] copying my_first_pkg/publisher_node.py -> /home/relvixx/ros2_jazzy/build/my_first_pkg/build/lib/my_first_pkg
[1.405s] copying my_first_pkg/add_two_ints_server.py -> /home/relvixx/ros2_jazzy/build/my_first_pkg/build/lib/my_first_pkg
[1.405s] copying my_first_pkg/fibonacci_action_server.py -> /home/relvixx/ros2_jazzy/build/my_first_pkg/build/lib/my_first_pkg
[1.405s] copying my_first_pkg/__init__.py -> /home/relvixx/ros2_jazzy/build/my_first_pkg/build/lib/my_first_pkg
[1.405s] copying my_first_pkg/add_two_ints_client.py -> /home/relvixx/ros2_jazzy/build/my_first_pkg/build/lib/my_first_pkg
[1.405s] running install
[1.411s] running install_lib
[1.430s] creating /home/relvixx/ros2_jazzy/install/my_first_pkg/lib/python3.12/site-packages/my_first_pkg
[1.430s] copying /home/relvixx/ros2_jazzy/build/my_first_pkg/build/lib/my_first_pkg/simple_node.py -> /home/relvixx/ros2_jazzy/install/my_first_pkg/lib/python3.12/site-packages/my_first_pkg
[1.430s] copying /home/relvixx/ros2_jazzy/build/my_first_pkg/build/lib/my_first_pkg/fibonacci_action_client.py -> /home/relvixx/ros2_jazzy/install/my_first_pkg/lib/python3.12/site-packages/my_first_pkg
[1.430s] copying /home/relvixx/ros2_jazzy/build/my_first_pkg/build/lib/my_first_pkg/subscriber_node.py -> /home/relvixx/ros2_jazzy/install/my_first_pkg/lib/python3.12/site-packages/my_first_pkg
[1.430s] copying /home/relvixx/ros2_jazzy/build/my_first_pkg/build/lib/my_first_pkg/publisher_node.py -> /home/relvixx/ros2_jazzy/install/my_first_pkg/lib/python3.12/site-packages/my_first_pkg
[1.430s] copying /home/relvixx/ros2_jazzy/build/my_first_pkg/build/lib/my_first_pkg/add_two_ints_server.py -> /home/relvixx/ros2_jazzy/install/my_first_pkg/lib/python3.12/site-packages/my_first_pkg
[1.431s] copying /home/relvixx/ros2_jazzy/build/my_first_pkg/build/lib/my_first_pkg/fibonacci_action_server.py -> /home/relvixx/ros2_jazzy/install/my_first_pkg/lib/python3.12/site-packages/my_first_pkg
[1.431s] copying /home/relvixx/ros2_jazzy/build/my_first_pkg/build/lib/my_first_pkg/__init__.py -> /home/relvixx/ros2_jazzy/install/my_first_pkg/lib/python3.12/site-packages/my_first_pkg
[1.431s] copying /home/relvixx/ros2_jazzy/build/my_first_pkg/build/lib/my_first_pkg/add_two_ints_client.py -> /home/relvixx/ros2_jazzy/install/my_first_pkg/lib/python3.12/site-packages/my_first_pkg
[1.431s] byte-compiling /home/relvixx/ros2_jazzy/install/my_first_pkg/lib/python3.12/site-packages/my_first_pkg/simple_node.py to simple_node.cpython-312.pyc
[1.431s] byte-compiling /home/relvixx/ros2_jazzy/install/my_first_pkg/lib/python3.12/site-packages/my_first_pkg/fibonacci_action_client.py to fibonacci_action_client.cpython-312.pyc
[1.432s] byte-compiling /home/relvixx/ros2_jazzy/install/my_first_pkg/lib/python3.12/site-packages/my_first_pkg/subscriber_node.py to subscriber_node.cpython-312.pyc
[1.432s] byte-compiling /home/relvixx/ros2_jazzy/install/my_first_pkg/lib/python3.12/site-packages/my_first_pkg/publisher_node.py to publisher_node.cpython-312.pyc
[1.433s] byte-compiling /home/relvixx/ros2_jazzy/install/my_first_pkg/lib/python3.12/site-packages/my_first_pkg/add_two_ints_server.py to add_two_ints_server.cpython-312.pyc
[1.433s] byte-compiling /home/relvixx/ros2_jazzy/install/my_first_pkg/lib/python3.12/site-packages/my_first_pkg/fibonacci_action_server.py to fibonacci_action_server.cpython-312.pyc
[1.433s] byte-compiling /home/relvixx/ros2_jazzy/install/my_first_pkg/lib/python3.12/site-packages/my_first_pkg/__init__.py to __init__.cpython-312.pyc
[1.433s] byte-compiling /home/relvixx/ros2_jazzy/install/my_first_pkg/lib/python3.12/site-packages/my_first_pkg/add_two_ints_client.py to add_two_ints_client.cpython-312.pyc
[1.434s] running install_data
[1.434s] copying resource/my_first_pkg -> /home/relvixx/ros2_jazzy/install/my_first_pkg/share/ament_index/resource_index/packages
[1.434s] copying package.xml -> /home/relvixx/ros2_jazzy/install/my_first_pkg/share/my_first_pkg
[1.434s] running install_egg_info
[1.455s] Copying ../../build/my_first_pkg/my_first_pkg.egg-info to /home/relvixx/ros2_jazzy/install/my_first_pkg/lib/python3.12/site-packages/my_first_pkg-0.0.0-py3.12.egg-info
[1.456s] running install_scripts
[1.574s] Installing add_two_ints_client script to /home/relvixx/ros2_jazzy/install/my_first_pkg/lib/my_first_pkg
[1.574s] Installing add_two_ints_server script to /home/relvixx/ros2_jazzy/install/my_first_pkg/lib/my_first_pkg
[1.574s] Installing fibonacci_action_client script to /home/relvixx/ros2_jazzy/install/my_first_pkg/lib/my_first_pkg
[1.575s] Installing fibonacci_action_server script to /home/relvixx/ros2_jazzy/install/my_first_pkg/lib/my_first_pkg
[1.575s] Installing publisher_node script to /home/relvixx/ros2_jazzy/install/my_first_pkg/lib/my_first_pkg
[1.575s] Installing simple_node script to /home/relvixx/ros2_jazzy/install/my_first_pkg/lib/my_first_pkg
[1.575s] Installing subscriber_node script to /home/relvixx/ros2_jazzy/install/my_first_pkg/lib/my_first_pkg
[1.575s] writing list of installed files to '/home/relvixx/ros2_jazzy/build/my_first_pkg/install.log'
[1.603s] Invoked command in '/home/relvixx/ros2_jazzy/src/my_first_pkg' returned '0': AMENT_PREFIX_PATH=/home/relvixx/ros2_jazzy/install/my_first_interfaces:${AMENT_PREFIX_PATH} CMAKE_PREFIX_PATH=/home/relvixx/ros2_jazzy/install/my_first_interfaces:${CMAKE_PREFIX_PATH} DEBUGINFOD_URLS=https://debuginfod.ubuntu.com LD_LIBRARY_PATH=/home/relvixx/ros2_jazzy/install/my_first_interfaces/lib:${LD_LIBRARY_PATH} PYTHONPATH=/home/relvixx/ros2_jazzy/build/my_first_pkg/prefix_override:/usr/lib/python3/dist-packages/colcon_core/task/python/colcon_distutils_commands:/home/relvixx/ros2_jazzy/install/my_first_pkg/lib/python3.12/site-packages:/home/relvixx/ros2_jazzy/install/my_first_interfaces/lib/python3.12/site-packages:${PYTHONPATH} /usr/bin/python3 -W ignore:setup.py install is deprecated -W ignore:easy_install command is deprecated setup.py egg_info --egg-base ../../build/my_first_pkg build --build-base /home/relvixx/ros2_jazzy/build/my_first_pkg/build install --record /home/relvixx/ros2_jazzy/build/my_first_pkg/install.log --install-scripts $base/lib/my_first_pkg --single-version-externally-managed install_data --force
