[0.168s] DEBUG:colcon:Command line arguments: ['/usr/bin/colcon', 'build', '--symlink-install']
[0.168s] DEBUG:colcon:Parsed command line arguments: Namespace(log_base=None, log_level=None, verb_name='build', build_base='build', install_base='install', merge_install=False, symlink_install=True, test_result_base=None, continue_on_error=False, executor='parallel', parallel_workers=12, event_handlers=None, ignore_user_meta=False, metas=['./colcon.meta'], base_paths=['.'], packages_ignore=None, packages_ignore_regex=None, paths=None, packages_up_to=None, packages_up_to_regex=None, packages_above=None, packages_above_and_dependencies=None, packages_above_depth=None, packages_select_by_dep=None, packages_skip_by_dep=None, packages_skip_up_to=None, packages_select_build_failed=False, packages_skip_build_finished=False, packages_select_test_failures=False, packages_skip_test_passed=False, packages_select=None, packages_skip=None, packages_select_regex=None, packages_skip_regex=None, packages_start=None, packages_end=None, allow_overriding=[], cmake_args=None, cmake_target=None, cmake_target_skip_unavailable=False, cmake_clean_cache=False, cmake_clean_first=False, cmake_force_configure=False, ament_cmake_args=None, catkin_cmake_args=None, catkin_skip_building_tests=False, mixin_files=None, mixin=None, verb_parser=<colcon_mixin.mixin.mixin_argument.MixinArgumentDecorator object at 0x75aa4c090b60>, verb_extension=<colcon_core.verb.build.BuildVerb object at 0x75aa4c0902c0>, main=<bound method BuildVerb.main of <colcon_core.verb.build.BuildVerb object at 0x75aa4c0902c0>>, mixin_verb=('build',))
[0.231s] Level 1:colcon.colcon_core.package_discovery:discover_packages(colcon_meta) check parameters
[0.231s] Level 1:colcon.colcon_core.package_discovery:discover_packages(recursive) check parameters
[0.231s] Level 1:colcon.colcon_core.package_discovery:discover_packages(ignore) check parameters
[0.231s] Level 1:colcon.colcon_core.package_discovery:discover_packages(path) check parameters
[0.231s] Level 1:colcon.colcon_core.package_discovery:discover_packages(colcon_meta) discover
[0.231s] Level 1:colcon.colcon_core.package_discovery:discover_packages(recursive) discover
[0.232s] INFO:colcon.colcon_core.package_discovery:Crawling recursively for packages in '/home/relvixx/ros2_jazzy'
[0.232s] Level 1:colcon.colcon_core.package_identification:_identify(.) by extensions ['ignore', 'ignore_ament_install']
[0.232s] Level 1:colcon.colcon_core.package_identification:_identify(.) by extension 'ignore'
[0.232s] Level 1:colcon.colcon_core.package_identification:_identify(.) by extension 'ignore_ament_install'
[0.232s] Level 1:colcon.colcon_core.package_identification:_identify(.) by extensions ['colcon_pkg']
[0.232s] Level 1:colcon.colcon_core.package_identification:_identify(.) by extension 'colcon_pkg'
[0.232s] Level 1:colcon.colcon_core.package_identification:_identify(.) by extensions ['colcon_meta']
[0.232s] Level 1:colcon.colcon_core.package_identification:_identify(.) by extension 'colcon_meta'
[0.232s] Level 1:colcon.colcon_core.package_identification:_identify(.) by extensions ['ros']
[0.232s] Level 1:colcon.colcon_core.package_identification:_identify(.) by extension 'ros'
[0.263s] Level 1:colcon.colcon_core.package_identification:_identify(.) by extensions ['cmake', 'python']
[0.263s] Level 1:colcon.colcon_core.package_identification:_identify(.) by extension 'cmake'
[0.263s] Level 1:colcon.colcon_core.package_identification:_identify(.) by extension 'python'
[0.263s] Level 1:colcon.colcon_core.package_identification:_identify(.) by extensions ['python_setup_py']
[0.263s] Level 1:colcon.colcon_core.package_identification:_identify(.) by extension 'python_setup_py'
[0.263s] Level 1:colcon.colcon_core.package_identification:_identify(build) by extensions ['ignore', 'ignore_ament_install']
[0.263s] Level 1:colcon.colcon_core.package_identification:_identify(build) by extension 'ignore'
[0.263s] Level 1:colcon.colcon_core.package_identification:_identify(build) ignored
[0.263s] Level 1:colcon.colcon_core.package_identification:_identify(install) by extensions ['ignore', 'ignore_ament_install']
[0.264s] Level 1:colcon.colcon_core.package_identification:_identify(install) by extension 'ignore'
[0.264s] Level 1:colcon.colcon_core.package_identification:_identify(install) ignored
[0.264s] Level 1:colcon.colcon_core.package_identification:_identify(learning material) by extensions ['ignore', 'ignore_ament_install']
[0.264s] Level 1:colcon.colcon_core.package_identification:_identify(learning material) by extension 'ignore'
[0.264s] Level 1:colcon.colcon_core.package_identification:_identify(learning material) by extension 'ignore_ament_install'
[0.264s] Level 1:colcon.colcon_core.package_identification:_identify(learning material) by extensions ['colcon_pkg']
[0.264s] Level 1:colcon.colcon_core.package_identification:_identify(learning material) by extension 'colcon_pkg'
[0.264s] Level 1:colcon.colcon_core.package_identification:_identify(learning material) by extensions ['colcon_meta']
[0.264s] Level 1:colcon.colcon_core.package_identification:_identify(learning material) by extension 'colcon_meta'
[0.264s] Level 1:colcon.colcon_core.package_identification:_identify(learning material) by extensions ['ros']
[0.264s] Level 1:colcon.colcon_core.package_identification:_identify(learning material) by extension 'ros'
[0.264s] Level 1:colcon.colcon_core.package_identification:_identify(learning material) by extensions ['cmake', 'python']
[0.264s] Level 1:colcon.colcon_core.package_identification:_identify(learning material) by extension 'cmake'
[0.264s] Level 1:colcon.colcon_core.package_identification:_identify(learning material) by extension 'python'
[0.264s] Level 1:colcon.colcon_core.package_identification:_identify(learning material) by extensions ['python_setup_py']
[0.264s] Level 1:colcon.colcon_core.package_identification:_identify(learning material) by extension 'python_setup_py'
[0.264s] Level 1:colcon.colcon_core.package_identification:_identify(log) by extensions ['ignore', 'ignore_ament_install']
[0.265s] Level 1:colcon.colcon_core.package_identification:_identify(log) by extension 'ignore'
[0.265s] Level 1:colcon.colcon_core.package_identification:_identify(log) ignored
[0.265s] Level 1:colcon.colcon_core.package_identification:_identify(src) by extensions ['ignore', 'ignore_ament_install']
[0.265s] Level 1:colcon.colcon_core.package_identification:_identify(src) by extension 'ignore'
[0.265s] Level 1:colcon.colcon_core.package_identification:_identify(src) by extension 'ignore_ament_install'
[0.265s] Level 1:colcon.colcon_core.package_identification:_identify(src) by extensions ['colcon_pkg']
[0.265s] Level 1:colcon.colcon_core.package_identification:_identify(src) by extension 'colcon_pkg'
[0.265s] Level 1:colcon.colcon_core.package_identification:_identify(src) by extensions ['colcon_meta']
[0.265s] Level 1:colcon.colcon_core.package_identification:_identify(src) by extension 'colcon_meta'
[0.265s] Level 1:colcon.colcon_core.package_identification:_identify(src) by extensions ['ros']
[0.265s] Level 1:colcon.colcon_core.package_identification:_identify(src) by extension 'ros'
[0.265s] Level 1:colcon.colcon_core.package_identification:_identify(src) by extensions ['cmake', 'python']
[0.265s] Level 1:colcon.colcon_core.package_identification:_identify(src) by extension 'cmake'
[0.265s] Level 1:colcon.colcon_core.package_identification:_identify(src) by extension 'python'
[0.265s] Level 1:colcon.colcon_core.package_identification:_identify(src) by extensions ['python_setup_py']
[0.265s] Level 1:colcon.colcon_core.package_identification:_identify(src) by extension 'python_setup_py'
[0.265s] Level 1:colcon.colcon_core.package_identification:_identify(src/build) by extensions ['ignore', 'ignore_ament_install']
[0.265s] Level 1:colcon.colcon_core.package_identification:_identify(src/build) by extension 'ignore'
[0.266s] Level 1:colcon.colcon_core.package_identification:_identify(src/build) ignored
[0.266s] Level 1:colcon.colcon_core.package_identification:_identify(src/install) by extensions ['ignore', 'ignore_ament_install']
[0.266s] Level 1:colcon.colcon_core.package_identification:_identify(src/install) by extension 'ignore'
[0.266s] Level 1:colcon.colcon_core.package_identification:_identify(src/install) ignored
[0.266s] Level 1:colcon.colcon_core.package_identification:_identify(src/log) by extensions ['ignore', 'ignore_ament_install']
[0.266s] Level 1:colcon.colcon_core.package_identification:_identify(src/log) by extension 'ignore'
[0.266s] Level 1:colcon.colcon_core.package_identification:_identify(src/log) ignored
[0.266s] Level 1:colcon.colcon_core.package_identification:_identify(src/my_first_interfaces) by extensions ['ignore', 'ignore_ament_install']
[0.266s] Level 1:colcon.colcon_core.package_identification:_identify(src/my_first_interfaces) by extension 'ignore'
[0.266s] Level 1:colcon.colcon_core.package_identification:_identify(src/my_first_interfaces) by extension 'ignore_ament_install'
[0.266s] Level 1:colcon.colcon_core.package_identification:_identify(src/my_first_interfaces) by extensions ['colcon_pkg']
[0.266s] Level 1:colcon.colcon_core.package_identification:_identify(src/my_first_interfaces) by extension 'colcon_pkg'
[0.266s] Level 1:colcon.colcon_core.package_identification:_identify(src/my_first_interfaces) by extensions ['colcon_meta']
[0.266s] Level 1:colcon.colcon_core.package_identification:_identify(src/my_first_interfaces) by extension 'colcon_meta'
[0.266s] Level 1:colcon.colcon_core.package_identification:_identify(src/my_first_interfaces) by extensions ['ros']
[0.266s] Level 1:colcon.colcon_core.package_identification:_identify(src/my_first_interfaces) by extension 'ros'
[0.270s] DEBUG:colcon.colcon_core.package_identification:Package 'src/my_first_interfaces' with type 'ros.ament_cmake' and name 'my_first_interfaces'
[0.270s] Level 1:colcon.colcon_core.package_identification:_identify(src/my_first_pkg) by extensions ['ignore', 'ignore_ament_install']
[0.270s] Level 1:colcon.colcon_core.package_identification:_identify(src/my_first_pkg) by extension 'ignore'
[0.270s] Level 1:colcon.colcon_core.package_identification:_identify(src/my_first_pkg) by extension 'ignore_ament_install'
[0.270s] Level 1:colcon.colcon_core.package_identification:_identify(src/my_first_pkg) by extensions ['colcon_pkg']
[0.270s] Level 1:colcon.colcon_core.package_identification:_identify(src/my_first_pkg) by extension 'colcon_pkg'
[0.270s] Level 1:colcon.colcon_core.package_identification:_identify(src/my_first_pkg) by extensions ['colcon_meta']
[0.270s] Level 1:colcon.colcon_core.package_identification:_identify(src/my_first_pkg) by extension 'colcon_meta'
[0.270s] Level 1:colcon.colcon_core.package_identification:_identify(src/my_first_pkg) by extensions ['ros']
[0.270s] Level 1:colcon.colcon_core.package_identification:_identify(src/my_first_pkg) by extension 'ros'
[0.271s] DEBUG:colcon.colcon_core.package_identification:Package 'src/my_first_pkg' with type 'ros.ament_python' and name 'my_first_pkg'
[0.271s] Level 1:colcon.colcon_core.package_discovery:discover_packages(recursive) using defaults
[0.271s] Level 1:colcon.colcon_core.package_discovery:discover_packages(ignore) discover
[0.271s] Level 1:colcon.colcon_core.package_discovery:discover_packages(ignore) using defaults
[0.271s] Level 1:colcon.colcon_core.package_discovery:discover_packages(path) discover
[0.271s] Level 1:colcon.colcon_core.package_discovery:discover_packages(path) using defaults
[0.297s] Level 1:colcon.colcon_core.package_discovery:discover_packages(prefix_path) check parameters
[0.297s] Level 1:colcon.colcon_core.package_discovery:discover_packages(prefix_path) discover
[0.299s] DEBUG:colcon.colcon_installed_package_information.package_discovery:Found 2 installed packages in /home/relvixx/ros2_jazzy/install
[0.301s] DEBUG:colcon.colcon_installed_package_information.package_discovery:Found 287 installed packages in /opt/ros/jazzy
[0.303s] Level 1:colcon.colcon_core.package_discovery:discover_packages(prefix_path) using defaults
[0.350s] Level 5:colcon.colcon_core.verb:set package 'my_first_interfaces' build argument 'cmake_args' from command line to 'None'
[0.350s] Level 5:colcon.colcon_core.verb:set package 'my_first_interfaces' build argument 'cmake_target' from command line to 'None'
[0.350s] Level 5:colcon.colcon_core.verb:set package 'my_first_interfaces' build argument 'cmake_target_skip_unavailable' from command line to 'False'
[0.350s] Level 5:colcon.colcon_core.verb:set package 'my_first_interfaces' build argument 'cmake_clean_cache' from command line to 'False'
[0.350s] Level 5:colcon.colcon_core.verb:set package 'my_first_interfaces' build argument 'cmake_clean_first' from command line to 'False'
[0.350s] Level 5:colcon.colcon_core.verb:set package 'my_first_interfaces' build argument 'cmake_force_configure' from command line to 'False'
[0.350s] Level 5:colcon.colcon_core.verb:set package 'my_first_interfaces' build argument 'ament_cmake_args' from command line to 'None'
[0.350s] Level 5:colcon.colcon_core.verb:set package 'my_first_interfaces' build argument 'catkin_cmake_args' from command line to 'None'
[0.350s] Level 5:colcon.colcon_core.verb:set package 'my_first_interfaces' build argument 'catkin_skip_building_tests' from command line to 'False'
[0.350s] DEBUG:colcon.colcon_core.verb:Building package 'my_first_interfaces' with the following arguments: {'ament_cmake_args': None, 'build_base': '/home/relvixx/ros2_jazzy/build/my_first_interfaces', 'catkin_cmake_args': None, 'catkin_skip_building_tests': False, 'cmake_args': None, 'cmake_clean_cache': False, 'cmake_clean_first': False, 'cmake_force_configure': False, 'cmake_target': None, 'cmake_target_skip_unavailable': False, 'install_base': '/home/relvixx/ros2_jazzy/install/my_first_interfaces', 'merge_install': False, 'path': '/home/relvixx/ros2_jazzy/src/my_first_interfaces', 'symlink_install': True, 'test_result_base': None}
[0.351s] Level 5:colcon.colcon_core.verb:set package 'my_first_pkg' build argument 'cmake_args' from command line to 'None'
[0.351s] Level 5:colcon.colcon_core.verb:set package 'my_first_pkg' build argument 'cmake_target' from command line to 'None'
[0.351s] Level 5:colcon.colcon_core.verb:set package 'my_first_pkg' build argument 'cmake_target_skip_unavailable' from command line to 'False'
[0.351s] Level 5:colcon.colcon_core.verb:set package 'my_first_pkg' build argument 'cmake_clean_cache' from command line to 'False'
[0.351s] Level 5:colcon.colcon_core.verb:set package 'my_first_pkg' build argument 'cmake_clean_first' from command line to 'False'
[0.351s] Level 5:colcon.colcon_core.verb:set package 'my_first_pkg' build argument 'cmake_force_configure' from command line to 'False'
[0.351s] Level 5:colcon.colcon_core.verb:set package 'my_first_pkg' build argument 'ament_cmake_args' from command line to 'None'
[0.351s] Level 5:colcon.colcon_core.verb:set package 'my_first_pkg' build argument 'catkin_cmake_args' from command line to 'None'
[0.351s] Level 5:colcon.colcon_core.verb:set package 'my_first_pkg' build argument 'catkin_skip_building_tests' from command line to 'False'
[0.351s] DEBUG:colcon.colcon_core.verb:Building package 'my_first_pkg' with the following arguments: {'ament_cmake_args': None, 'build_base': '/home/relvixx/ros2_jazzy/build/my_first_pkg', 'catkin_cmake_args': None, 'catkin_skip_building_tests': False, 'cmake_args': None, 'cmake_clean_cache': False, 'cmake_clean_first': False, 'cmake_force_configure': False, 'cmake_target': None, 'cmake_target_skip_unavailable': False, 'install_base': '/home/relvixx/ros2_jazzy/install/my_first_pkg', 'merge_install': False, 'path': '/home/relvixx/ros2_jazzy/src/my_first_pkg', 'symlink_install': True, 'test_result_base': None}
[0.351s] INFO:colcon.colcon_core.executor:Executing jobs using 'parallel' executor
[0.352s] DEBUG:colcon.colcon_parallel_executor.executor.parallel:run_until_complete
[0.352s] INFO:colcon.colcon_ros.task.ament_cmake.build:Building ROS package in '/home/relvixx/ros2_jazzy/src/my_first_interfaces' with build type 'ament_cmake'
[0.352s] INFO:colcon.colcon_cmake.task.cmake.build:Building CMake package in '/home/relvixx/ros2_jazzy/src/my_first_interfaces'
[0.357s] INFO:colcon.colcon_core.plugin_system:Skipping extension 'colcon_core.shell.bat': Not used on non-Windows systems
[0.357s] INFO:colcon.colcon_core.shell:Skip shell extension 'powershell' for command environment: Not usable outside of PowerShell
[0.357s] DEBUG:colcon.colcon_core.shell:Skip shell extension 'dsv' for command environment
[0.366s] DEBUG:colcon.colcon_core.event_handler.log_command:Invoking command in '/home/relvixx/ros2_jazzy/build/my_first_interfaces': CMAKE_PREFIX_PATH=${CMAKE_PREFIX_PATH}:/home/relvixx/ros2_jazzy/install/my_first_pkg:/opt/ros/jazzy DEBUGINFOD_URLS=https://debuginfod.ubuntu.com /usr/bin/cmake /home/relvixx/ros2_jazzy/src/my_first_interfaces -DAMENT_CMAKE_SYMLINK_INSTALL=1 -DCMAKE_INSTALL_PREFIX=/home/relvixx/ros2_jazzy/install/my_first_interfaces
[1.564s] DEBUG:colcon.colcon_core.event_handler.log_command:Invoked command in '/home/relvixx/ros2_jazzy/build/my_first_interfaces' returned '0': CMAKE_PREFIX_PATH=${CMAKE_PREFIX_PATH}:/home/relvixx/ros2_jazzy/install/my_first_pkg:/opt/ros/jazzy DEBUGINFOD_URLS=https://debuginfod.ubuntu.com /usr/bin/cmake /home/relvixx/ros2_jazzy/src/my_first_interfaces -DAMENT_CMAKE_SYMLINK_INSTALL=1 -DCMAKE_INSTALL_PREFIX=/home/relvixx/ros2_jazzy/install/my_first_interfaces
[1.565s] DEBUG:colcon.colcon_core.event_handler.log_command:Invoking command in '/home/relvixx/ros2_jazzy/build/my_first_interfaces': CMAKE_PREFIX_PATH=${CMAKE_PREFIX_PATH}:/home/relvixx/ros2_jazzy/install/my_first_pkg:/opt/ros/jazzy DEBUGINFOD_URLS=https://debuginfod.ubuntu.com /usr/bin/cmake --build /home/relvixx/ros2_jazzy/build/my_first_interfaces -- -j12 -l12
[1.905s] DEBUG:colcon.colcon_core.event_handler.log_command:Invoked command in '/home/relvixx/ros2_jazzy/build/my_first_interfaces' returned '0': CMAKE_PREFIX_PATH=${CMAKE_PREFIX_PATH}:/home/relvixx/ros2_jazzy/install/my_first_pkg:/opt/ros/jazzy DEBUGINFOD_URLS=https://debuginfod.ubuntu.com /usr/bin/cmake --build /home/relvixx/ros2_jazzy/build/my_first_interfaces -- -j12 -l12
[1.915s] DEBUG:colcon.colcon_core.event_handler.log_command:Invoking command in '/home/relvixx/ros2_jazzy/build/my_first_interfaces': CMAKE_PREFIX_PATH=${CMAKE_PREFIX_PATH}:/home/relvixx/ros2_jazzy/install/my_first_pkg:/opt/ros/jazzy DEBUGINFOD_URLS=https://debuginfod.ubuntu.com /usr/bin/cmake --install /home/relvixx/ros2_jazzy/build/my_first_interfaces
[1.999s] Level 1:colcon.colcon_core.environment:create_environment_scripts_only(my_first_interfaces)
[2.000s] DEBUG:colcon.colcon_core.event_handler.log_command:Invoked command in '/home/relvixx/ros2_jazzy/build/my_first_interfaces' returned '0': CMAKE_PREFIX_PATH=${CMAKE_PREFIX_PATH}:/home/relvixx/ros2_jazzy/install/my_first_pkg:/opt/ros/jazzy DEBUGINFOD_URLS=https://debuginfod.ubuntu.com /usr/bin/cmake --install /home/relvixx/ros2_jazzy/build/my_first_interfaces
[2.005s] Level 1:colcon.colcon_core.environment:checking '/home/relvixx/ros2_jazzy/install/my_first_interfaces' for CMake module files
[2.005s] Level 1:colcon.colcon_core.environment:checking '/home/relvixx/ros2_jazzy/install/my_first_interfaces' for CMake config files
[2.006s] Level 1:colcon.colcon_core.shell:create_environment_hook('my_first_interfaces', 'cmake_prefix_path')
[2.006s] INFO:colcon.colcon_core.shell:Creating environment hook '/home/relvixx/ros2_jazzy/install/my_first_interfaces/share/my_first_interfaces/hook/cmake_prefix_path.ps1'
[2.007s] INFO:colcon.colcon_core.shell:Creating environment descriptor '/home/relvixx/ros2_jazzy/install/my_first_interfaces/share/my_first_interfaces/hook/cmake_prefix_path.dsv'
[2.008s] INFO:colcon.colcon_core.shell:Creating environment hook '/home/relvixx/ros2_jazzy/install/my_first_interfaces/share/my_first_interfaces/hook/cmake_prefix_path.sh'
[2.009s] Level 1:colcon.colcon_core.environment:checking '/home/relvixx/ros2_jazzy/install/my_first_interfaces/lib'
[2.009s] Level 1:colcon.colcon_core.shell:create_environment_hook('my_first_interfaces', 'ld_library_path_lib')
[2.009s] INFO:colcon.colcon_core.shell:Creating environment hook '/home/relvixx/ros2_jazzy/install/my_first_interfaces/share/my_first_interfaces/hook/ld_library_path_lib.ps1'
[2.010s] INFO:colcon.colcon_core.shell:Creating environment descriptor '/home/relvixx/ros2_jazzy/install/my_first_interfaces/share/my_first_interfaces/hook/ld_library_path_lib.dsv'
[2.010s] INFO:colcon.colcon_core.shell:Creating environment hook '/home/relvixx/ros2_jazzy/install/my_first_interfaces/share/my_first_interfaces/hook/ld_library_path_lib.sh'
[2.011s] Level 1:colcon.colcon_core.environment:checking '/home/relvixx/ros2_jazzy/install/my_first_interfaces/bin'
[2.011s] Level 1:colcon.colcon_core.environment:checking '/home/relvixx/ros2_jazzy/install/my_first_interfaces/lib/pkgconfig/my_first_interfaces.pc'
[2.011s] Level 1:colcon.colcon_core.environment:checking '/home/relvixx/ros2_jazzy/install/my_first_interfaces/lib/python3.12/site-packages'
[2.011s] Level 1:colcon.colcon_core.shell:create_environment_hook('my_first_interfaces', 'pythonpath')
[2.011s] INFO:colcon.colcon_core.shell:Creating environment hook '/home/relvixx/ros2_jazzy/install/my_first_interfaces/share/my_first_interfaces/hook/pythonpath.ps1'
[2.012s] INFO:colcon.colcon_core.shell:Creating environment descriptor '/home/relvixx/ros2_jazzy/install/my_first_interfaces/share/my_first_interfaces/hook/pythonpath.dsv'
[2.012s] INFO:colcon.colcon_core.shell:Creating environment hook '/home/relvixx/ros2_jazzy/install/my_first_interfaces/share/my_first_interfaces/hook/pythonpath.sh'
[2.012s] Level 1:colcon.colcon_core.environment:checking '/home/relvixx/ros2_jazzy/install/my_first_interfaces/bin'
[2.012s] INFO:colcon.colcon_core.shell:Creating package script '/home/relvixx/ros2_jazzy/install/my_first_interfaces/share/my_first_interfaces/package.ps1'
[2.013s] INFO:colcon.colcon_core.shell:Creating package descriptor '/home/relvixx/ros2_jazzy/install/my_first_interfaces/share/my_first_interfaces/package.dsv'
[2.014s] INFO:colcon.colcon_core.shell:Creating package script '/home/relvixx/ros2_jazzy/install/my_first_interfaces/share/my_first_interfaces/package.sh'
[2.015s] INFO:colcon.colcon_core.shell:Creating package script '/home/relvixx/ros2_jazzy/install/my_first_interfaces/share/my_first_interfaces/package.bash'
[2.016s] INFO:colcon.colcon_core.shell:Creating package script '/home/relvixx/ros2_jazzy/install/my_first_interfaces/share/my_first_interfaces/package.zsh'
[2.016s] Level 1:colcon.colcon_core.environment:create_file_with_runtime_dependencies(/home/relvixx/ros2_jazzy/install/my_first_interfaces/share/colcon-core/packages/my_first_interfaces)
[2.017s] Level 1:colcon.colcon_core.environment:create_environment_scripts_only(my_first_interfaces)
[2.017s] Level 1:colcon.colcon_core.environment:checking '/home/relvixx/ros2_jazzy/install/my_first_interfaces' for CMake module files
[2.018s] Level 1:colcon.colcon_core.environment:checking '/home/relvixx/ros2_jazzy/install/my_first_interfaces' for CMake config files
[2.018s] Level 1:colcon.colcon_core.shell:create_environment_hook('my_first_interfaces', 'cmake_prefix_path')
[2.018s] INFO:colcon.colcon_core.shell:Creating environment hook '/home/relvixx/ros2_jazzy/install/my_first_interfaces/share/my_first_interfaces/hook/cmake_prefix_path.ps1'
[2.019s] INFO:colcon.colcon_core.shell:Creating environment descriptor '/home/relvixx/ros2_jazzy/install/my_first_interfaces/share/my_first_interfaces/hook/cmake_prefix_path.dsv'
[2.019s] INFO:colcon.colcon_core.shell:Creating environment hook '/home/relvixx/ros2_jazzy/install/my_first_interfaces/share/my_first_interfaces/hook/cmake_prefix_path.sh'
[2.019s] Level 1:colcon.colcon_core.environment:checking '/home/relvixx/ros2_jazzy/install/my_first_interfaces/lib'
[2.019s] Level 1:colcon.colcon_core.shell:create_environment_hook('my_first_interfaces', 'ld_library_path_lib')
[2.020s] INFO:colcon.colcon_core.shell:Creating environment hook '/home/relvixx/ros2_jazzy/install/my_first_interfaces/share/my_first_interfaces/hook/ld_library_path_lib.ps1'
[2.020s] INFO:colcon.colcon_core.shell:Creating environment descriptor '/home/relvixx/ros2_jazzy/install/my_first_interfaces/share/my_first_interfaces/hook/ld_library_path_lib.dsv'
[2.020s] INFO:colcon.colcon_core.shell:Creating environment hook '/home/relvixx/ros2_jazzy/install/my_first_interfaces/share/my_first_interfaces/hook/ld_library_path_lib.sh'
[2.020s] Level 1:colcon.colcon_core.environment:checking '/home/relvixx/ros2_jazzy/install/my_first_interfaces/bin'
[2.021s] Level 1:colcon.colcon_core.environment:checking '/home/relvixx/ros2_jazzy/install/my_first_interfaces/lib/pkgconfig/my_first_interfaces.pc'
[2.021s] Level 1:colcon.colcon_core.environment:checking '/home/relvixx/ros2_jazzy/install/my_first_interfaces/lib/python3.12/site-packages'
[2.021s] Level 1:colcon.colcon_core.shell:create_environment_hook('my_first_interfaces', 'pythonpath')
[2.021s] INFO:colcon.colcon_core.shell:Creating environment hook '/home/relvixx/ros2_jazzy/install/my_first_interfaces/share/my_first_interfaces/hook/pythonpath.ps1'
[2.021s] INFO:colcon.colcon_core.shell:Creating environment descriptor '/home/relvixx/ros2_jazzy/install/my_first_interfaces/share/my_first_interfaces/hook/pythonpath.dsv'
[2.022s] INFO:colcon.colcon_core.shell:Creating environment hook '/home/relvixx/ros2_jazzy/install/my_first_interfaces/share/my_first_interfaces/hook/pythonpath.sh'
[2.022s] Level 1:colcon.colcon_core.environment:checking '/home/relvixx/ros2_jazzy/install/my_first_interfaces/bin'
[2.022s] INFO:colcon.colcon_core.shell:Creating package script '/home/relvixx/ros2_jazzy/install/my_first_interfaces/share/my_first_interfaces/package.ps1'
[2.023s] INFO:colcon.colcon_core.shell:Creating package descriptor '/home/relvixx/ros2_jazzy/install/my_first_interfaces/share/my_first_interfaces/package.dsv'
[2.023s] INFO:colcon.colcon_core.shell:Creating package script '/home/relvixx/ros2_jazzy/install/my_first_interfaces/share/my_first_interfaces/package.sh'
[2.023s] INFO:colcon.colcon_core.shell:Creating package script '/home/relvixx/ros2_jazzy/install/my_first_interfaces/share/my_first_interfaces/package.bash'
[2.024s] INFO:colcon.colcon_core.shell:Creating package script '/home/relvixx/ros2_jazzy/install/my_first_interfaces/share/my_first_interfaces/package.zsh'
[2.024s] Level 1:colcon.colcon_core.environment:create_file_with_runtime_dependencies(/home/relvixx/ros2_jazzy/install/my_first_interfaces/share/colcon-core/packages/my_first_interfaces)
[2.024s] INFO:colcon.colcon_ros.task.ament_python.build:Building ROS package in '/home/relvixx/ros2_jazzy/src/my_first_pkg' with build type 'ament_python'
[2.024s] Level 1:colcon.colcon_core.shell:create_environment_hook('my_first_pkg', 'ament_prefix_path')
[2.024s] INFO:colcon.colcon_core.shell:Creating environment hook '/home/relvixx/ros2_jazzy/install/my_first_pkg/share/my_first_pkg/hook/ament_prefix_path.ps1'
[2.025s] INFO:colcon.colcon_core.shell:Creating environment descriptor '/home/relvixx/ros2_jazzy/install/my_first_pkg/share/my_first_pkg/hook/ament_prefix_path.dsv'
[2.025s] INFO:colcon.colcon_core.shell:Creating environment hook '/home/relvixx/ros2_jazzy/install/my_first_pkg/share/my_first_pkg/hook/ament_prefix_path.sh'
[2.026s] INFO:colcon.colcon_core.shell:Skip shell extension 'powershell' for command environment: Not usable outside of PowerShell
[2.026s] DEBUG:colcon.colcon_core.shell:Skip shell extension 'dsv' for command environment
[2.216s] INFO:colcon.colcon_core.task.python.build:Building Python package in '/home/relvixx/ros2_jazzy/src/my_first_pkg'
[2.216s] INFO:colcon.colcon_core.shell:Skip shell extension 'powershell' for command environment: Not usable outside of PowerShell
[2.216s] DEBUG:colcon.colcon_core.shell:Skip shell extension 'dsv' for command environment
[2.794s] DEBUG:colcon.colcon_core.task.python.build:Available setuptools commands: install, check, build_scripts, install_scripts, install_lib, develop, test, sdist, egg_info, build_py, compile_catalog, bdist_wheel, bdist_dumb, alias, easy_install, saveopts, bdist_rpm, editable_wheel, extract_messages, bdist_egg, update_catalog, install_data, build_clib, rotate, setopt, register, install_headers, clean, upload_docs, symlink_data, bdist, build_ext, init_catalog, build, upload, dist_info, install_egg_info
[3.051s] DEBUG:colcon.colcon_core.task.python.build:Available setuptools 'develop' options: --user, --no-user-cfg, --prefix, --allow-hosts, --script-dir, --egg-path, --index-url, --install-layout, --zip-ok, --optimize, --version, --install-dir, --verbose, --force-installation-into-system-dir, --uninstall, --record, --always-unzip, --editable, --quiet, --local-snapshots-ok, --find-links, --help, --exclude-scripts, --dry-run, --multi-version, --upgrade, --no-deps, --build-directory, --site-dirs, --no-find-links, --always-copy
[3.059s] DEBUG:colcon.colcon_core.task.python.build:While undoing a previous installation files outside the Python library path are being ignored: /home/relvixx/ros2_jazzy/install/my_first_pkg/share/ament_index/resource_index/packages/my_first_pkg
[3.059s] DEBUG:colcon.colcon_core.task.python.build:While undoing a previous installation files outside the Python library path are being ignored: /home/relvixx/ros2_jazzy/install/my_first_pkg/share/my_first_pkg/package.xml
[3.059s] DEBUG:colcon.colcon_core.task.python.build:While undoing a previous installation files outside the Python library path are being ignored: /home/relvixx/ros2_jazzy/install/my_first_pkg/lib/my_first_pkg/add_two_ints_client
[3.059s] DEBUG:colcon.colcon_core.task.python.build:While undoing a previous installation files outside the Python library path are being ignored: /home/relvixx/ros2_jazzy/install/my_first_pkg/lib/my_first_pkg/add_two_ints_server
[3.059s] DEBUG:colcon.colcon_core.task.python.build:While undoing a previous installation files outside the Python library path are being ignored: /home/relvixx/ros2_jazzy/install/my_first_pkg/lib/my_first_pkg/fibonacci_action_client
[3.059s] DEBUG:colcon.colcon_core.task.python.build:While undoing a previous installation files outside the Python library path are being ignored: /home/relvixx/ros2_jazzy/install/my_first_pkg/lib/my_first_pkg/fibonacci_action_server
[3.059s] DEBUG:colcon.colcon_core.task.python.build:While undoing a previous installation files outside the Python library path are being ignored: /home/relvixx/ros2_jazzy/install/my_first_pkg/lib/my_first_pkg/publisher_node
[3.059s] DEBUG:colcon.colcon_core.task.python.build:While undoing a previous installation files outside the Python library path are being ignored: /home/relvixx/ros2_jazzy/install/my_first_pkg/lib/my_first_pkg/simple_node
[3.059s] DEBUG:colcon.colcon_core.task.python.build:While undoing a previous installation files outside the Python library path are being ignored: /home/relvixx/ros2_jazzy/install/my_first_pkg/lib/my_first_pkg/subscriber_node
[3.061s] DEBUG:colcon.colcon_core.event_handler.log_command:Invoking command in '/home/relvixx/ros2_jazzy/build/my_first_pkg': DEBUGINFOD_URLS=https://debuginfod.ubuntu.com PYTHONPATH=/home/relvixx/ros2_jazzy/build/my_first_pkg/prefix_override:/usr/lib/python3/dist-packages/colcon_core/task/python/colcon_distutils_commands:/home/relvixx/ros2_jazzy/install/my_first_pkg/lib/python3.12/site-packages:/home/relvixx/ros2_jazzy/install/my_first_interfaces/lib/python3.12/site-packages:/home/relvixx/ros2_jazzy/install/my_first_pkg/lib/python3.12/site-packages:/opt/ros/jazzy/lib/python3.12/site-packages /usr/bin/python3 -W ignore:setup.py install is deprecated -W ignore:easy_install command is deprecated setup.py develop --editable --build-directory /home/relvixx/ros2_jazzy/build/my_first_pkg/build --no-deps symlink_data --force
[3.590s] Level 1:colcon.colcon_core.shell:create_environment_hook('my_first_pkg', 'pythonpath_develop')
[3.591s] INFO:colcon.colcon_core.shell:Creating environment hook '/home/relvixx/ros2_jazzy/build/my_first_pkg/share/my_first_pkg/hook/pythonpath_develop.ps1'
[3.591s] DEBUG:colcon.colcon_core.event_handler.log_command:Invoked command in '/home/relvixx/ros2_jazzy/build/my_first_pkg' returned '0': DEBUGINFOD_URLS=https://debuginfod.ubuntu.com PYTHONPATH=/home/relvixx/ros2_jazzy/build/my_first_pkg/prefix_override:/usr/lib/python3/dist-packages/colcon_core/task/python/colcon_distutils_commands:/home/relvixx/ros2_jazzy/install/my_first_pkg/lib/python3.12/site-packages:/home/relvixx/ros2_jazzy/install/my_first_interfaces/lib/python3.12/site-packages:/home/relvixx/ros2_jazzy/install/my_first_pkg/lib/python3.12/site-packages:/opt/ros/jazzy/lib/python3.12/site-packages /usr/bin/python3 -W ignore:setup.py install is deprecated -W ignore:easy_install command is deprecated setup.py develop --editable --build-directory /home/relvixx/ros2_jazzy/build/my_first_pkg/build --no-deps symlink_data --force
[3.592s] INFO:colcon.colcon_core.shell:Creating environment descriptor '/home/relvixx/ros2_jazzy/build/my_first_pkg/share/my_first_pkg/hook/pythonpath_develop.dsv'
[3.592s] INFO:colcon.colcon_core.shell:Creating environment hook '/home/relvixx/ros2_jazzy/build/my_first_pkg/share/my_first_pkg/hook/pythonpath_develop.sh'
[3.592s] Level 1:colcon.colcon_core.environment:checking '/home/relvixx/ros2_jazzy/install/my_first_pkg' for CMake module files
[3.593s] Level 1:colcon.colcon_core.environment:checking '/home/relvixx/ros2_jazzy/install/my_first_pkg' for CMake config files
[3.593s] Level 1:colcon.colcon_core.environment:checking '/home/relvixx/ros2_jazzy/install/my_first_pkg/lib'
[3.593s] Level 1:colcon.colcon_core.environment:checking '/home/relvixx/ros2_jazzy/install/my_first_pkg/bin'
[3.593s] Level 1:colcon.colcon_core.environment:checking '/home/relvixx/ros2_jazzy/install/my_first_pkg/lib/pkgconfig/my_first_pkg.pc'
[3.593s] Level 1:colcon.colcon_core.environment:checking '/home/relvixx/ros2_jazzy/install/my_first_pkg/lib/python3.12/site-packages'
[3.593s] Level 1:colcon.colcon_core.shell:create_environment_hook('my_first_pkg', 'pythonpath')
[3.594s] INFO:colcon.colcon_core.shell:Creating environment hook '/home/relvixx/ros2_jazzy/install/my_first_pkg/share/my_first_pkg/hook/pythonpath.ps1'
[3.594s] INFO:colcon.colcon_core.shell:Creating environment descriptor '/home/relvixx/ros2_jazzy/install/my_first_pkg/share/my_first_pkg/hook/pythonpath.dsv'
[3.594s] INFO:colcon.colcon_core.shell:Creating environment hook '/home/relvixx/ros2_jazzy/install/my_first_pkg/share/my_first_pkg/hook/pythonpath.sh'
[3.594s] Level 1:colcon.colcon_core.environment:checking '/home/relvixx/ros2_jazzy/install/my_first_pkg/bin'
[3.595s] Level 1:colcon.colcon_core.environment:create_environment_scripts_only(my_first_pkg)
[3.595s] INFO:colcon.colcon_core.shell:Creating package script '/home/relvixx/ros2_jazzy/install/my_first_pkg/share/my_first_pkg/package.ps1'
[3.595s] INFO:colcon.colcon_core.shell:Creating package descriptor '/home/relvixx/ros2_jazzy/install/my_first_pkg/share/my_first_pkg/package.dsv'
[3.595s] INFO:colcon.colcon_core.shell:Creating package script '/home/relvixx/ros2_jazzy/install/my_first_pkg/share/my_first_pkg/package.sh'
[3.596s] INFO:colcon.colcon_core.shell:Creating package script '/home/relvixx/ros2_jazzy/install/my_first_pkg/share/my_first_pkg/package.bash'
[3.596s] INFO:colcon.colcon_core.shell:Creating package script '/home/relvixx/ros2_jazzy/install/my_first_pkg/share/my_first_pkg/package.zsh'
[3.596s] Level 1:colcon.colcon_core.environment:create_file_with_runtime_dependencies(/home/relvixx/ros2_jazzy/install/my_first_pkg/share/colcon-core/packages/my_first_pkg)
[3.597s] DEBUG:colcon.colcon_parallel_executor.executor.parallel:closing loop
[3.597s] DEBUG:colcon.colcon_parallel_executor.executor.parallel:loop closed
[3.597s] DEBUG:colcon.colcon_parallel_executor.executor.parallel:run_until_complete finished with '0'
[3.597s] DEBUG:colcon.colcon_core.event_reactor:joining thread
[3.602s] INFO:colcon.colcon_core.plugin_system:Skipping extension 'colcon_notification.desktop_notification.terminal_notifier': Not used on non-Darwin systems
[3.602s] INFO:colcon.colcon_core.plugin_system:Skipping extension 'colcon_notification.desktop_notification.win32': Not used on non-Windows systems
[3.602s] INFO:colcon.colcon_notification.desktop_notification:Sending desktop notification using 'notify2'
[3.620s] DEBUG:colcon.colcon_core.event_reactor:joined thread
[3.621s] INFO:colcon.colcon_core.shell:Creating prefix script '/home/relvixx/ros2_jazzy/install/local_setup.ps1'
[3.621s] INFO:colcon.colcon_core.shell:Creating prefix util module '/home/relvixx/ros2_jazzy/install/_local_setup_util_ps1.py'
[3.622s] INFO:colcon.colcon_core.shell:Creating prefix chain script '/home/relvixx/ros2_jazzy/install/setup.ps1'
[3.623s] INFO:colcon.colcon_core.shell:Creating prefix script '/home/relvixx/ros2_jazzy/install/local_setup.sh'
[3.624s] INFO:colcon.colcon_core.shell:Creating prefix util module '/home/relvixx/ros2_jazzy/install/_local_setup_util_sh.py'
[3.624s] INFO:colcon.colcon_core.shell:Creating prefix chain script '/home/relvixx/ros2_jazzy/install/setup.sh'
[3.625s] INFO:colcon.colcon_core.shell:Creating prefix script '/home/relvixx/ros2_jazzy/install/local_setup.bash'
[3.626s] INFO:colcon.colcon_core.shell:Creating prefix chain script '/home/relvixx/ros2_jazzy/install/setup.bash'
[3.627s] INFO:colcon.colcon_core.shell:Creating prefix script '/home/relvixx/ros2_jazzy/install/local_setup.zsh'
[3.627s] INFO:colcon.colcon_core.shell:Creating prefix chain script '/home/relvixx/ros2_jazzy/install/setup.zsh'
