[1.533s] Invoking command in '/home/relvixx/ros2_jazzy/src/my_first_pkg': DEBUGINFOD_URLS=https://debuginfod.ubuntu.com PYTHONPATH=/home/relvixx/ros2_jazzy/build/my_first_pkg/prefix_override:/usr/lib/python3/dist-packages/colcon_core/task/python/colcon_distutils_commands:/home/relvixx/ros2_jazzy/install/my_first_pkg/lib/python3.12/site-packages:${PYTHONPATH} /usr/bin/python3 -W ignore:setup.py install is deprecated -W ignore:easy_install command is deprecated setup.py egg_info --egg-base ../../build/my_first_pkg build --build-base /home/relvixx/ros2_jazzy/build/my_first_pkg/build install --record /home/relvixx/ros2_jazzy/build/my_first_pkg/install.log --install-scripts $base/lib/my_first_pkg --single-version-externally-managed install_data
[1.749s] running egg_info
[1.749s] creating ../../build/my_first_pkg/my_first_pkg.egg-info
[1.764s] writing ../../build/my_first_pkg/my_first_pkg.egg-info/PKG-INFO
[1.764s] writing dependency_links to ../../build/my_first_pkg/my_first_pkg.egg-info/dependency_links.txt
[1.764s] writing entry points to ../../build/my_first_pkg/my_first_pkg.egg-info/entry_points.txt
[1.764s] writing requirements to ../../build/my_first_pkg/my_first_pkg.egg-info/requires.txt
[1.764s] writing top-level names to ../../build/my_first_pkg/my_first_pkg.egg-info/top_level.txt
[1.765s] writing manifest file '../../build/my_first_pkg/my_first_pkg.egg-info/SOURCES.txt'
[1.795s] reading manifest file '../../build/my_first_pkg/my_first_pkg.egg-info/SOURCES.txt'
[1.796s] writing manifest file '../../build/my_first_pkg/my_first_pkg.egg-info/SOURCES.txt'
[1.797s] running build
[1.797s] running build_py
[1.797s] creating /home/relvixx/ros2_jazzy/build/my_first_pkg/build
[1.797s] creating /home/relvixx/ros2_jazzy/build/my_first_pkg/build/lib
[1.797s] creating /home/relvixx/ros2_jazzy/build/my_first_pkg/build/lib/my_first_pkg
[1.797s] copying my_first_pkg/simple_node.py -> /home/relvixx/ros2_jazzy/build/my_first_pkg/build/lib/my_first_pkg
[1.797s] copying my_first_pkg/subscriber_node.py -> /home/relvixx/ros2_jazzy/build/my_first_pkg/build/lib/my_first_pkg
[1.797s] copying my_first_pkg/publisher_node.py -> /home/relvixx/ros2_jazzy/build/my_first_pkg/build/lib/my_first_pkg
[1.797s] copying my_first_pkg/add_two_ints_server.py -> /home/relvixx/ros2_jazzy/build/my_first_pkg/build/lib/my_first_pkg
[1.797s] copying my_first_pkg/__init__.py -> /home/relvixx/ros2_jazzy/build/my_first_pkg/build/lib/my_first_pkg
[1.797s] copying my_first_pkg/add_two_ints_client.py -> /home/relvixx/ros2_jazzy/build/my_first_pkg/build/lib/my_first_pkg
[1.797s] running install
[1.802s] running install_lib
[1.818s] creating /home/relvixx/ros2_jazzy/install/my_first_pkg/lib/python3.12/site-packages/my_first_pkg
[1.818s] copying /home/relvixx/ros2_jazzy/build/my_first_pkg/build/lib/my_first_pkg/simple_node.py -> /home/relvixx/ros2_jazzy/install/my_first_pkg/lib/python3.12/site-packages/my_first_pkg
[1.818s] copying /home/relvixx/ros2_jazzy/build/my_first_pkg/build/lib/my_first_pkg/subscriber_node.py -> /home/relvixx/ros2_jazzy/install/my_first_pkg/lib/python3.12/site-packages/my_first_pkg
[1.818s] copying /home/relvixx/ros2_jazzy/build/my_first_pkg/build/lib/my_first_pkg/publisher_node.py -> /home/relvixx/ros2_jazzy/install/my_first_pkg/lib/python3.12/site-packages/my_first_pkg
[1.819s] copying /home/relvixx/ros2_jazzy/build/my_first_pkg/build/lib/my_first_pkg/add_two_ints_server.py -> /home/relvixx/ros2_jazzy/install/my_first_pkg/lib/python3.12/site-packages/my_first_pkg
[1.819s] copying /home/relvixx/ros2_jazzy/build/my_first_pkg/build/lib/my_first_pkg/__init__.py -> /home/relvixx/ros2_jazzy/install/my_first_pkg/lib/python3.12/site-packages/my_first_pkg
[1.819s] copying /home/relvixx/ros2_jazzy/build/my_first_pkg/build/lib/my_first_pkg/add_two_ints_client.py -> /home/relvixx/ros2_jazzy/install/my_first_pkg/lib/python3.12/site-packages/my_first_pkg
[1.819s] byte-compiling /home/relvixx/ros2_jazzy/install/my_first_pkg/lib/python3.12/site-packages/my_first_pkg/simple_node.py to simple_node.cpython-312.pyc
[1.819s] byte-compiling /home/relvixx/ros2_jazzy/install/my_first_pkg/lib/python3.12/site-packages/my_first_pkg/subscriber_node.py to subscriber_node.cpython-312.pyc
[1.820s] byte-compiling /home/relvixx/ros2_jazzy/install/my_first_pkg/lib/python3.12/site-packages/my_first_pkg/publisher_node.py to publisher_node.cpython-312.pyc
[1.820s] byte-compiling /home/relvixx/ros2_jazzy/install/my_first_pkg/lib/python3.12/site-packages/my_first_pkg/add_two_ints_server.py to add_two_ints_server.cpython-312.pyc
[1.820s] byte-compiling /home/relvixx/ros2_jazzy/install/my_first_pkg/lib/python3.12/site-packages/my_first_pkg/__init__.py to __init__.cpython-312.pyc
[1.821s] byte-compiling /home/relvixx/ros2_jazzy/install/my_first_pkg/lib/python3.12/site-packages/my_first_pkg/add_two_ints_client.py to add_two_ints_client.cpython-312.pyc
[1.821s] running install_data
[1.821s] creating /home/relvixx/ros2_jazzy/install/my_first_pkg/share/ament_index
[1.821s] creating /home/relvixx/ros2_jazzy/install/my_first_pkg/share/ament_index/resource_index
[1.821s] creating /home/relvixx/ros2_jazzy/install/my_first_pkg/share/ament_index/resource_index/packages
[1.821s] copying resource/my_first_pkg -> /home/relvixx/ros2_jazzy/install/my_first_pkg/share/ament_index/resource_index/packages
[1.821s] copying package.xml -> /home/relvixx/ros2_jazzy/install/my_first_pkg/share/my_first_pkg
[1.821s] running install_egg_info
[1.840s] Copying ../../build/my_first_pkg/my_first_pkg.egg-info to /home/relvixx/ros2_jazzy/install/my_first_pkg/lib/python3.12/site-packages/my_first_pkg-0.0.0-py3.12.egg-info
[1.841s] running install_scripts
[1.950s] Installing add_two_ints_client script to /home/relvixx/ros2_jazzy/install/my_first_pkg/lib/my_first_pkg
[1.951s] Installing add_two_ints_server script to /home/relvixx/ros2_jazzy/install/my_first_pkg/lib/my_first_pkg
[1.951s] Installing publisher_node script to /home/relvixx/ros2_jazzy/install/my_first_pkg/lib/my_first_pkg
[1.951s] Installing simple_node script to /home/relvixx/ros2_jazzy/install/my_first_pkg/lib/my_first_pkg
[1.951s] Installing subscriber_node script to /home/relvixx/ros2_jazzy/install/my_first_pkg/lib/my_first_pkg
[1.951s] writing list of installed files to '/home/relvixx/ros2_jazzy/build/my_first_pkg/install.log'
[1.980s] Invoked command in '/home/relvixx/ros2_jazzy/src/my_first_pkg' returned '0': DEBUGINFOD_URLS=https://debuginfod.ubuntu.com PYTHONPATH=/home/relvixx/ros2_jazzy/build/my_first_pkg/prefix_override:/usr/lib/python3/dist-packages/colcon_core/task/python/colcon_distutils_commands:/home/relvixx/ros2_jazzy/install/my_first_pkg/lib/python3.12/site-packages:${PYTHONPATH} /usr/bin/python3 -W ignore:setup.py install is deprecated -W ignore:easy_install command is deprecated setup.py egg_info --egg-base ../../build/my_first_pkg build --build-base /home/relvixx/ros2_jazzy/build/my_first_pkg/build install --record /home/relvixx/ros2_jazzy/build/my_first_pkg/install.log --install-scripts $base/lib/my_first_pkg --single-version-externally-managed install_data
